12-31 21:42:29.130  3194  3240 E BufferQueueProducer: [tv.cloudwalker.cwnxt.launcher.com/tv.cloudwalker.cwnxt.launcher.VerticalGridActivity#0] disconnect: not connected (req=1)
12-31 21:42:29.131  4111  4261 W libEGL  : EGLNativeWindowType 0x88efb008 disconnect failed
12-31 21:42:29.141  4111  4201 W FlurryAgent: Flurry session paused for context:tv.cloudwalker.cwnxt.launcher.VerticalGridActivity@4feb10b
12-31 21:42:29.759  3264  3264 W wificond: No handler for scan result notification from interface with index: 9
12-31 21:42:29.759  3960  3960 D wpa_supplicant: nl80211: Ignored event (cmd=34) for foreign interface (ifindex 9 wdev 0x0)
12-31 21:42:29.760  3960  3960 D wpa_supplicant: nl80211: Drv Event 34 (NL80211_CMD_NEW_SCAN_RESULTS) received for p2p0
12-31 21:42:29.760  3960  3960 D wpa_supplicant: p2p0: nl80211: New scan results available
12-31 21:42:29.760  3960  3960 D wpa_supplicant: nl80211: Scan probed for SSID 'DIRECT-'
12-31 21:42:29.760  3960  3960 D wpa_supplicant: nl80211: Scan included frequencies: 2412 2417 2422 2427 2432 2437 2442 2447 2452 2457 2462 2467 2472 2484
12-31 21:42:29.760  3960  3960 D wpa_supplicant: p2p0: Event SCAN_RESULTS (3) received
12-31 21:42:29.760  3960  3960 D wpa_supplicant: p2p0: Scan completed in 0.973696 seconds
12-31 21:42:29.760  3960  3960 D wpa_supplicant: nl80211: Received scan results (31 BSSes)
12-31 21:42:29.761  3960  3960 D wpa_supplicant: p2p0: BSS: Start scan result update 254
12-31 21:42:29.761  3960  3960 D wpa_supplicant: p2p0: BSS: Add new id 368 BSSID 20:6b:e7:59:5c:a4 SSID 'czh' freq 2437
12-31 21:42:29.761  3960  3960 D wpa_supplicant: BSS: last_scan_res_used=30/64
12-31 21:42:29.761  3960  3960 D wpa_supplicant: p2p0: Radio work 'p2p-scan'@0xa950d540 done in 0.976518 seconds
12-31 21:42:29.761  3960  3960 D wpa_supplicant: p2p0: radio_work_free('p2p-scan'@0xa950d540: num_active_works --> 0
12-31 21:42:29.761  3960  3960 D wpa_supplicant: P2P: Scan results received (31 BSS)
12-31 21:42:29.761  3960  3960 D wpa_supplicant: P2P: Ignore scan data without P2P Device Info or P2P Device Id
12-31 21:42:29.761  3960  3960 I chatty  : uid=1010(wifi) /vendor/bin/hw/wpa_supplicant identical 1 line
12-31 21:42:29.761  3960  3960 D wpa_supplicant: P2P: Ignore scan data without P2P Device Info or P2P Device Id
12-31 21:42:29.761  3960  3960 D wpa_supplicant: P2P: Ignore old scan result for dc:fe:18:54:a8:dd (rx_time=756.862411 find_start=758.097780)
12-31 21:42:29.761  3960  3960 D wpa_supplicant: P2P: Ignore scan data without P2P Device Info or P2P Device Id
12-31 21:42:29.761  3960  3960 D wpa_supplicant: P2P: Ignore old scan result for 54:a7:03:df:56:b3 (rx_time=757.162411 find_start=758.097780)
12-31 21:42:29.761  3960  3960 D wpa_supplicant: P2P: Ignore scan data without P2P Device Info or P2P Device Id
12-31 21:42:29.761  3960  3960 D wpa_supplicant: P2P: Ignore scan data without P2P Device Info or P2P Device Id
12-31 21:42:29.761  3960  3960 D wpa_supplicant: P2P: Ignore old scan result for 20:6b:e7:59:5c:d2 (rx_time=753.846411 find_start=758.097780)
12-31 21:42:29.761  3960  3960 D wpa_supplicant: P2P: Ignore scan data without P2P Device Info or P2P Device Id
12-31 21:42:29.761  3960  3960 D wpa_supplicant: P2P: Ignore scan data without P2P Device Info or P2P Device Id
12-31 21:42:29.761  3960  3960 D wpa_supplicant: P2P: Ignore old scan result for b8:f8:83:6a:84:9d (rx_time=753.506411 find_start=758.097780)
12-31 21:42:29.761  3960  3960 D wpa_supplicant: P2P: Ignore scan data without P2P Device Info or P2P Device Id
12-31 21:42:29.761  3960  3960 D wpa_supplicant: P2P: Ignore scan data without P2P Device Info or P2P Device Id
12-31 21:42:29.761  3960  3960 D wpa_supplicant: P2P: Parsing WPS IE
12-31 21:42:29.761  3960  3960 D wpa_supplicant: P2P: Config Methods (WPS): 0x680
12-31 21:42:29.761  3960  3960 D wpa_supplicant: P2P: Ignore scan data without P2P Device Info or P2P Device Id
12-31 21:42:29.762  3960  3960 D wpa_supplicant: P2P: Ignore old scan result for 20:76:93:4b:ba:a2 (rx_time=756.494411 find_start=758.097780)
12-31 21:42:29.762  3960  3960 D wpa_supplicant: P2P: Parsing WPS IE
12-31 21:42:29.762  3960  3960 D wpa_supplicant: P2P: Config Methods (WPS): 0x210c
12-31 21:42:29.762  3960  3960 D wpa_supplicant: P2P: Primary Device Type (WPS): 6-0050F204-1
12-31 21:42:29.762  3960  3960 D wpa_supplicant: P2P: Ignore scan data without P2P Device Info or P2P Device Id
12-31 21:42:29.762  3960  3960 D wpa_supplicant: P2P: Ignore scan data without P2P Device Info or P2P Device Id
12-31 21:42:29.762  3960  3960 D wpa_supplicant: P2P: Parsing WPS IE
12-31 21:42:29.762  3960  3960 D wpa_supplicant: P2P: Config Methods (WPS): 0x210c
12-31 21:42:29.762  3960  3960 D wpa_supplicant: P2P: Primary Device Type (WPS): 6-0050F204-1
12-31 21:42:29.762  3960  3960 D wpa_supplicant: P2P: Ignore scan data without P2P Device Info or P2P Device Id
12-31 21:42:29.762  3960  3960 D wpa_supplicant: P2P: Ignore scan data without P2P Device Info or P2P Device Id
12-31 21:42:29.762  3960  3960 D wpa_supplicant: P2P: Ignore old scan result for a4:56:02:b3:e9:eb (rx_time=756.562411 find_start=758.097780)
12-31 21:42:29.762  3960  3960 D wpa_supplicant: P2P: Ignore old scan result for 3c:37:86:b3:eb:70 (rx_time=757.262411 find_start=758.097780)
12-31 21:42:29.762  3960  3960 D wpa_supplicant: P2P: Parsing WPS IE
12-31 21:42:29.762  3960  3960 D wpa_supplicant: P2P: Config Methods (WPS): 0x0
12-31 21:42:29.762  3960  3960 D wpa_supplicant: P2P: Primary Device Type (WPS): 7-0050F200-0
12-31 21:42:29.762  3960  3960 D wpa_supplicant: P2P: Parsing P2P IE
12-31 21:42:29.762  3960  3960 D wpa_supplicant: P2P: Attribute 2 length 2
12-31 21:42:29.762  3960  3960 D wpa_supplicant: P2P: * Device Capability 25 Group Capability 8b
12-31 21:42:29.762  3960  3960 D wpa_supplicant: P2P: Attribute 13 length 35
12-31 21:42:29.762  3960  3960 D wpa_supplicant: P2P: * Device Info: addr 34:f6:4b:6b:90:0f primary device type 7-0050F200-0 device name 'SY-ITPC-000356' config methods 0x80
12-31 21:42:29.762  3960  3960 D wpa_supplicant: P2P: Update peer 34:f6:4b:6b:90:0f config_methods 0x0 -> 0x80
12-31 21:42:29.762  3960  3960 D wpa_supplicant: P2P: Peer found with Listen frequency 2412 MHz (rx_time=758.114411)
12-31 21:42:29.762  3960  3960 I wpa_supplicant: P2P-DEVICE-FOUND 36:f6:4b:6b:90:0e p2p_dev_addr=34:f6:4b:6b:90:0f pri_dev_type=7-0050F200-0 name='SY-ITPC-000356' config_methods=0x80 dev_capab=0x25 group_capab=0x8b wfd_dev_info=0x00111c440006 new=1
12-31 21:42:29.762  3960  3960 D wpa_supplicant: Notifying P2P device found to hidl control 34:f6:4b:6b:90:0f
12-31 21:42:29.763  3960  3960 D wpa_supplicant: P2P: Ignore scan data without P2P Device Info or P2P Device Id
12-31 21:42:29.763  3960  3960 D wpa_supplicant: P2P: Ignore scan data without P2P Device Info or P2P Device Id
12-31 21:42:29.764  3960  3960 D wpa_supplicant: P2P: Ignore old scan result for 02:e1:8c:dd:e4:bf (rx_time=753.470411 find_start=758.097780)
12-31 21:42:29.764  3960  3960 D wpa_supplicant: P2P: Ignore scan data without P2P Device Info or P2P Device Id
12-31 21:42:29.764  3960  3960 D wpa_supplicant: P2P: Ignore scan data without P2P Device Info or P2P Device Id
12-31 21:42:29.764  3960  3960 D wpa_supplicant: P2P: Ignore old scan result for b4:75:0e:f9:6b:e5 (rx_time=756.862411 find_start=758.097780)
12-31 21:42:29.764  3960  3960 D wpa_supplicant: P2P: Parsing WPS IE
12-31 21:42:29.764  3960  3960 D wpa_supplicant: P2P: Config Methods (WPS): 0x188
12-31 21:42:29.764  3960  3960 D wpa_supplicant: P2P: Primary Device Type (WPS): 10-0050F204-5
12-31 21:42:29.764  3960  3960 D wpa_supplicant: P2P: Parsing P2P IE
12-31 21:42:29.764  3960  3960 D wpa_supplicant: P2P: Attribute 2 length 2
12-31 21:42:29.764  3960  3960 D wpa_supplicant: P2P: * Device Capability 21 Group Capability 00
12-31 21:42:29.764  3960  3960 D wpa_supplicant: P2P: Attribute 13 length 46
12-31 21:42:29.764  3960  3960 D wpa_supplicant: P2P: * Device Info: addr b6:ad:a3:45:7e:c5 primary device type 10-0050F204-5 device name 'i-Cast(b6:ad:a3:45:7e:c5)' config methods 0x188
12-31 21:42:29.764  3960  3960 D wpa_supplicant: P2P: Update peer b6:ad:a3:45:7e:c5 config_methods 0x0 -> 0x188
12-31 21:42:29.764  3960  3960 D wpa_supplicant: P2P: Peer found with Listen frequency 2412 MHz (rx_time=758.122411)
12-31 21:42:29.764  3960  3960 I wpa_supplicant: P2P-DEVICE-FOUND b6:ad:a3:45:7e:c5 p2p_dev_addr=b6:ad:a3:45:7e:c5 pri_dev_type=10-0050F204-5 name='i-Cast(b6:ad:a3:45:7e:c5)' config_methods=0x188 dev_capab=0x21 group_capab=0x0 wfd_dev_info=0x01111c440041 new=1
12-31 21:42:29.764  3960  3960 D wpa_supplicant: Notifying P2P device found to hidl control b6:ad:a3:45:7e:c5
12-31 21:42:29.764  3960  3960 D wpa_supplicant: P2P: Ignore old scan result for 9c:9d:7e:36:04:15 (rx_time=757.054411 find_start=758.097780)
12-31 21:42:29.764  3960  3960 D wpa_supplicant: P2P: State SEARCH -> SEARCH
12-31 21:42:29.764  3960  3960 D wpa_supplicant: P2P: Starting short listen state (state=SEARCH)
12-31 21:42:29.764  3469  3503 V WifiNative: Received iface link up/down notification on an invalid iface=p2p0
12-31 21:42:29.765  3469  3503 I EthernetTracker: interfaceLinkStateChanged, iface: p2p0, up: false
12-31 21:42:29.765  3960  3960 D wpa_supplicant: WPS:  * Version (hardcoded 0x10)
12-31 21:42:29.765  3960  3960 D wpa_supplicant: WPS:  * UUID-E
12-31 21:42:29.765  3960  3960 D wpa_supplicant: WPS:  * Version2 (0x20)
12-31 21:42:29.765  3960  3960 D wpa_supplicant: P2P: * P2P IE header
12-31 21:42:29.765  3960  3960 D wpa_supplicant: P2P: * Capability dev=21 group=00
12-31 21:42:29.765  3960  3960 D wpa_supplicant: P2P: * Device Info
12-31 21:42:29.765  3960  3960 D wpa_supplicant: p2p0: Add radio work 'p2p-listen'@0xa950d660
12-31 21:42:29.765  3960  3960 D wpa_supplicant: p2p0: First radio work item in the queue - schedule start immediately
12-31 21:42:29.765  3469  3589 D SupplicantP2pIfaceCallback: Device discovered on p2p0: Device: SY-ITPC-000356
12-31 21:42:29.765  3469  3589 D SupplicantP2pIfaceCallback:  deviceAddress: 34:f6:4b:6b:90:0f
12-31 21:42:29.765  3469  3589 D SupplicantP2pIfaceCallback:  primary type: 7-0050F200-0
12-31 21:42:29.765  3469  3589 D SupplicantP2pIfaceCallback:  secondary type: null
12-31 21:42:29.765  3469  3589 D SupplicantP2pIfaceCallback:  wps: 128
12-31 21:42:29.765  3469  3589 D SupplicantP2pIfaceCallback:  grpcapab: 139
12-31 21:42:29.765  3469  3589 D SupplicantP2pIfaceCallback:  devcapab: 37
12-31 21:42:29.765  3469  3589 D SupplicantP2pIfaceCallback:  status: 3
12-31 21:42:29.765  3469  3589 D SupplicantP2pIfaceCallback:  wfdInfo: WFD enabled: trueWFD DeviceInfo: 17
12-31 21:42:29.765  3469  3589 D SupplicantP2pIfaceCallback:  WFD CtrlPort: 7236
12-31 21:42:29.765  3469  3589 D SupplicantP2pIfaceCallback:  WFD MaxThroughput: 6
12-31 21:42:29.765  3960  3960 D wpa_supplicant: wlan0: Updating scan results from sibling
12-31 21:42:29.766  3960  3960 D wpa_supplicant: nl80211: Received scan results (31 BSSes)
12-31 21:42:29.766  3960  3960 D wpa_supplicant: wlan0: BSS: Start scan result update 254
12-31 21:42:29.766  3960  3960 D wpa_supplicant: wlan0: BSS: Add new id 367 BSSID 20:6b:e7:59:5c:a4 SSID 'czh' freq 2437
12-31 21:42:29.766  3960  3960 D wpa_supplicant: BSS: last_scan_res_used=30/64
12-31 21:42:29.766  3469  3589 D SupplicantP2pIfaceCallback: Device discovered on p2p0: Device: i-Cast(b6:ad:a3:45:7e:c5)
12-31 21:42:29.766  3469  3589 D SupplicantP2pIfaceCallback:  deviceAddress: b6:ad:a3:45:7e:c5
12-31 21:42:29.766  3469  3589 D SupplicantP2pIfaceCallback:  primary type: 10-0050F204-5
12-31 21:42:29.766  3469  3589 D SupplicantP2pIfaceCallback:  secondary type: null
12-31 21:42:29.766  3469  3589 D SupplicantP2pIfaceCallback:  wps: 392
12-31 21:42:29.766  3469  3589 D SupplicantP2pIfaceCallback:  grpcapab: 0
12-31 21:42:29.766  3469  3589 D SupplicantP2pIfaceCallback:  devcapab: 33
12-31 21:42:29.766  3469  3589 D SupplicantP2pIfaceCallback:  status: 3
12-31 21:42:29.766  3469  3589 D SupplicantP2pIfaceCallback:  wfdInfo: WFD enabled: trueWFD DeviceInfo: 273
12-31 21:42:29.766  3469  3589 D SupplicantP2pIfaceCallback:  WFD CtrlPort: 7236
12-31 21:42:29.766  3469  3589 D SupplicantP2pIfaceCallback:  WFD MaxThroughput: 65
12-31 21:42:29.766  3960  3960 D wpa_supplicant: p2p0: Starting radio work 'p2p-listen'@0xa950d660 after 0.001743 second wait
12-31 21:42:29.767  3960  3960 D wpa_supplicant: wpa_driver_set_ap_wps_p2p_ie: Entry
12-31 21:42:29.767  3960  3960 D wpa_supplicant: wpa_driver_nl80211_driver_cmd SET_AP_WPS_P2P_IE 2 len = 0, 19
12-31 21:42:29.767  3960  3960 D wpa_supplicant: nl80211: Enable Probe Request reporting nl_preq=0xa951aa48
12-31 21:42:29.767  3960  3960 D wpa_supplicant: nl80211: Register frame type=0x40 (WLAN_FC_STYPE_PROBE_REQ) nl_handle=0xa951aa48 match=
12-31 21:42:29.769  5120  5120 D amlWifiDirect: onReceive action:android.net.wifi.p2p.PEERS_CHANGED
12-31 21:42:29.769  5120  5120 D amlWifiDirect: requestPeers!!!!
12-31 21:42:29.770  5120  5120 D amlWifiDirect: P2P peers changed
12-31 21:42:29.771  3960  3960 D wpa_supplicant: nl80211: Remain-on-channel cookie 0x6 for freq=2412 MHz duration=204
12-31 21:42:29.771  3960  3960 D wpa_supplicant: RTM_NEWLINK: ifi_index=9 ifname=p2p0 wext ifi_family=0 ifi_flags=0x1003 ([UP])
12-31 21:42:29.771  5120  5120 D amlWifiDirect: onReceive action:android.net.wifi.p2p.PEERS_CHANGED
12-31 21:42:29.771  5120  5120 D amlWifiDirect: requestPeers!!!!
12-31 21:42:29.772  3960  3960 D wpa_supplicant: nl80211: Ignored event (cmd=55) for foreign interface (ifindex 9 wdev 0x0)
12-31 21:42:29.772  3960  3960 D wpa_supplicant: nl80211: Drv Event 55 (NL80211_CMD_REMAIN_ON_CHANNEL) received for p2p0
12-31 21:42:29.772  3960  3960 D wpa_supplicant: nl80211: Remain-on-channel event (cancel=0 freq=2412 channel_type=0 duration=204 cookie=0x6 (match))
12-31 21:42:29.772  3960  3960 D wpa_supplicant: p2p0: Event REMAIN_ON_CHANNEL (19) received
12-31 21:42:29.772  5120  5120 D amlWifiDirect: P2P peers changed
12-31 21:42:29.772  3960  3960 D wpa_supplicant: Off-channel: Send Action callback (without_roc=0 pending_action_tx=0x0 pending_action_tx_done=0)
12-31 21:42:29.772  3960  3960 D wpa_supplicant: P2P: remain-on-channel callback (off_channel_freq=2412 pending_listen_freq=2412 roc_waiting_drv_freq=0 freq=2412 duration=204)
12-31 21:42:29.772  3960  3960 D wpa_supplicant: P2P: Starting Listen timeout(0,204800) on freq=2412 based on callback
12-31 21:42:29.772  3960  3960 D wpa_supplicant: P2P: Set timeout (state=SEARCH): 0.224800 sec
12-31 21:42:29.772  3469  3576 D WifiHandler.WifiP2pService: handleMessage Received message=139283d sendingUid=1000
12-31 21:42:29.773  3469  3576 D WifiHandler.WifiP2pService: handleMessage Received message=139283d sendingUid=1000
12-31 21:42:29.774  3469  3576 D WifiAsyncChannel.WifiP2pService: replyToMessage replyToMessage recvdMessage=139283 sendingUid=1000 sentMessage=139284
12-31 21:42:29.775  3469  3576 D WifiAsyncChannel.WifiP2pService: replyToMessage replyToMessage recvdMessage=139283 sendingUid=1000 sentMessage=139284
12-31 21:42:29.775  5120  5120 D amlWifiDirect: ===onPeersAvailable===
12-31 21:42:29.776  5120  5120 D amlWifiDirect: peerDevice:SY-ITPC-000356, status:3 (0-CONNECTED,3-AVAILABLE)
12-31 21:42:29.776  5120  5120 D amlWifiDirect: peerDevice:i-Cast(b6:ad:a3:45:7e:c5), status:3 (0-CONNECTED,3-AVAILABLE)
12-31 21:42:29.776  5120  5120 D amlWifiDirect: ===onPeersAvailable===
12-31 21:42:29.778  5120  5120 D amlWifiDirect: ===onPeersAvailable===
12-31 21:42:29.778  5120  5120 D amlWifiDirect: peerDevice:SY-ITPC-000356, status:3 (0-CONNECTED,3-AVAILABLE)
12-31 21:42:29.778  5120  5120 D amlWifiDirect: peerDevice:i-Cast(b6:ad:a3:45:7e:c5), status:3 (0-CONNECTED,3-AVAILABLE)
12-31 21:42:29.778  5120  5120 D amlWifiDirect: ===onPeersAvailable===
12-31 21:42:29.997  3960  3960 D wpa_supplicant: P2P: Timeout (state=SEARCH)
12-31 21:42:29.998  3960  3960 D wpa_supplicant: P2P: Driver is still in listen state - stop it
12-31 21:42:29.998  3960  3960 D wpa_supplicant: nl80211: Cancel remain-on-channel with cookie 0x6
12-31 21:42:29.998  3960  3960 D wpa_supplicant: wpa_driver_set_ap_wps_p2p_ie: Entry
12-31 21:42:29.998  3960  3960 D wpa_supplicant: nl80211: Disable Probe Request reporting nl_preq=0x21d922c1
12-31 21:42:29.999  3960  3960 D wpa_supplicant: p2p0: Radio work 'p2p-listen'@0xa950d660 done in 0.232172 seconds
12-31 21:42:29.999  3960  3960 D wpa_supplicant: p2p0: radio_work_free('p2p-listen'@0xa950d660: num_active_works --> 0
12-31 21:42:29.999  3960  3960 D wpa_supplicant: P2P: Driver is still in Listen state - wait for it to end before continuing
12-31 21:42:29.999  3960  3960 D wpa_supplicant: nl80211: Ignored event (cmd=56) for foreign interface (ifindex 9 wdev 0x0)
12-31 21:42:29.999  3960  3960 D wpa_supplicant: nl80211: Drv Event 56 (NL80211_CMD_CANCEL_REMAIN_ON_CHANNEL) received for p2p0
12-31 21:42:29.999  3960  3960 D wpa_supplicant: nl80211: Remain-on-channel event (cancel=1 freq=2412 channel_type=0 duration=0 cookie=0x6 (match))
12-31 21:42:29.999  3960  3960 D wpa_supplicant: p2p0: Event CANCEL_REMAIN_ON_CHANNEL (20) received
12-31 21:42:29.999  3960  3960 D wpa_supplicant: P2P: Cancel remain-on-channel callback (p2p_long_listen=0 ms pending_action_tx=0x0)
12-31 21:42:29.999  3960  3960 D wpa_supplicant: P2P: Driver ended Listen state (freq=2412)
12-31 21:42:29.999  3960  3960 D wpa_supplicant: wpa_driver_set_ap_wps_p2p_ie: Entry
12-31 21:42:29.999  3960  3960 D wpa_supplicant: P2P: Starting search
12-31 21:42:29.999  3960  3960 D wpa_supplicant: WPS: Building WPS IE for Probe Request
12-31 21:42:29.999  3960  3960 D wpa_supplicant: WPS:  * Version (hardcoded 0x10)
12-31 21:42:29.999  3960  3960 D wpa_supplicant: WPS:  * Request Type
12-31 21:42:29.999  3960  3960 D wpa_supplicant: WPS:  * Config Methods (4388)
12-31 21:42:29.999  3960  3960 D wpa_supplicant: WPS:  * UUID-E
12-31 21:42:29.999  3960  3960 D wpa_supplicant: WPS:  * Primary Device Type
12-31 21:42:29.999  3960  3960 D wpa_supplicant: WPS:  * RF Bands (1)
12-31 21:42:30.000  3960  3960 D wpa_supplicant: WPS:  * Association State
12-31 21:42:30.000  3960  3960 D wpa_supplicant: WPS:  * Configuration Error (0)
12-31 21:42:30.000  3960  3960 D wpa_supplicant: WPS:  * Device Password ID (0)
12-31 21:42:30.000  3960  3960 D wpa_supplicant: WPS:  * Manufacturer
12-31 21:42:30.000  3960  3960 D wpa_supplicant: WPS:  * Model Name
12-31 21:42:30.000  3960  3960 D wpa_supplicant: WPS:  * Model Number
12-31 21:42:30.000  3960  3960 D wpa_supplicant: WPS:  * Device Name
12-31 21:42:30.000  3960  3960 D wpa_supplicant: WPS:  * Version2 (0x20)
12-31 21:42:30.000  3960  3960 D wpa_supplicant: WPS:  * Request to Enroll (1)
12-31 21:42:30.000  3960  3960 D wpa_supplicant: P2P: * P2P IE header
12-31 21:42:30.000  3960  3960 D wpa_supplicant: P2P: * Capability dev=21 group=00
12-31 21:42:30.000  3960  3960 D wpa_supplicant: P2P: * Listen Channel: Regulatory Class 81 Channel 1
12-31 21:42:30.000  3960  3960 D wpa_supplicant: p2p0: Add radio work 'p2p-scan'@0xa950d660
12-31 21:42:30.000  3960  3960 D wpa_supplicant: p2p0: First radio work item in the queue - schedule start immediately
12-31 21:42:30.000  3960  3960 D wpa_supplicant: p2p0: Starting radio work 'p2p-scan'@0xa950d660 after 0.000149 second wait
12-31 21:42:30.000  3960  3960 D wpa_supplicant: p2p0: nl80211: scan request
12-31 21:42:30.000  3960  3960 D wpa_supplicant: nl80211: P2P probe - mask SuppRates
12-31 21:42:30.001  3960  3960 D wpa_supplicant: Scan requested (ret=0) - scan timeout 30 seconds
12-31 21:42:30.001  3960  3960 D wpa_supplicant: P2P: Running p2p_scan
12-31 21:42:30.002  3960  3960 D wpa_supplicant: nl80211: Ignored event (cmd=33) for foreign interface (ifindex 9 wdev 0x0)
12-31 21:42:30.002  3960  3960 D wpa_supplicant: nl80211: Drv Event 33 (NL80211_CMD_TRIGGER_SCAN) received for p2p0
12-31 21:42:30.002  3960  3960 D wpa_supplicant: p2p0: nl80211: Scan trigger
12-31 21:42:30.002  3960  3960 D wpa_supplicant: p2p0: Event SCAN_STARTED (46) received
12-31 21:42:30.002  3960  3960 D wpa_supplicant: p2p0: Own scan request started a scan in 0.000316 seconds
12-31 21:42:30.121  3469  3575 D WifiHandler.WifiScanningService: handleMessage Received message=159765d sendingUid=1000
12-31 21:42:30.122  3469  3575 D WifiScanningService: replySucceeded replySucceeded recvdMessage=159765
12-31 21:42:30.141  3264  3264 E wificond: NL80211_CMD_TRIGGER_SCAN failed: Device or resource busy
12-31 21:42:30.141  3469  3575 E WificondScannerImpl: Failed to start scan, freqs=null
12-31 21:42:30.146  3469  3575 D WifiAsyncChannel.WifiScanningService: sendMessage sendMessage message=159762
12-31 21:42:30.195  3264  3264 W wificond: No handler for scan result notification from interface with index: 9
12-31 21:42:30.195  3960  3960 D wpa_supplicant: RTM_NEWLINK: ifi_index=9 ifname=p2p0 wext ifi_family=0 ifi_flags=0x1003 ([UP])
12-31 21:42:30.196  3960  3960 D wpa_supplicant: nl80211: Ignored event (cmd=34) for foreign interface (ifindex 9 wdev 0x0)
12-31 21:42:30.196  3960  3960 D wpa_supplicant: nl80211: Drv Event 34 (NL80211_CMD_NEW_SCAN_RESULTS) received for p2p0
12-31 21:42:30.196  3960  3960 D wpa_supplicant: p2p0: nl80211: New scan results available
12-31 21:42:30.196  3960  3960 D wpa_supplicant: nl80211: Scan probed for SSID 'DIRECT-'
12-31 21:42:30.196  3960  3960 D wpa_supplicant: nl80211: Scan included frequencies: 2412 2437 2462
12-31 21:42:30.196  3960  3960 D wpa_supplicant: p2p0: Event SCAN_RESULTS (3) received
12-31 21:42:30.196  3960  3960 D wpa_supplicant: p2p0: Scan completed in 0.194039 seconds
12-31 21:42:30.197  3469  3503 V WifiNative: Received iface link up/down notification on an invalid iface=p2p0
12-31 21:42:30.197  3469  3503 I EthernetTracker: interfaceLinkStateChanged, iface: p2p0, up: false
12-31 21:42:30.199  3960  3960 D wpa_supplicant: nl80211: Received scan results (33 BSSes)
12-31 21:42:30.199  3960  3960 D wpa_supplicant: p2p0: BSS: Start scan result update 255
12-31 21:42:30.199  3960  3960 D wpa_supplicant: p2p0: BSS: Add new id 369 BSSID 64:6e:97:36:14:e4 SSID 'TP-LINK_lz' freq 2437
12-31 21:42:30.199  3960  3960 D wpa_supplicant: BSS: last_scan_res_used=31/64
12-31 21:42:30.200  3960  3960 D wpa_supplicant: p2p0: Radio work 'p2p-scan'@0xa950d660 done in 0.199432 seconds
12-31 21:42:30.200  3960  3960 D wpa_supplicant: p2p0: radio_work_free('p2p-scan'@0xa950d660: num_active_works --> 0
12-31 21:42:30.200  3960  3960 D wpa_supplicant: P2P: Scan results received (33 BSS)
12-31 21:42:30.200  3960  3960 D wpa_supplicant: P2P: Ignore scan data without P2P Device Info or P2P Device Id
12-31 21:42:30.200  3960  3960 I chatty  : uid=1010(wifi) /vendor/bin/hw/wpa_supplicant identical 3 lines
12-31 21:42:30.200  3960  3960 D wpa_supplicant: P2P: Ignore scan data without P2P Device Info or P2P Device Id
12-31 21:42:30.200  3960  3960 D wpa_supplicant: P2P: Ignore old scan result for 54:a7:03:df:56:b3 (rx_time=757.164876 find_start=758.097780)
12-31 21:42:30.200  3960  3960 D wpa_supplicant: P2P: Ignore scan data without P2P Device Info or P2P Device Id
12-31 21:42:30.200  3960  3960 I chatty  : uid=1010(wifi) /vendor/bin/hw/wpa_supplicant identical 3 lines
12-31 21:42:30.200  3960  3960 D wpa_supplicant: P2P: Ignore scan data without P2P Device Info or P2P Device Id
12-31 21:42:30.200  3960  3960 D wpa_supplicant: P2P: Ignore old scan result for b8:f8:83:6a:84:9d (rx_time=753.508876 find_start=758.097780)
12-31 21:42:30.200  3960  3960 D wpa_supplicant: P2P: Ignore scan data without P2P Device Info or P2P Device Id
12-31 21:42:30.200  3960  3960 D wpa_supplicant: P2P: Ignore scan data without P2P Device Info or P2P Device Id
12-31 21:42:30.200  3960  3960 D wpa_supplicant: P2P: Parsing WPS IE
12-31 21:42:30.200  3960  3960 D wpa_supplicant: P2P: Config Methods (WPS): 0x210c
12-31 21:42:30.200  3960  3960 D wpa_supplicant: P2P: Primary Device Type (WPS): 6-0050F204-1
12-31 21:42:30.200  3960  3960 D wpa_supplicant: P2P: Ignore scan data without P2P Device Info or P2P Device Id
12-31 21:42:30.200  3960  3960 D wpa_supplicant: P2P: Ignore scan data without P2P Device Info or P2P Device Id
12-31 21:42:30.200  3960  3960 D wpa_supplicant: P2P: Parsing WPS IE
12-31 21:42:30.200  3960  3960 D wpa_supplicant: P2P: Config Methods (WPS): 0x680
12-31 21:42:30.201  3960  3960 D wpa_supplicant: P2P: Ignore scan data without P2P Device Info or P2P Device Id
12-31 21:42:30.201  3960  3960 D wpa_supplicant: P2P: Parsing WPS IE
12-31 21:42:30.201  3960  3960 D wpa_supplicant: P2P: Config Methods (WPS): 0x210c
12-31 21:42:30.201  3960  3960 D wpa_supplicant: P2P: Primary Device Type (WPS): 6-0050F204-1
12-31 21:42:30.201  3960  3960 D wpa_supplicant: P2P: Ignore scan data without P2P Device Info or P2P Device Id
12-31 21:42:30.201  3960  3960 I chatty  : uid=1010(wifi) /vendor/bin/hw/wpa_supplicant identical 1 line
12-31 21:42:30.201  3960  3960 D wpa_supplicant: P2P: Ignore scan data without P2P Device Info or P2P Device Id
12-31 21:42:30.201  3960  3960 D wpa_supplicant: P2P: Ignore old scan result for a4:56:02:b3:e9:eb (rx_time=756.564876 find_start=758.097780)
12-31 21:42:30.201  3960  3960 D wpa_supplicant: P2P: Parsing WPS IE
12-31 21:42:30.201  3960  3960 D wpa_supplicant: P2P: Config Methods (WPS): 0x0
12-31 21:42:30.201  3960  3960 D wpa_supplicant: P2P: Primary Device Type (WPS): 7-0050F200-0
12-31 21:42:30.201  3960  3960 D wpa_supplicant: P2P: Parsing P2P IE
12-31 21:42:30.201  3960  3960 D wpa_supplicant: P2P: Attribute 2 length 2
12-31 21:42:30.201  3960  3960 D wpa_supplicant: P2P: * Device Capability 25 Group Capability 8b
12-31 21:42:30.201  3960  3960 D wpa_supplicant: P2P: Attribute 13 length 35
12-31 21:42:30.201  3960  3960 D wpa_supplicant: P2P: * Device Info: addr 34:f6:4b:6b:90:0f primary device type 7-0050F200-0 device name 'SY-ITPC-000356' config methods 0x80
12-31 21:42:30.201  3960  3960 D wpa_supplicant: P2P: Ignore old scan result for 3c:37:86:b3:eb:70 (rx_time=757.264876 find_start=758.097780)
12-31 21:42:30.201  3960  3960 D wpa_supplicant: P2P: Ignore scan data without P2P Device Info or P2P Device Id
12-31 21:42:30.201  3960  3960 D wpa_supplicant: P2P: Ignore scan data without P2P Device Info or P2P Device Id
12-31 21:42:30.201  3960  3960 D wpa_supplicant: P2P: Ignore old scan result for 02:e1:8c:dd:e4:bf (rx_time=753.472876 find_start=758.097780)
12-31 21:42:30.201  3960  3960 D wpa_supplicant: P2P: Ignore scan data without P2P Device Info or P2P Device Id
12-31 21:42:30.201  3960  3960 D wpa_supplicant: P2P: Ignore scan data without P2P Device Info or P2P Device Id
12-31 21:42:30.201  3960  3960 D wpa_supplicant: P2P: Parsing WPS IE
12-31 21:42:30.201  3960  3960 D wpa_supplicant: P2P: Config Methods (WPS): 0x4388
12-31 21:42:30.201  3960  3960 D wpa_supplicant: P2P: Primary Device Type (WPS): 7-0050F204-1
12-31 21:42:30.201  3960  3960 D wpa_supplicant: P2P: Parsing P2P IE
12-31 21:42:30.201  3960  3960 D wpa_supplicant: P2P: Attribute 2 length 2
12-31 21:42:30.201  3960  3960 D wpa_supplicant: P2P: * Device Capability 25 Group Capability 00
12-31 21:42:30.201  3960  3960 D wpa_supplicant: P2P: Attribute 13 length 50
12-31 21:42:30.202  3960  3960 D wpa_supplicant: P2P: * Device Info: addr da:e0:e1:1a:8a:3c primary device type 7-0050F204-1 device name '[BD] Samsung Ultra HD Blu-ray' config methods 0x188
12-31 21:42:30.202  3960  3960 D wpa_supplicant: P2P: Update peer da:e0:e1:1a:8a:3c config_methods 0x0 -> 0x188
12-31 21:42:30.202  3960  3960 D wpa_supplicant: P2P: Peer found with Listen frequency 2412 MHz (rx_time=759.352876)
12-31 21:42:30.202  3960  3960 I wpa_supplicant: P2P-DEVICE-FOUND da:e0:e1:1a:8a:3c p2p_dev_addr=da:e0:e1:1a:8a:3c pri_dev_type=7-0050F204-1 name='[BD] Samsung Ultra HD Blu-ray' config_methods=0x188 dev_capab=0x25 group_capab=0x0 wfd_dev_info=0x01131c440036 vendor_elems=1 new=1
12-31 21:42:30.202  3960  3960 D wpa_supplicant: Notifying P2P device found to hidl control da:e0:e1:1a:8a:3c
12-31 21:42:30.203  3469  3589 D SupplicantP2pIfaceCallback: Device discovered on p2p0: Device: [BD] Samsung Ultra HD Blu-ray
12-31 21:42:30.203  3469  3589 D SupplicantP2pIfaceCallback:  deviceAddress: da:e0:e1:1a:8a:3c
12-31 21:42:30.203  3469  3589 D SupplicantP2pIfaceCallback:  primary type: 7-0050F204-1
12-31 21:42:30.203  3469  3589 D SupplicantP2pIfaceCallback:  secondary type: null
12-31 21:42:30.203  3469  3589 D SupplicantP2pIfaceCallback:  wps: 392
12-31 21:42:30.203  3469  3589 D SupplicantP2pIfaceCallback:  grpcapab: 0
12-31 21:42:30.203  3469  3589 D SupplicantP2pIfaceCallback:  devcapab: 37
12-31 21:42:30.203  3469  3589 D SupplicantP2pIfaceCallback:  status: 3
12-31 21:42:30.203  3469  3589 D SupplicantP2pIfaceCallback:  wfdInfo: WFD enabled: trueWFD DeviceInfo: 275
12-31 21:42:30.203  3469  3589 D SupplicantP2pIfaceCallback:  WFD CtrlPort: 7236
12-31 21:42:30.203  3469  3589 D SupplicantP2pIfaceCallback:  WFD MaxThroughput: 54
12-31 21:42:30.203  3960  3960 D wpa_supplicant: P2P: Parsing WPS IE
12-31 21:42:30.203  3960  3960 D wpa_supplicant: P2P: Config Methods (WPS): 0x188
12-31 21:42:30.203  3960  3960 D wpa_supplicant: P2P: Primary Device Type (WPS): 10-0050F204-5
12-31 21:42:30.203  3960  3960 D wpa_supplicant: P2P: Parsing P2P IE
12-31 21:42:30.204  3960  3960 D wpa_supplicant: P2P: Attribute 2 length 2
12-31 21:42:30.204  3960  3960 D wpa_supplicant: P2P: * Device Capability 21 Group Capability 00
12-31 21:42:30.204  3960  3960 D wpa_supplicant: P2P: Attribute 13 length 46
12-31 21:42:30.204  3960  3960 D wpa_supplicant: P2P: * Device Info: addr b6:ad:a3:45:7e:c5 primary device type 10-0050F204-5 device name 'i-Cast(b6:ad:a3:45:7e:c5)' config methods 0x188
12-31 21:42:30.204  3960  3960 D wpa_supplicant: P2P: Ignore scan data without P2P Device Info or P2P Device Id
12-31 21:42:30.204  3960  3960 D wpa_supplicant: P2P: Ignore old scan result for 9c:9d:7e:36:04:15 (rx_time=757.056876 find_start=758.097780)
12-31 21:42:30.204  3960  3960 D wpa_supplicant: P2P: Ignore scan data without P2P Device Info or P2P Device Id
12-31 21:42:30.204  3960  3960 D wpa_supplicant: P2P: State SEARCH -> SEARCH
12-31 21:42:30.204  3960  3960 D wpa_supplicant: P2P: Starting short listen state (state=SEARCH)
12-31 21:42:30.205  3960  3960 D wpa_supplicant: WPS:  * Version (hardcoded 0x10)
12-31 21:42:30.205  3960  3960 D wpa_supplicant: WPS:  * UUID-E
12-31 21:42:30.205  3960  3960 D wpa_supplicant: WPS:  * Version2 (0x20)
12-31 21:42:30.205  3960  3960 D wpa_supplicant: P2P: * P2P IE header
12-31 21:42:30.205  3960  3960 D wpa_supplicant: P2P: * Capability dev=21 group=00
12-31 21:42:30.205  3960  3960 D wpa_supplicant: P2P: * Device Info
12-31 21:42:30.205  3960  3960 D wpa_supplicant: p2p0: Add radio work 'p2p-listen'@0xa950d660
12-31 21:42:30.205  5120  5120 D amlWifiDirect: onReceive action:android.net.wifi.p2p.PEERS_CHANGED
12-31 21:42:30.205  3960  3960 D wpa_supplicant: p2p0: First radio work item in the queue - schedule start immediately
12-31 21:42:30.205  5120  5120 D amlWifiDirect: requestPeers!!!!
12-31 21:42:30.205  3960  3960 D wpa_supplicant: wlan0: Updating scan results from sibling
12-31 21:42:30.205  5120  5120 D amlWifiDirect: P2P peers changed
12-31 21:42:30.206  3469  3576 D WifiHandler.WifiP2pService: handleMessage Received message=139283d sendingUid=1000
12-31 21:42:30.206  3960  3960 D wpa_supplicant: nl80211: Received scan results (33 BSSes)
12-31 21:42:30.206  3469  3576 D WifiAsyncChannel.WifiP2pService: replyToMessage replyToMessage recvdMessage=139283 sendingUid=1000 sentMessage=139284
12-31 21:42:30.207  3960  3960 D wpa_supplicant: wlan0: BSS: Start scan result update 255
12-31 21:42:30.207  3960  3960 D wpa_supplicant: wlan0: BSS: Add new id 368 BSSID 64:6e:97:36:14:e4 SSID 'TP-LINK_lz' freq 2437
12-31 21:42:30.207  3960  3960 D wpa_supplicant: BSS: last_scan_res_used=31/64
12-31 21:42:30.207  3960  3960 D wpa_supplicant: p2p0: Starting radio work 'p2p-listen'@0xa950d660 after 0.002148 second wait
12-31 21:42:30.207  3960  3960 D wpa_supplicant: wpa_driver_set_ap_wps_p2p_ie: Entry
12-31 21:42:30.207  3960  3960 D wpa_supplicant: wpa_driver_nl80211_driver_cmd SET_AP_WPS_P2P_IE 2 len = 0, 19
12-31 21:42:30.207  3960  3960 D wpa_supplicant: nl80211: Enable Probe Request reporting nl_preq=0xa951aa48
12-31 21:42:30.207  3960  3960 D wpa_supplicant: nl80211: Register frame type=0x40 (WLAN_FC_STYPE_PROBE_REQ) nl_handle=0xa951aa48 match=
12-31 21:42:30.208  5120  5120 D amlWifiDirect: ===onPeersAvailable===
12-31 21:42:30.208  5120  5120 D amlWifiDirect: peerDevice:SY-ITPC-000356, status:3 (0-CONNECTED,3-AVAILABLE)
12-31 21:42:30.208  5120  5120 D amlWifiDirect: peerDevice:[BD] Samsung Ultra HD Blu-ray, status:3 (0-CONNECTED,3-AVAILABLE)
12-31 21:42:30.209  5120  5120 D amlWifiDirect: peerDevice:i-Cast(b6:ad:a3:45:7e:c5), status:3 (0-CONNECTED,3-AVAILABLE)
12-31 21:42:30.209  5120  5120 D amlWifiDirect: ===onPeersAvailable===
12-31 21:42:30.214  3960  3960 D wpa_supplicant: nl80211: Remain-on-channel cookie 0x7 for freq=2412 MHz duration=102
12-31 21:42:30.214  3960  3960 D wpa_supplicant: nl80211: Ignored event (cmd=55) for foreign interface (ifindex 9 wdev 0x0)
12-31 21:42:30.214  3960  3960 D wpa_supplicant: nl80211: Drv Event 55 (NL80211_CMD_REMAIN_ON_CHANNEL) received for p2p0
12-31 21:42:30.214  3960  3960 D wpa_supplicant: nl80211: Remain-on-channel event (cancel=0 freq=2412 channel_type=0 duration=102 cookie=0x7 (match))
12-31 21:42:30.214  3960  3960 D wpa_supplicant: p2p0: Event REMAIN_ON_CHANNEL (19) received
12-31 21:42:30.214  3960  3960 D wpa_supplicant: Off-channel: Send Action callback (without_roc=0 pending_action_tx=0x0 pending_action_tx_done=0)
12-31 21:42:30.214  3960  3960 D wpa_supplicant: P2P: remain-on-channel callback (off_channel_freq=2412 pending_listen_freq=2412 roc_waiting_drv_freq=0 freq=2412 duration=102)
12-31 21:42:30.214  3960  3960 D wpa_supplicant: P2P: Starting Listen timeout(0,102400) on freq=2412 based on callback
12-31 21:42:30.214  3960  3960 D wpa_supplicant: P2P: Set timeout (state=SEARCH): 0.122400 sec
12-31 21:42:30.318  3960  3960 D wpa_supplicant: nl80211: BSS Event 59 (NL80211_CMD_FRAME) received for p2p0
12-31 21:42:30.318  3960  3960 D wpa_supplicant: nl80211: RX frame da=ff:ff:ff:ff:ff:ff sa=b4:ad:a3:22:ea:38 bssid=ff:ff:ff:ff:ff:ff freq=2412 ssi_signal=-90 fc=0x40 seq_ctrl=0x640 stype=4 (WLAN_FC_STYPE_PROBE_REQ) len=70
12-31 21:42:30.318  3960  3960 D wpa_supplicant: p2p0: Event RX_MGMT (18) received
12-31 21:42:30.318  3960  3960 D wpa_supplicant: P2P: Not a P2P probe - ignore it
12-31 21:42:30.335  3960  3960 D wpa_supplicant: nl80211: BSS Event 59 (NL80211_CMD_FRAME) received for p2p0
12-31 21:42:30.335  3960  3960 D wpa_supplicant: nl80211: RX frame da=ff:ff:ff:ff:ff:ff sa=b4:ad:a3:22:ea:38 bssid=ff:ff:ff:ff:ff:ff freq=2412 ssi_signal=-90 fc=0x40 seq_ctrl=0x650 stype=4 (WLAN_FC_STYPE_PROBE_REQ) len=70
12-31 21:42:30.335  3960  3960 D wpa_supplicant: p2p0: Event RX_MGMT (18) received
12-31 21:42:30.335  3960  3960 D wpa_supplicant: P2P: Not a P2P probe - ignore it
12-31 21:42:30.337  3960  3960 D wpa_supplicant: P2P: Timeout (state=SEARCH)
12-31 21:42:30.337  3960  3960 D wpa_supplicant: P2P: Driver is still in listen state - stop it
12-31 21:42:30.337  3960  3960 D wpa_supplicant: nl80211: Cancel remain-on-channel with cookie 0x7
12-31 21:42:30.337  3960  3960 D wpa_supplicant: wpa_driver_set_ap_wps_p2p_ie: Entry
12-31 21:42:30.337  3960  3960 D wpa_supplicant: nl80211: Disable Probe Request reporting nl_preq=0x21d922c1
12-31 21:42:30.338  3960  3960 D wpa_supplicant: p2p0: Radio work 'p2p-listen'@0xa950d660 done in 0.130596 seconds
12-31 21:42:30.338  3960  3960 D wpa_supplicant: p2p0: radio_work_free('p2p-listen'@0xa950d660: num_active_works --> 0
12-31 21:42:30.338  3960  3960 D wpa_supplicant: P2P: Driver is still in Listen state - wait for it to end before continuing
12-31 21:42:30.338  3960  3960 D wpa_supplicant: nl80211: Ignored event (cmd=56) for foreign interface (ifindex 9 wdev 0x0)
12-31 21:42:30.338  3960  3960 D wpa_supplicant: nl80211: Drv Event 56 (NL80211_CMD_CANCEL_REMAIN_ON_CHANNEL) received for p2p0
12-31 21:42:30.338  3960  3960 D wpa_supplicant: nl80211: Remain-on-channel event (cancel=1 freq=2412 channel_type=0 duration=0 cookie=0x7 (match))
12-31 21:42:30.338  3960  3960 D wpa_supplicant: p2p0: Event CANCEL_REMAIN_ON_CHANNEL (20) received
12-31 21:42:30.338  3960  3960 D wpa_supplicant: P2P: Cancel remain-on-channel callback (p2p_long_listen=0 ms pending_action_tx=0x0)
12-31 21:42:30.338  3960  3960 D wpa_supplicant: P2P: Driver ended Listen state (freq=2412)
12-31 21:42:30.338  3960  3960 D wpa_supplicant: wpa_driver_set_ap_wps_p2p_ie: Entry
12-31 21:42:30.338  3960  3960 D wpa_supplicant: P2P: Starting search
12-31 21:42:30.338  3960  3960 D wpa_supplicant: WPS: Building WPS IE for Probe Request
12-31 21:42:30.338  3960  3960 D wpa_supplicant: WPS:  * Version (hardcoded 0x10)
12-31 21:42:30.338  3960  3960 D wpa_supplicant: WPS:  * Request Type
12-31 21:42:30.338  3960  3960 D wpa_supplicant: WPS:  * Config Methods (4388)
12-31 21:42:30.338  3960  3960 D wpa_supplicant: WPS:  * UUID-E
12-31 21:42:30.338  3960  3960 D wpa_supplicant: WPS:  * Primary Device Type
12-31 21:42:30.338  3960  3960 D wpa_supplicant: WPS:  * RF Bands (1)
12-31 21:42:30.338  3960  3960 D wpa_supplicant: WPS:  * Association State
12-31 21:42:30.338  3960  3960 D wpa_supplicant: WPS:  * Configuration Error (0)
12-31 21:42:30.338  3960  3960 D wpa_supplicant: WPS:  * Device Password ID (0)
12-31 21:42:30.338  3960  3960 D wpa_supplicant: WPS:  * Manufacturer
12-31 21:42:30.338  3960  3960 D wpa_supplicant: WPS:  * Model Name
12-31 21:42:30.338  3960  3960 D wpa_supplicant: WPS:  * Model Number
12-31 21:42:30.338  3960  3960 D wpa_supplicant: WPS:  * Device Name
12-31 21:42:30.338  3960  3960 D wpa_supplicant: WPS:  * Version2 (0x20)
12-31 21:42:30.338  3960  3960 D wpa_supplicant: WPS:  * Request to Enroll (1)
12-31 21:42:30.338  3960  3960 D wpa_supplicant: P2P: * P2P IE header
12-31 21:42:30.338  3960  3960 D wpa_supplicant: P2P: * Capability dev=21 group=00
12-31 21:42:30.338  3960  3960 D wpa_supplicant: P2P: * Listen Channel: Regulatory Class 81 Channel 1
12-31 21:42:30.338  3960  3960 D wpa_supplicant: p2p0: Add radio work 'p2p-scan'@0xa950d660
12-31 21:42:30.338  3960  3960 D wpa_supplicant: p2p0: First radio work item in the queue - schedule start immediately
12-31 21:42:30.338  3960  3960 D wpa_supplicant: p2p0: Starting radio work 'p2p-scan'@0xa950d660 after 0.000058 second wait
12-31 21:42:30.338  3960  3960 D wpa_supplicant: p2p0: nl80211: scan request
12-31 21:42:30.338  3960  3960 D wpa_supplicant: nl80211: P2P probe - mask SuppRates
12-31 21:42:30.339  3960  3960 D wpa_supplicant: Scan requested (ret=0) - scan timeout 30 seconds
12-31 21:42:30.339  3960  3960 D wpa_supplicant: P2P: Running p2p_scan
12-31 21:42:30.339  3960  3960 D wpa_supplicant: nl80211: Ignored event (cmd=33) for foreign interface (ifindex 9 wdev 0x0)
12-31 21:42:30.339  3960  3960 D wpa_supplicant: nl80211: Drv Event 33 (NL80211_CMD_TRIGGER_SCAN) received for p2p0
12-31 21:42:30.339  3960  3960 D wpa_supplicant: p2p0: nl80211: Scan trigger
12-31 21:42:30.339  3960  3960 D wpa_supplicant: p2p0: Event SCAN_STARTED (46) received
12-31 21:42:30.339  3960  3960 D wpa_supplicant: p2p0: Own scan request started a scan in 0.000132 seconds
12-31 21:42:30.535  3960  3960 D wpa_supplicant: RTM_NEWLINK: ifi_index=9 ifname=p2p0 wext ifi_family=0 ifi_flags=0x1003 ([UP])
12-31 21:42:30.535  3960  3960 D wpa_supplicant: nl80211: Ignored event (cmd=34) for foreign interface (ifindex 9 wdev 0x0)
12-31 21:42:30.535  3960  3960 D wpa_supplicant: nl80211: Drv Event 34 (NL80211_CMD_NEW_SCAN_RESULTS) received for p2p0
12-31 21:42:30.535  3960  3960 D wpa_supplicant: p2p0: nl80211: New scan results available
12-31 21:42:30.535  3960  3960 D wpa_supplicant: nl80211: Scan probed for SSID 'DIRECT-'
12-31 21:42:30.535  3960  3960 D wpa_supplicant: nl80211: Scan included frequencies: 2412 2437 2462
12-31 21:42:30.535  3960  3960 D wpa_supplicant: p2p0: Event SCAN_RESULTS (3) received
12-31 21:42:30.535  3960  3960 D wpa_supplicant: p2p0: Scan completed in 0.196133 seconds
12-31 21:42:30.539  3469  3503 V WifiNative: Received iface link up/down notification on an invalid iface=p2p0
12-31 21:42:30.539  3469  3503 I EthernetTracker: interfaceLinkStateChanged, iface: p2p0, up: false
12-31 21:42:30.540  3960  3960 D wpa_supplicant: nl80211: Received scan results (33 BSSes)
12-31 21:42:30.541  3960  3960 D wpa_supplicant: p2p0: BSS: Start scan result update 256
12-31 21:42:30.541  3960  3960 D wpa_supplicant: BSS: last_scan_res_used=31/64
12-31 21:42:30.541  3960  3960 D wpa_supplicant: p2p0: Radio work 'p2p-scan'@0xa950d660 done in 0.202810 seconds
12-31 21:42:30.541  3960  3960 D wpa_supplicant: p2p0: radio_work_free('p2p-scan'@0xa950d660: num_active_works --> 0
12-31 21:42:30.541  3960  3960 D wpa_supplicant: P2P: Scan results received (33 BSS)
12-31 21:42:30.541  3960  3960 D wpa_supplicant: P2P: Ignore scan data without P2P Device Info or P2P Device Id
12-31 21:42:30.542  3960  3960 I chatty  : uid=1010(wifi) /vendor/bin/hw/wpa_supplicant identical 8 lines
12-31 21:42:30.542  3960  3960 D wpa_supplicant: P2P: Ignore scan data without P2P Device Info or P2P Device Id
12-31 21:42:30.542  3960  3960 D wpa_supplicant: P2P: Ignore old scan result for b8:f8:83:6a:84:9d (rx_time=753.506191 find_start=758.097780)
12-31 21:42:30.542  3960  3960 D wpa_supplicant: P2P: Ignore scan data without P2P Device Info or P2P Device Id
12-31 21:42:30.542  3960  3960 D wpa_supplicant: P2P: Parsing WPS IE
12-31 21:42:30.542  3960  3960 D wpa_supplicant: P2P: Config Methods (WPS): 0x680
12-31 21:42:30.542  3960  3960 D wpa_supplicant: P2P: Ignore scan data without P2P Device Info or P2P Device Id
12-31 21:42:30.542  3960  3960 D wpa_supplicant: P2P: Ignore scan data without P2P Device Info or P2P Device Id
12-31 21:42:30.542  3960  3960 D wpa_supplicant: P2P: Parsing WPS IE
12-31 21:42:30.542  3960  3960 D wpa_supplicant: P2P: Config Methods (WPS): 0x210c
12-31 21:42:30.542  3960  3960 D wpa_supplicant: P2P: Primary Device Type (WPS): 6-0050F204-1
12-31 21:42:30.542  3960  3960 D wpa_supplicant: P2P: Ignore scan data without P2P Device Info or P2P Device Id
12-31 21:42:30.542  3960  3960 I chatty  : uid=1010(wifi) /vendor/bin/hw/wpa_supplicant identical 1 line
12-31 21:42:30.542  3960  3960 D wpa_supplicant: P2P: Ignore scan data without P2P Device Info or P2P Device Id
12-31 21:42:30.542  3960  3960 D wpa_supplicant: P2P: Parsing WPS IE
12-31 21:42:30.542  3960  3960 D wpa_supplicant: P2P: Config Methods (WPS): 0x210c
12-31 21:42:30.542  3960  3960 D wpa_supplicant: P2P: Primary Device Type (WPS): 6-0050F204-1
12-31 21:42:30.542  3960  3960 D wpa_supplicant: P2P: Ignore scan data without P2P Device Info or P2P Device Id
12-31 21:42:30.542  3960  3960 I chatty  : uid=1010(wifi) /vendor/bin/hw/wpa_supplicant identical 1 line
12-31 21:42:30.543  3960  3960 D wpa_supplicant: P2P: Ignore scan data without P2P Device Info or P2P Device Id
12-31 21:42:30.543  3960  3960 D wpa_supplicant: P2P: Ignore old scan result for a4:56:02:b3:e9:eb (rx_time=756.562191 find_start=758.097780)
12-31 21:42:30.543  3960  3960 D wpa_supplicant: P2P: Ignore old scan result for 3c:37:86:b3:eb:70 (rx_time=757.262191 find_start=758.097780)
12-31 21:42:30.543  3960  3960 D wpa_supplicant: P2P: Ignore scan data without P2P Device Info or P2P Device Id
12-31 21:42:30.543  3960  3960 D wpa_supplicant: P2P: Ignore scan data without P2P Device Info or P2P Device Id
12-31 21:42:30.543  3960  3960 D wpa_supplicant: P2P: Parsing WPS IE
12-31 21:42:30.543  3960  3960 D wpa_supplicant: P2P: Config Methods (WPS): 0x0
12-31 21:42:30.543  3960  3960 D wpa_supplicant: P2P: Primary Device Type (WPS): 7-0050F200-0
12-31 21:42:30.543  3960  3960 D wpa_supplicant: P2P: Parsing P2P IE
12-31 21:42:30.543  3960  3960 D wpa_supplicant: P2P: Attribute 2 length 2
12-31 21:42:30.543  3960  3960 D wpa_supplicant: P2P: * Device Capability 25 Group Capability 8b
12-31 21:42:30.543  3960  3960 D wpa_supplicant: P2P: Attribute 13 length 35
12-31 21:42:30.543  3960  3960 D wpa_supplicant: P2P: * Device Info: addr 34:f6:4b:6b:90:0f primary device type 7-0050F200-0 device name 'SY-ITPC-000356' config methods 0x80
12-31 21:42:30.543  3960  3960 D wpa_supplicant: P2P: Ignore old scan result for 02:e1:8c:dd:e4:bf (rx_time=753.470191 find_start=758.097780)
12-31 21:42:30.544  3960  3960 D wpa_supplicant: P2P: Ignore scan data without P2P Device Info or P2P Device Id
12-31 21:42:30.544  3960  3960 D wpa_supplicant: P2P: Ignore scan data without P2P Device Info or P2P Device Id
12-31 21:42:30.544  3960  3960 D wpa_supplicant: P2P: Parsing WPS IE
12-31 21:42:30.544  3960  3960 D wpa_supplicant: P2P: Config Methods (WPS): 0x4388
12-31 21:42:30.544  3960  3960 D wpa_supplicant: P2P: Primary Device Type (WPS): 7-0050F204-1
12-31 21:42:30.544  3960  3960 D wpa_supplicant: P2P: Parsing P2P IE
12-31 21:42:30.544  3960  3960 D wpa_supplicant: P2P: Attribute 2 length 2
12-31 21:42:30.544  3960  3960 D wpa_supplicant: P2P: * Device Capability 25 Group Capability 00
12-31 21:42:30.544  3960  3960 D wpa_supplicant: P2P: Attribute 13 length 50
12-31 21:42:30.544  3960  3960 D wpa_supplicant: P2P: * Device Info: addr da:e0:e1:1a:8a:3c primary device type 7-0050F204-1 device name '[BD] Samsung Ultra HD Blu-ray' config methods 0x188
12-31 21:42:30.544  3960  3960 D wpa_supplicant: P2P: Parsing WPS IE
12-31 21:42:30.544  3960  3960 D wpa_supplicant: P2P: Config Methods (WPS): 0x188
12-31 21:42:30.544  3960  3960 D wpa_supplicant: P2P: Primary Device Type (WPS): 10-0050F204-5
12-31 21:42:30.544  3960  3960 D wpa_supplicant: P2P: Parsing P2P IE
12-31 21:42:30.545  3960  3960 D wpa_supplicant: P2P: Attribute 2 length 2
12-31 21:42:30.545  3960  3960 D wpa_supplicant: P2P: * Device Capability 21 Group Capability 00
12-31 21:42:30.545  3960  3960 D wpa_supplicant: P2P: Attribute 13 length 46
12-31 21:42:30.545  3960  3960 D wpa_supplicant: P2P: * Device Info: addr b6:ad:a3:45:7e:c5 primary device type 10-0050F204-5 device name 'i-Cast(b6:ad:a3:45:7e:c5)' config methods 0x188
12-31 21:42:30.545  3960  3960 D wpa_supplicant: P2P: Do not update peer entry based on old frame (rx_time=759.354191 last_seen=759.356876 flags=0x8002)
12-31 21:42:30.545  3960  3960 D wpa_supplicant: P2P: Ignore scan data without P2P Device Info or P2P Device Id
12-31 21:42:30.545  3960  3960 D wpa_supplicant: P2P: Ignore old scan result for 9c:9d:7e:36:04:15 (rx_time=757.054191 find_start=758.097780)
12-31 21:42:30.545  3960  3960 D wpa_supplicant: P2P: Ignore scan data without P2P Device Info or P2P Device Id
12-31 21:42:30.545  3960  3960 D wpa_supplicant: P2P: State SEARCH -> SEARCH
12-31 21:42:30.545  3960  3960 D wpa_supplicant: P2P: Starting short listen state (state=SEARCH)
12-31 21:42:30.545  3960  3960 D wpa_supplicant: WPS:  * Version (hardcoded 0x10)
12-31 21:42:30.546  3960  3960 D wpa_supplicant: WPS:  * UUID-E
12-31 21:42:30.546  3960  3960 D wpa_supplicant: WPS:  * Version2 (0x20)
12-31 21:42:30.546  3960  3960 D wpa_supplicant: P2P: * P2P IE header
12-31 21:42:30.546  3960  3960 D wpa_supplicant: P2P: * Capability dev=21 group=00
12-31 21:42:30.546  3960  3960 D wpa_supplicant: P2P: * Device Info
12-31 21:42:30.546  3960  3960 D wpa_supplicant: p2p0: Add radio work 'p2p-listen'@0xa950d660
12-31 21:42:30.546  3960  3960 D wpa_supplicant: p2p0: First radio work item in the queue - schedule start immediately
12-31 21:42:30.546  3960  3960 D wpa_supplicant: wlan0: Updating scan results from sibling
12-31 21:42:30.548  3960  3960 D wpa_supplicant: nl80211: Received scan results (33 BSSes)
12-31 21:42:30.548  3960  3960 D wpa_supplicant: wlan0: BSS: Start scan result update 256
12-31 21:42:30.548  3960  3960 D wpa_supplicant: BSS: last_scan_res_used=31/64
12-31 21:42:30.548  3960  3960 D wpa_supplicant: p2p0: Starting radio work 'p2p-listen'@0xa950d660 after 0.002702 second wait
12-31 21:42:30.549  3960  3960 D wpa_supplicant: wpa_driver_set_ap_wps_p2p_ie: Entry
12-31 21:42:30.549  3960  3960 D wpa_supplicant: wpa_driver_nl80211_driver_cmd SET_AP_WPS_P2P_IE 2 len = 0, 19
12-31 21:42:30.549  3960  3960 D wpa_supplicant: nl80211: Enable Probe Request reporting nl_preq=0xa951aa48
12-31 21:42:30.549  3960  3960 D wpa_supplicant: nl80211: Register frame type=0x40 (WLAN_FC_STYPE_PROBE_REQ) nl_handle=0xa951aa48 match=
12-31 21:42:30.552  3960  3960 D wpa_supplicant: nl80211: Remain-on-channel cookie 0x8 for freq=2412 MHz duration=102
12-31 21:42:30.552  3960  3960 D wpa_supplicant: nl80211: Ignored event (cmd=55) for foreign interface (ifindex 9 wdev 0x0)
12-31 21:42:30.553  3960  3960 D wpa_supplicant: nl80211: Drv Event 55 (NL80211_CMD_REMAIN_ON_CHANNEL) received for p2p0
12-31 21:42:30.553  3960  3960 D wpa_supplicant: nl80211: Remain-on-channel event (cancel=0 freq=2412 channel_type=0 duration=102 cookie=0x8 (match))
12-31 21:42:30.553  3960  3960 D wpa_supplicant: p2p0: Event REMAIN_ON_CHANNEL (19) received
12-31 21:42:30.553  3960  3960 D wpa_supplicant: Off-channel: Send Action callback (without_roc=0 pending_action_tx=0x0 pending_action_tx_done=0)
12-31 21:42:30.553  3960  3960 D wpa_supplicant: P2P: remain-on-channel callback (off_channel_freq=2412 pending_listen_freq=2412 roc_waiting_drv_freq=0 freq=2412 duration=102)
12-31 21:42:30.553  3960  3960 D wpa_supplicant: P2P: Starting Listen timeout(0,102400) on freq=2412 based on callback
12-31 21:42:30.553  3960  3960 D wpa_supplicant: P2P: Set timeout (state=SEARCH): 0.122400 sec
12-31 21:42:30.656  3960  3960 D wpa_supplicant: nl80211: BSS Event 59 (NL80211_CMD_FRAME) received for p2p0
12-31 21:42:30.657  3960  3960 D wpa_supplicant: nl80211: RX frame da=ff:ff:ff:ff:ff:ff sa=00:e1:8c:dd:e4:dd bssid=ff:ff:ff:ff:ff:ff freq=2412 ssi_signal=-90 fc=0x40 seq_ctrl=0x7370 stype=4 (WLAN_FC_STYPE_PROBE_REQ) len=70
