12-31 21:42:37.021  3960  3960 D wpa_supplicant: P2P: Config Methods (WPS): 0x4108
12-31 21:42:37.021  3960  3960 D wpa_supplicant: P2P: Primary Device Type (WPS): 10-0050F204-5
12-31 21:42:37.021  3960  3960 D wpa_supplicant: P2P: Parsing P2P IE
12-31 21:42:37.022  3960  3960 D wpa_supplicant: P2P: Attribute 2 length 2
12-31 21:42:37.022  3960  3960 D wpa_supplicant: P2P: * Device Capability 25 Group Capability 2b
12-31 21:42:37.022  3960  3960 D wpa_supplicant: P2P: Attribute 13 length 26
12-31 21:42:37.022  3960  3960 D wpa_supplicant: P2P: * Device Info: addr 46:59:e3:ed:64:30 primary device type 10-0050F204-5 device name 'MIDTe' config methods 0x188
12-31 21:42:37.022  3960  3960 D wpa_supplicant: P2P: Attribute 14 length 41
12-31 21:42:37.022  3960  3960 D wpa_supplicant: P2P: * Group Info
12-31 21:42:37.022  3960  3960 D wpa_supplicant: P2P: Update peer 46:59:e3:ed:64:30 config_methods 0x0 -> 0x188
12-31 21:42:37.022  3960  3960 I wpa_supplicant: P2P-DEVICE-FOUND b6:ad:a3:74:f2:ac p2p_dev_addr=b6:ad:a3:74:f2:ac pri_dev_type=10-0050F204-5 name='Android_937a' config_methods=0x188 dev_capab=0x23 group_capab=0x0 new=1
12-31 21:42:37.022  3960  3960 D wpa_supplicant: Notifying P2P device found to hidl control b6:ad:a3:74:f2:ac
12-31 21:42:37.022  3960  3960 D wpa_supplicant: P2P: Peer found with Listen frequency 2437 MHz (rx_time=766.241676)
12-31 21:42:37.022  3960  3960 I wpa_supplicant: P2P-DEVICE-FOUND 46:59:e3:ed:e4:30 p2p_dev_addr=46:59:e3:ed:64:30 pri_dev_type=10-0050F204-5 name='MIDTe' config_methods=0x188 dev_capab=0x25 group_capab=0x2b wfd_dev_info=0x00101c440032 vendor_elems=1 new=1
12-31 21:42:37.022  3960  3960 D wpa_supplicant: Notifying P2P device found to hidl control 46:59:e3:ed:64:30
12-31 21:42:37.023  3469  3589 D SupplicantP2pIfaceCallback: Device discovered on p2p0: Device: Android_937a
12-31 21:42:37.023  3469  3589 D SupplicantP2pIfaceCallback:  deviceAddress: b6:ad:a3:74:f2:ac
12-31 21:42:37.023  3469  3589 D SupplicantP2pIfaceCallback:  primary type: 10-0050F204-5
12-31 21:42:37.023  3469  3589 D SupplicantP2pIfaceCallback:  secondary type: null
12-31 21:42:37.023  3469  3589 D SupplicantP2pIfaceCallback:  wps: 392
12-31 21:42:37.023  3469  3589 D SupplicantP2pIfaceCallback:  grpcapab: 0
12-31 21:42:37.023  3469  3589 D SupplicantP2pIfaceCallback:  devcapab: 35
12-31 21:42:37.023  3469  3589 D SupplicantP2pIfaceCallback:  status: 3
12-31 21:42:37.023  3469  3589 D SupplicantP2pIfaceCallback:  wfdInfo: WFD enabled: trueWFD DeviceInfo: 0
12-31 21:42:37.023  3469  3589 D SupplicantP2pIfaceCallback:  WFD CtrlPort: 0
12-31 21:42:37.023  3469  3589 D SupplicantP2pIfaceCallback:  WFD MaxThroughput: 0
12-31 21:42:37.023  3469  3503 V WifiNative: Received iface link up/down notification on an invalid iface=p2p0
12-31 21:42:37.023  3960  3960 D wpa_supplicant: P2P: Ignore scan data without P2P Device Info or P2P Device Id
12-31 21:42:37.023  3960  3960 D wpa_supplicant: P2P: Parsing WPS IE
12-31 21:42:37.023  3960  3960 D wpa_supplicant: P2P: Config Methods (WPS): 0x4388
12-31 21:42:37.023  3960  3960 D wpa_supplicant: P2P: Primary Device Type (WPS): 7-0050F204-1
12-31 21:42:37.023  3960  3960 D wpa_supplicant: P2P: Parsing P2P IE
12-31 21:42:37.023  3960  3960 D wpa_supplicant: P2P: Attribute 2 length 2
12-31 21:42:37.023  3469  3503 I EthernetTracker: interfaceLinkStateChanged, iface: p2p0, up: false
12-31 21:42:37.023  3960  3960 D wpa_supplicant: P2P: * Device Capability 25 Group Capability 00
12-31 21:42:37.023  3960  3960 D wpa_supplicant: P2P: Attribute 13 length 50
12-31 21:42:37.023  3960  3960 D wpa_supplicant: P2P: * Device Info: addr da:e0:e1:1a:8a:3c primary device type 7-0050F204-1 device name '[BD] Samsung Ultra HD Blu-ray' config methods 0x188
12-31 21:42:37.024  3960  3960 D wpa_supplicant: P2P: Parsing WPS IE
12-31 21:42:37.024  3960  3960 D wpa_supplicant: P2P: Config Methods (WPS): 0x188
12-31 21:42:37.024  3960  3960 D wpa_supplicant: P2P: Primary Device Type (WPS): 10-0050F204-5
12-31 21:42:37.024  3960  3960 D wpa_supplicant: P2P: Parsing P2P IE
12-31 21:42:37.024  3960  3960 D wpa_supplicant: P2P: Attribute 2 length 2
12-31 21:42:37.024  3960  3960 D wpa_supplicant: P2P: * Device Capability 21 Group Capability 00
12-31 21:42:37.024  3960  3960 D wpa_supplicant: P2P: Attribute 13 length 46
12-31 21:42:37.024  3960  3960 D wpa_supplicant: P2P: * Device Info: addr b6:ad:a3:45:7e:c5 primary device type 10-0050F204-5 device name 'i-Cast(b6:ad:a3:45:7e:c5)' config methods 0x188
12-31 21:42:37.024  3960  3960 D wpa_supplicant: P2P: Do not update peer entry based on old frame (rx_time=765.717676 last_seen=765.993569 flags=0x8002)
12-31 21:42:37.024  3960  3960 D wpa_supplicant: P2P: Ignore scan data without P2P Device Info or P2P Device Id
12-31 21:42:37.024  3960  3960 D wpa_supplicant: P2P: Ignore old scan result for 64:6e:97:36:14:e4 (rx_time=759.421676 find_start=764.100517)
12-31 21:42:37.024  3960  3960 D wpa_supplicant: P2P: Ignore old scan result for 74:05:a5:65:ca:10 (rx_time=760.661676 find_start=764.100517)
12-31 21:42:37.024  3960  3960 D wpa_supplicant: P2P: Ignore scan data without P2P Device Info or P2P Device Id
12-31 21:42:37.024  3960  3960 D wpa_supplicant: P2P: State SEARCH -> SEARCH
12-31 21:42:37.024  3960  3960 D wpa_supplicant: P2P: Starting short listen state (state=SEARCH)
12-31 21:42:37.024  3469  3589 D SupplicantP2pIfaceCallback: Device discovered on p2p0: Device: MIDTe
12-31 21:42:37.024  3469  3589 D SupplicantP2pIfaceCallback:  deviceAddress: 46:59:e3:ed:64:30
12-31 21:42:37.024  3469  3589 D SupplicantP2pIfaceCallback:  primary type: 10-0050F204-5
12-31 21:42:37.024  3469  3589 D SupplicantP2pIfaceCallback:  secondary type: null
12-31 21:42:37.024  3469  3589 D SupplicantP2pIfaceCallback:  wps: 392
12-31 21:42:37.024  3469  3589 D SupplicantP2pIfaceCallback:  grpcapab: 43
12-31 21:42:37.024  3469  3589 D SupplicantP2pIfaceCallback:  devcapab: 37
12-31 21:42:37.024  3469  3589 D SupplicantP2pIfaceCallback:  status: 3
12-31 21:42:37.024  3469  3589 D SupplicantP2pIfaceCallback:  wfdInfo: WFD enabled: trueWFD DeviceInfo: 16
12-31 21:42:37.024  3469  3589 D SupplicantP2pIfaceCallback:  WFD CtrlPort: 7236
12-31 21:42:37.024  3469  3589 D SupplicantP2pIfaceCallback:  WFD MaxThroughput: 50
12-31 21:42:37.024  5120  5120 D amlWifiDirect: onReceive action:android.net.wifi.p2p.PEERS_CHANGED
12-31 21:42:37.024  5120  5120 D amlWifiDirect: requestPeers!!!!
12-31 21:42:37.025  3960  3960 D wpa_supplicant: WPS:  * Version (hardcoded 0x10)
12-31 21:42:37.025  3960  3960 D wpa_supplicant: WPS:  * UUID-E
12-31 21:42:37.025  3960  3960 D wpa_supplicant: WPS:  * Version2 (0x20)
12-31 21:42:37.025  3960  3960 D wpa_supplicant: P2P: * P2P IE header
12-31 21:42:37.025  3960  3960 D wpa_supplicant: P2P: * Capability dev=21 group=00
12-31 21:42:37.025  3960  3960 D wpa_supplicant: P2P: * Device Info
12-31 21:42:37.025  5120  5120 D amlWifiDirect: P2P peers changed
12-31 21:42:37.025  3960  3960 D wpa_supplicant: p2p0: Add radio work 'p2p-listen'@0xa950d660
12-31 21:42:37.025  3960  3960 D wpa_supplicant: p2p0: First radio work item in the queue - schedule start immediately
12-31 21:42:37.025  3960  3960 D wpa_supplicant: wlan0: Updating scan results from sibling
12-31 21:42:37.026  3960  3960 D wpa_supplicant: nl80211: Received scan results (36 BSSes)
12-31 21:42:37.026  5120  5120 D amlWifiDirect: onReceive action:android.net.wifi.p2p.PEERS_CHANGED
12-31 21:42:37.026  5120  5120 D amlWifiDirect: requestPeers!!!!
12-31 21:42:37.027  3960  3960 D wpa_supplicant: wlan0: BSS: Start scan result update 268
12-31 21:42:37.027  5120  5120 D amlWifiDirect: P2P peers changed
12-31 21:42:37.027  3960  3960 D wpa_supplicant: BSS: last_scan_res_used=34/64
12-31 21:42:37.027  3960  3960 D wpa_supplicant: p2p0: Starting radio work 'p2p-listen'@0xa950d660 after 0.002155 second wait
12-31 21:42:37.027  3960  3960 D wpa_supplicant: wpa_driver_set_ap_wps_p2p_ie: Entry
12-31 21:42:37.027  3469  3576 D WifiHandler.WifiP2pService: handleMessage Received message=139283d sendingUid=1000
12-31 21:42:37.027  3960  3960 D wpa_supplicant: wpa_driver_nl80211_driver_cmd SET_AP_WPS_P2P_IE 2 len = 0, 19
12-31 21:42:37.027  3960  3960 D wpa_supplicant: nl80211: Enable Probe Request reporting nl_preq=0xa951aa48
12-31 21:42:37.027  3960  3960 D wpa_supplicant: nl80211: Register frame type=0x40 (WLAN_FC_STYPE_PROBE_REQ) nl_handle=0xa951aa48 match=
12-31 21:42:37.027  3469  3576 D WifiHandler.WifiP2pService: handleMessage Received message=139283d sendingUid=1000
12-31 21:42:37.028  3469  3576 D WifiAsyncChannel.WifiP2pService: replyToMessage replyToMessage recvdMessage=139283 sendingUid=1000 sentMessage=139284
12-31 21:42:37.029  5120  5120 D amlWifiDirect: ===onPeersAvailable===
12-31 21:42:37.029  5120  5120 D amlWifiDirect: peerDevice:SY-ITPC-000356, status:3 (0-CONNECTED,3-AVAILABLE)
12-31 21:42:37.029  5120  5120 D amlWifiDirect: peerDevice:[BD] Samsung Ultra HD Blu-ray, status:3 (0-CONNECTED,3-AVAILABLE)
12-31 21:42:37.029  5120  5120 D amlWifiDirect: peerDevice:i-Cast(b6:ad:a3:45:7e:c5), status:3 (0-CONNECTED,3-AVAILABLE)
12-31 21:42:37.029  5120  5120 D amlWifiDirect: peerDevice:Android_937a is an unavailable wfd session
12-31 21:42:37.029  5120  5120 D amlWifiDirect: peerDevice:MIDTe, status:3 (0-CONNECTED,3-AVAILABLE)
12-31 21:42:37.029  5120  5120 D amlWifiDirect: ===onPeersAvailable===
12-31 21:42:37.030  3469  3576 D WifiAsyncChannel.WifiP2pService: replyToMessage replyToMessage recvdMessage=139283 sendingUid=1000 sentMessage=139284
12-31 21:42:37.030  3960  3960 D wpa_supplicant: nl80211: Remain-on-channel cookie 0x14 for freq=2412 MHz duration=307
12-31 21:42:37.030  3960  3960 D wpa_supplicant: RTM_NEWLINK: ifi_index=9 ifname=p2p0 wext ifi_family=0 ifi_flags=0x1003 ([UP])
12-31 21:42:37.031  5120  5120 D amlWifiDirect: ===onPeersAvailable===
12-31 21:42:37.031  5120  5120 D amlWifiDirect: peerDevice:SY-ITPC-000356, status:3 (0-CONNECTED,3-AVAILABLE)
12-31 21:42:37.031  5120  5120 D amlWifiDirect: peerDevice:[BD] Samsung Ultra HD Blu-ray, status:3 (0-CONNECTED,3-AVAILABLE)
12-31 21:42:37.031  5120  5120 D amlWifiDirect: peerDevice:i-Cast(b6:ad:a3:45:7e:c5), status:3 (0-CONNECTED,3-AVAILABLE)
12-31 21:42:37.031  5120  5120 D amlWifiDirect: peerDevice:Android_937a is an unavailable wfd session
12-31 21:42:37.031  5120  5120 D amlWifiDirect: peerDevice:MIDTe, status:3 (0-CONNECTED,3-AVAILABLE)
12-31 21:42:37.032  5120  5120 D amlWifiDirect: ===onPeersAvailable===
12-31 21:42:37.032  3960  3960 D wpa_supplicant: nl80211: Ignored event (cmd=55) for foreign interface (ifindex 9 wdev 0x0)
12-31 21:42:37.032  3960  3960 D wpa_supplicant: nl80211: Drv Event 55 (NL80211_CMD_REMAIN_ON_CHANNEL) received for p2p0
12-31 21:42:37.032  3960  3960 D wpa_supplicant: nl80211: Remain-on-channel event (cancel=0 freq=2412 channel_type=0 duration=307 cookie=0x14 (match))
12-31 21:42:37.032  3960  3960 D wpa_supplicant: p2p0: Event REMAIN_ON_CHANNEL (19) received
12-31 21:42:37.032  3960  3960 D wpa_supplicant: Off-channel: Send Action callback (without_roc=0 pending_action_tx=0x0 pending_action_tx_done=0)
12-31 21:42:37.032  3960  3960 D wpa_supplicant: P2P: remain-on-channel callback (off_channel_freq=2412 pending_listen_freq=2412 roc_waiting_drv_freq=0 freq=2412 duration=307)
12-31 21:42:37.032  3960  3960 D wpa_supplicant: P2P: Starting Listen timeout(0,307200) on freq=2412 based on callback
12-31 21:42:37.032  3960  3960 D wpa_supplicant: P2P: Set timeout (state=SEARCH): 0.327200 sec
12-31 21:42:37.303  3960  3960 D wpa_supplicant: nl80211: BSS Event 59 (NL80211_CMD_FRAME) received for p2p0
12-31 21:42:37.303  3960  3960 D wpa_supplicant: nl80211: RX frame da=ff:ff:ff:ff:ff:ff sa=b6:ad:a3:45:7e:c5 bssid=ff:ff:ff:ff:ff:ff freq=2412 ssi_signal=-90 fc=0x40 seq_ctrl=0x88b0 stype=4 (WLAN_FC_STYPE_PROBE_REQ) len=236
12-31 21:42:37.304  3960  3960 D wpa_supplicant: p2p0: Event RX_MGMT (18) received
12-31 21:42:37.304  3960  3960 D wpa_supplicant: P2P: Parsing WPS IE
12-31 21:42:37.304  3960  3960 D wpa_supplicant: P2P: Config Methods (WPS): 0x188
12-31 21:42:37.304  3960  3960 D wpa_supplicant: P2P: Device Password ID: 0
12-31 21:42:37.304  3960  3960 D wpa_supplicant: P2P: Primary Device Type (WPS): 10-0050F204-5
12-31 21:42:37.304  3960  3960 D wpa_supplicant: P2P: Parsing P2P IE
12-31 21:42:37.304  3960  3960 D wpa_supplicant: P2P: Attribute 2 length 2
12-31 21:42:37.304  3960  3960 D wpa_supplicant: P2P: * Device Capability 21 Group Capability 00
12-31 21:42:37.304  3960  3960 D wpa_supplicant: P2P: Attribute 6 length 5
12-31 21:42:37.304  3960  3960 D wpa_supplicant: P2P: * Listen Channel: Country CN(0x04) Regulatory Class 81 Channel Number 1
12-31 21:42:37.304  3960  3960 D wpa_supplicant: P2P: Parsing WPS IE
12-31 21:42:37.304  3960  3960 D wpa_supplicant: P2P: Config Methods (WPS): 0x188
12-31 21:42:37.304  3960  3960 D wpa_supplicant: P2P: Device Password ID: 0
12-31 21:42:37.304  3960  3960 D wpa_supplicant: P2P: Primary Device Type (WPS): 10-0050F204-5
12-31 21:42:37.304  3960  3960 D wpa_supplicant: P2P: Parsing P2P IE
12-31 21:42:37.304  3960  3960 D wpa_supplicant: P2P: Attribute 2 length 2
12-31 21:42:37.304  3960  3960 D wpa_supplicant: P2P: * Device Capability 21 Group Capability 00
12-31 21:42:37.304  3960  3960 D wpa_supplicant: P2P: Attribute 6 length 5
12-31 21:42:37.304  3960  3960 D wpa_supplicant: P2P: * Listen Channel: Country CN(0x04) Regulatory Class 81 Channel Number 1
12-31 21:42:37.304  3960  3960 D wpa_supplicant: P2P: No P2PS Hash in Probe Request
12-31 21:42:37.304  3960  3960 D wpa_supplicant: P2P: Reply to P2P Probe Request in Listen state
12-31 21:42:37.304  3960  3960 D wpa_supplicant: WPS:  * Version (hardcoded 0x10)
12-31 21:42:37.304  3960  3960 D wpa_supplicant: WPS:  * UUID-E
12-31 21:42:37.304  3960  3960 D wpa_supplicant: WPS:  * Version2 (0x20)
12-31 21:42:37.304  3960  3960 D wpa_supplicant: P2P: * P2P IE header
12-31 21:42:37.304  3960  3960 D wpa_supplicant: P2P: * Capability dev=21 group=00
12-31 21:42:37.304  3960  3960 D wpa_supplicant: P2P: * Device Info
12-31 21:42:37.304  3960  3960 D wpa_supplicant: nl80211: send_mlme - da= b6:ad:a3:45:7e:c5 noack=1 freq=2412 no_cck=0 offchanok=0 wait_time=0 fc=0x50 (WLAN_FC_STYPE_PROBE_RESP) nlmode=2
12-31 21:42:37.305  3960  3960 D wpa_supplicant: nl80211: Ignored event (cmd=60) for foreign interface (ifindex 9 wdev 0x0)
12-31 21:42:37.305  3960  3960 D wpa_supplicant: nl80211: Drv Event 60 (NL80211_CMD_FRAME_TX_STATUS) received for p2p0
12-31 21:42:37.305  3960  3960 D wpa_supplicant: nl80211: Frame TX status event
12-31 21:42:37.305  3960  3960 D wpa_supplicant: nl80211: Action TX status: cookie=0d5309480 (unknown) (ack=1)
12-31 21:42:37.316  3960  3960 D wpa_supplicant: nl80211: BSS Event 59 (NL80211_CMD_FRAME) received for p2p0
12-31 21:42:37.316  3960  3960 D wpa_supplicant: nl80211: RX frame da=ff:ff:ff:ff:ff:ff sa=b6:ad:a3:45:7e:c5 bssid=ff:ff:ff:ff:ff:ff freq=2412 ssi_signal=-90 fc=0x40 seq_ctrl=0x88c0 stype=4 (WLAN_FC_STYPE_PROBE_REQ) len=236
12-31 21:42:37.316  3960  3960 D wpa_supplicant: p2p0: Event RX_MGMT (18) received
12-31 21:42:37.316  3960  3960 D wpa_supplicant: P2P: Parsing WPS IE
12-31 21:42:37.316  3960  3960 D wpa_supplicant: P2P: Config Methods (WPS): 0x188
12-31 21:42:37.316  3960  3960 D wpa_supplicant: P2P: Device Password ID: 0
12-31 21:42:37.316  3960  3960 D wpa_supplicant: P2P: Primary Device Type (WPS): 10-0050F204-5
12-31 21:42:37.316  3960  3960 D wpa_supplicant: P2P: Parsing P2P IE
12-31 21:42:37.316  3960  3960 D wpa_supplicant: P2P: Attribute 2 length 2
12-31 21:42:37.316  3960  3960 D wpa_supplicant: P2P: * Device Capability 21 Group Capability 00
12-31 21:42:37.316  3960  3960 D wpa_supplicant: P2P: Attribute 6 length 5
12-31 21:42:37.316  3960  3960 D wpa_supplicant: P2P: * Listen Channel: Country CN(0x04) Regulatory Class 81 Channel Number 1
12-31 21:42:37.316  3960  3960 D wpa_supplicant: P2P: Parsing WPS IE
12-31 21:42:37.316  3960  3960 D wpa_supplicant: P2P: Config Methods (WPS): 0x188
12-31 21:42:37.316  3960  3960 D wpa_supplicant: P2P: Device Password ID: 0
12-31 21:42:37.316  3960  3960 D wpa_supplicant: P2P: Primary Device Type (WPS): 10-0050F204-5
12-31 21:42:37.316  3960  3960 D wpa_supplicant: P2P: Parsing P2P IE
12-31 21:42:37.316  3960  3960 D wpa_supplicant: P2P: Attribute 2 length 2
12-31 21:42:37.316  3960  3960 D wpa_supplicant: P2P: * Device Capability 21 Group Capability 00
12-31 21:42:37.316  3960  3960 D wpa_supplicant: P2P: Attribute 6 length 5
12-31 21:42:37.316  3960  3960 D wpa_supplicant: P2P: * Listen Channel: Country CN(0x04) Regulatory Class 81 Channel Number 1
12-31 21:42:37.316  3960  3960 D wpa_supplicant: P2P: No P2PS Hash in Probe Request
12-31 21:42:37.316  3960  3960 D wpa_supplicant: P2P: Reply to P2P Probe Request in Listen state
12-31 21:42:37.316  3960  3960 D wpa_supplicant: WPS:  * Version (hardcoded 0x10)
12-31 21:42:37.316  3960  3960 D wpa_supplicant: WPS:  * UUID-E
12-31 21:42:37.316  3960  3960 D wpa_supplicant: WPS:  * Version2 (0x20)
12-31 21:42:37.316  3960  3960 D wpa_supplicant: P2P: * P2P IE header
12-31 21:42:37.316  3960  3960 D wpa_supplicant: P2P: * Capability dev=21 group=00
12-31 21:42:37.316  3960  3960 D wpa_supplicant: P2P: * Device Info
12-31 21:42:37.317  3960  3960 D wpa_supplicant: nl80211: send_mlme - da= b6:ad:a3:45:7e:c5 noack=1 freq=2412 no_cck=0 offchanok=0 wait_time=0 fc=0x50 (WLAN_FC_STYPE_PROBE_RESP) nlmode=2
12-31 21:42:37.320  3960  3960 D wpa_supplicant: nl80211: Ignored event (cmd=60) for foreign interface (ifindex 9 wdev 0x0)
12-31 21:42:37.320  3960  3960 D wpa_supplicant: nl80211: Drv Event 60 (NL80211_CMD_FRAME_TX_STATUS) received for p2p0
12-31 21:42:37.320  3960  3960 D wpa_supplicant: nl80211: Frame TX status event
12-31 21:42:37.320  3960  3960 D wpa_supplicant: nl80211: Action TX status: cookie=0d3040b40 (unknown) (ack=1)
12-31 21:42:37.359  3960  3960 D wpa_supplicant: P2P: Timeout (state=SEARCH)
12-31 21:42:37.359  3960  3960 D wpa_supplicant: P2P: Driver is still in listen state - stop it
12-31 21:42:37.359  3960  3960 D wpa_supplicant: nl80211: Cancel remain-on-channel with cookie 0x14
12-31 21:42:37.360  3960  3960 D wpa_supplicant: wpa_driver_set_ap_wps_p2p_ie: Entry
12-31 21:42:37.360  3960  3960 D wpa_supplicant: nl80211: Disable Probe Request reporting nl_preq=0x21d922c1
12-31 21:42:37.360  3960  3960 D wpa_supplicant: p2p0: Radio work 'p2p-listen'@0xa950d660 done in 0.333062 seconds
12-31 21:42:37.360  3960  3960 D wpa_supplicant: p2p0: radio_work_free('p2p-listen'@0xa950d660: num_active_works --> 0
12-31 21:42:37.360  3960  3960 D wpa_supplicant: P2P: Driver is still in Listen state - wait for it to end before continuing
12-31 21:42:37.360  3960  3960 D wpa_supplicant: nl80211: Ignored event (cmd=56) for foreign interface (ifindex 9 wdev 0x0)
12-31 21:42:37.360  3960  3960 D wpa_supplicant: nl80211: Drv Event 56 (NL80211_CMD_CANCEL_REMAIN_ON_CHANNEL) received for p2p0
12-31 21:42:37.360  3960  3960 D wpa_supplicant: nl80211: Remain-on-channel event (cancel=1 freq=2412 channel_type=0 duration=0 cookie=0x14 (match))
12-31 21:42:37.360  3960  3960 D wpa_supplicant: p2p0: Event CANCEL_REMAIN_ON_CHANNEL (20) received
12-31 21:42:37.360  3960  3960 D wpa_supplicant: P2P: Cancel remain-on-channel callback (p2p_long_listen=0 ms pending_action_tx=0x0)
12-31 21:42:37.360  3960  3960 D wpa_supplicant: P2P: Driver ended Listen state (freq=2412)
12-31 21:42:37.360  3960  3960 D wpa_supplicant: wpa_driver_set_ap_wps_p2p_ie: Entry
12-31 21:42:37.360  3960  3960 D wpa_supplicant: P2P: Starting search
12-31 21:42:37.360  3960  3960 D wpa_supplicant: WPS: Building WPS IE for Probe Request
12-31 21:42:37.360  3960  3960 D wpa_supplicant: WPS:  * Version (hardcoded 0x10)
12-31 21:42:37.360  3960  3960 D wpa_supplicant: WPS:  * Request Type
12-31 21:42:37.360  3960  3960 D wpa_supplicant: WPS:  * Config Methods (4388)
12-31 21:42:37.360  3960  3960 D wpa_supplicant: WPS:  * UUID-E
12-31 21:42:37.360  3960  3960 D wpa_supplicant: WPS:  * Primary Device Type
12-31 21:42:37.360  3960  3960 D wpa_supplicant: WPS:  * RF Bands (1)
12-31 21:42:37.360  3960  3960 D wpa_supplicant: WPS:  * Association State
12-31 21:42:37.360  3960  3960 D wpa_supplicant: WPS:  * Configuration Error (0)
12-31 21:42:37.361  3960  3960 D wpa_supplicant: WPS:  * Device Password ID (0)
12-31 21:42:37.361  3960  3960 D wpa_supplicant: WPS:  * Manufacturer
12-31 21:42:37.361  3960  3960 D wpa_supplicant: WPS:  * Model Name
12-31 21:42:37.361  3960  3960 D wpa_supplicant: WPS:  * Model Number
12-31 21:42:37.361  3960  3960 D wpa_supplicant: WPS:  * Device Name
12-31 21:42:37.361  3960  3960 D wpa_supplicant: WPS:  * Version2 (0x20)
12-31 21:42:37.361  3960  3960 D wpa_supplicant: WPS:  * Request to Enroll (1)
12-31 21:42:37.361  3960  3960 D wpa_supplicant: P2P: * P2P IE header
12-31 21:42:37.361  3960  3960 D wpa_supplicant: P2P: * Capability dev=21 group=00
12-31 21:42:37.361  3960  3960 D wpa_supplicant: P2P: * Listen Channel: Regulatory Class 81 Channel 1
12-31 21:42:37.361  3960  3960 D wpa_supplicant: p2p0: Add radio work 'p2p-scan'@0xa950d660
12-31 21:42:37.361  3960  3960 D wpa_supplicant: p2p0: First radio work item in the queue - schedule start immediately
12-31 21:42:37.361  3960  3960 D wpa_supplicant: p2p0: Starting radio work 'p2p-scan'@0xa950d660 after 0.000084 second wait
12-31 21:42:37.361  3960  3960 D wpa_supplicant: p2p0: nl80211: scan request
12-31 21:42:37.361  3960  3960 D wpa_supplicant: nl80211: P2P probe - mask SuppRates
12-31 21:42:37.362  3960  3960 D wpa_supplicant: Scan requested (ret=0) - scan timeout 30 seconds
12-31 21:42:37.362  3960  3960 D wpa_supplicant: P2P: Running p2p_scan
12-31 21:42:37.362  3960  3960 D wpa_supplicant: nl80211: Ignored event (cmd=33) for foreign interface (ifindex 9 wdev 0x0)
12-31 21:42:37.362  3960  3960 D wpa_supplicant: nl80211: Drv Event 33 (NL80211_CMD_TRIGGER_SCAN) received for p2p0
12-31 21:42:37.362  3960  3960 D wpa_supplicant: p2p0: nl80211: Scan trigger
12-31 21:42:37.362  3960  3960 D wpa_supplicant: p2p0: Event SCAN_STARTED (46) received
12-31 21:42:37.362  3960  3960 D wpa_supplicant: p2p0: Own scan request started a scan in 0.000224 seconds
12-31 21:42:37.532  6383  6383 I pidof   : type=1400 audit(0.0:95): avc: denied { search } for name="3229" dev="proc" ino=15708 scontext=u:r:tvapiservice:s0 tcontext=u:r:hidraw:s0 tclass=dir permissive=1
12-31 21:42:37.550  3960  3960 D wpa_supplicant: RTM_NEWLINK: ifi_index=9 ifname=p2p0 wext ifi_family=0 ifi_flags=0x1003 ([UP])
12-31 21:42:37.551  3960  3960 D wpa_supplicant: nl80211: Ignored event (cmd=34) for foreign interface (ifindex 9 wdev 0x0)
12-31 21:42:37.551  3960  3960 D wpa_supplicant: nl80211: Drv Event 34 (NL80211_CMD_NEW_SCAN_RESULTS) received for p2p0
12-31 21:42:37.551  3960  3960 D wpa_supplicant: p2p0: nl80211: New scan results available
12-31 21:42:37.551  3960  3960 D wpa_supplicant: nl80211: Scan probed for SSID 'DIRECT-'
12-31 21:42:37.551  3960  3960 D wpa_supplicant: nl80211: Scan included frequencies: 2412 2437 2462
12-31 21:42:37.551  3960  3960 D wpa_supplicant: p2p0: Event SCAN_RESULTS (3) received
12-31 21:42:37.551  3960  3960 D wpa_supplicant: p2p0: Scan completed in 0.188750 seconds
12-31 21:42:37.552  3469  3503 V WifiNative: Received iface link up/down notification on an invalid iface=p2p0
12-31 21:42:37.552  3469  3503 I EthernetTracker: interfaceLinkStateChanged, iface: p2p0, up: false
12-31 21:42:37.553  3960  3960 D wpa_supplicant: nl80211: Received scan results (35 BSSes)
12-31 21:42:37.553  3960  3960 D wpa_supplicant: p2p0: BSS: Start scan result update 269
12-31 21:42:37.553  3960  3960 D wpa_supplicant: BSS: last_scan_res_used=33/64
12-31 21:42:37.553  3960  3960 D wpa_supplicant: p2p0: Radio work 'p2p-scan'@0xa950d660 done in 0.192346 seconds
12-31 21:42:37.553  3960  3960 D wpa_supplicant: p2p0: radio_work_free('p2p-scan'@0xa950d660: num_active_works --> 0
12-31 21:42:37.553  3960  3960 D wpa_supplicant: P2P: Scan results received (35 BSS)
12-31 21:42:37.553  3960  3960 D wpa_supplicant: P2P: Ignore scan data without P2P Device Info or P2P Device Id
12-31 21:42:37.553  3960  3960 I chatty  : uid=1010(wifi) /vendor/bin/hw/wpa_supplicant identical 10 lines
12-31 21:42:37.553  3960  3960 D wpa_supplicant: P2P: Ignore scan data without P2P Device Info or P2P Device Id
12-31 21:42:37.553  3960  3960 D wpa_supplicant: P2P: Parsing WPS IE
12-31 21:42:37.553  3960  3960 D wpa_supplicant: P2P: Config Methods (WPS): 0x0
12-31 21:42:37.553  3960  3960 D wpa_supplicant: P2P: Primary Device Type (WPS): 7-0050F200-0
12-31 21:42:37.553  3960  3960 D wpa_supplicant: P2P: Parsing P2P IE
12-31 21:42:37.553  3960  3960 D wpa_supplicant: P2P: Attribute 2 length 2
12-31 21:42:37.553  3960  3960 D wpa_supplicant: P2P: * Device Capability 25 Group Capability 8b
12-31 21:42:37.553  3960  3960 D wpa_supplicant: P2P: Attribute 13 length 35
12-31 21:42:37.553  3960  3960 D wpa_supplicant: P2P: * Device Info: addr 34:f6:4b:6b:90:0f primary device type 7-0050F200-0 device name 'SY-ITPC-000356' config methods 0x80
12-31 21:42:37.554  3960  3960 D wpa_supplicant: P2P: Ignore scan data without P2P Device Info or P2P Device Id
12-31 21:42:37.554  3960  3960 D wpa_supplicant: P2P: Ignore scan data without P2P Device Info or P2P Device Id
12-31 21:42:37.554  3960  3960 D wpa_supplicant: P2P: Parsing WPS IE
12-31 21:42:37.554  3960  3960 D wpa_supplicant: P2P: Config Methods (WPS): 0x680
12-31 21:42:37.554  3960  3960 D wpa_supplicant: P2P: Ignore scan data without P2P Device Info or P2P Device Id
12-31 21:42:37.554  3960  3960 D wpa_supplicant: P2P: Ignore old scan result for 9c:a6:15:b1:b2:8e (rx_time=763.854756 find_start=764.100517)
12-31 21:42:37.554  3960  3960 D wpa_supplicant: P2P: Ignore scan data without P2P Device Info or P2P Device Id
12-31 21:42:37.554  3960  3960 I chatty  : uid=1010(wifi) /vendor/bin/hw/wpa_supplicant identical 1 line
12-31 21:42:37.554  3960  3960 D wpa_supplicant: P2P: Ignore scan data without P2P Device Info or P2P Device Id
12-31 21:42:37.554  3960  3960 D wpa_supplicant: P2P: Ignore old scan result for 54:a7:03:ad:01:39 (rx_time=763.822756 find_start=764.100517)
12-31 21:42:37.554  3960  3960 D wpa_supplicant: P2P: Ignore old scan result for b0:95:8e:c7:a4:5f (rx_time=762.026756 find_start=764.100517)
12-31 21:42:37.554  3960  3960 D wpa_supplicant: P2P: Ignore old scan result for 70:af:6a:28:ac:a7 (rx_time=760.014756 find_start=764.100517)
12-31 21:42:37.554  3960  3960 D wpa_supplicant: P2P: Ignore scan data without P2P Device Info or P2P Device Id
12-31 21:42:37.554  3960  3960 D wpa_supplicant: P2P: Parsing WPS IE
12-31 21:42:37.554  3960  3960 D wpa_supplicant: P2P: Primary Device Type (WPS): 1-0050F200-0
12-31 21:42:37.554  3960  3960 D wpa_supplicant: P2P: Parsing P2P IE
12-31 21:42:37.554  3960  3960 D wpa_supplicant: P2P: Attribute 12 length 28
12-31 21:42:37.554  3960  3960 D wpa_supplicant: P2P: * Notice of Absence
12-31 21:42:37.554  3960  3960 D wpa_supplicant: P2P: Ignore scan data without P2P Device Info or P2P Device Id
12-31 21:42:37.554  3960  3960 I chatty  : uid=1010(wifi) /vendor/bin/hw/wpa_supplicant identical 1 line
12-31 21:42:37.554  3960  3960 D wpa_supplicant: P2P: Ignore scan data without P2P Device Info or P2P Device Id
12-31 21:42:37.554  3960  3960 D wpa_supplicant: P2P: Ignore old scan result for c0:ff:d4:97:66:6c (rx_time=761.606756 find_start=764.100517)
12-31 21:42:37.554  3960  3960 D wpa_supplicant: P2P: Parsing WPS IE
12-31 21:42:37.554  3960  3960 D wpa_supplicant: P2P: Config Methods (WPS): 0x4108
12-31 21:42:37.554  3960  3960 D wpa_supplicant: P2P: Primary Device Type (WPS): 10-0050F204-5
12-31 21:42:37.554  3960  3960 D wpa_supplicant: P2P: Parsing P2P IE
12-31 21:42:37.554  3960  3960 D wpa_supplicant: P2P: Attribute 2 length 2
12-31 21:42:37.554  3960  3960 D wpa_supplicant: P2P: * Device Capability 25 Group Capability 2b
12-31 21:42:37.554  3960  3960 D wpa_supplicant: P2P: Attribute 13 length 26
12-31 21:42:37.554  3960  3960 D wpa_supplicant: P2P: * Device Info: addr 46:59:e3:ed:64:30 primary device type 10-0050F204-5 device name 'MIDTe' config methods 0x188
12-31 21:42:37.554  3960  3960 D wpa_supplicant: P2P: Attribute 14 length 41
12-31 21:42:37.554  3960  3960 D wpa_supplicant: P2P: * Group Info
12-31 21:42:37.554  3960  3960 D wpa_supplicant: P2P: Ignore scan data without P2P Device Info or P2P Device Id
12-31 21:42:37.554  3960  3960 D wpa_supplicant: P2P: Parsing WPS IE
12-31 21:42:37.554  3960  3960 D wpa_supplicant: P2P: Config Methods (WPS): 0x4388
12-31 21:42:37.554  3960  3960 D wpa_supplicant: P2P: Primary Device Type (WPS): 7-0050F204-1
12-31 21:42:37.554  3960  3960 D wpa_supplicant: P2P: Parsing P2P IE
12-31 21:42:37.554  3960  3960 D wpa_supplicant: P2P: Attribute 2 length 2
12-31 21:42:37.554  3960  3960 D wpa_supplicant: P2P: * Device Capability 25 Group Capability 00
12-31 21:42:37.554  3960  3960 D wpa_supplicant: P2P: Attribute 13 length 50
12-31 21:42:37.554  3960  3960 D wpa_supplicant: P2P: * Device Info: addr da:e0:e1:1a:8a:3c primary device type 7-0050F204-1 device name '[BD] Samsung Ultra HD Blu-ray' config methods 0x188
12-31 21:42:37.554  3960  3960 D wpa_supplicant: P2P: Parsing WPS IE
12-31 21:42:37.554  3960  3960 D wpa_supplicant: P2P: Config Methods (WPS): 0x188
12-31 21:42:37.554  3960  3960 D wpa_supplicant: P2P: Primary Device Type (WPS): 10-0050F204-5
12-31 21:42:37.554  3960  3960 D wpa_supplicant: P2P: Parsing P2P IE
12-31 21:42:37.554  3960  3960 D wpa_supplicant: P2P: Attribute 2 length 2
12-31 21:42:37.554  3960  3960 D wpa_supplicant: P2P: * Device Capability 21 Group Capability 00
12-31 21:42:37.554  3960  3960 D wpa_supplicant: P2P: Attribute 13 length 46
12-31 21:42:37.554  3960  3960 D wpa_supplicant: P2P: * Device Info: addr b6:ad:a3:45:7e:c5 primary device type 10-0050F204-5 device name 'i-Cast(b6:ad:a3:45:7e:c5)' config methods 0x188
12-31 21:42:37.554  3960  3960 D wpa_supplicant: P2P: Do not update peer entry based on old frame (rx_time=765.718756 last_seen=766.629983 flags=0x8002)
12-31 21:42:37.554  3960  3960 D wpa_supplicant: P2P: Ignore scan data without P2P Device Info or P2P Device Id
12-31 21:42:37.554  3960  3960 D wpa_supplicant: P2P: Ignore old scan result for 74:05:a5:65:ca:10 (rx_time=760.662756 find_start=764.100517)
12-31 21:42:37.554  3960  3960 D wpa_supplicant: P2P: Ignore scan data without P2P Device Info or P2P Device Id
12-31 21:42:37.554  3960  3960 D wpa_supplicant: P2P: State SEARCH -> SEARCH
12-31 21:42:37.554  3960  3960 D wpa_supplicant: P2P: Starting short listen state (state=SEARCH)
12-31 21:42:37.555  3960  3960 D wpa_supplicant: WPS:  * Version (hardcoded 0x10)
12-31 21:42:37.555  3960  3960 D wpa_supplicant: WPS:  * UUID-E
12-31 21:42:37.555  3960  3960 D wpa_supplicant: WPS:  * Version2 (0x20)
12-31 21:42:37.555  3960  3960 D wpa_supplicant: P2P: * P2P IE header
12-31 21:42:37.555  3960  3960 D wpa_supplicant: P2P: * Capability dev=21 group=00
12-31 21:42:37.555  3960  3960 D wpa_supplicant: P2P: * Device Info
12-31 21:42:37.555  3960  3960 D wpa_supplicant: p2p0: Add radio work 'p2p-listen'@0xa950d660
12-31 21:42:37.555  3960  3960 D wpa_supplicant: p2p0: First radio work item in the queue - schedule start immediately
12-31 21:42:37.555  3960  3960 D wpa_supplicant: wlan0: Updating scan results from sibling
12-31 21:42:37.555  3960  3960 D wpa_supplicant: nl80211: Received scan results (35 BSSes)
12-31 21:42:37.555  3960  3960 D wpa_supplicant: wlan0: BSS: Start scan result update 269
12-31 21:42:37.556  3960  3960 D wpa_supplicant: BSS: last_scan_res_used=33/64
12-31 21:42:37.556  3960  3960 D wpa_supplicant: p2p0: Starting radio work 'p2p-listen'@0xa950d660 after 0.000904 second wait
12-31 21:42:37.556  3960  3960 D wpa_supplicant: wpa_driver_set_ap_wps_p2p_ie: Entry
12-31 21:42:37.556  3960  3960 D wpa_supplicant: wpa_driver_nl80211_driver_cmd SET_AP_WPS_P2P_IE 2 len = 0, 19
12-31 21:42:37.556  3960  3960 D wpa_supplicant: nl80211: Enable Probe Request reporting nl_preq=0xa951aa48
12-31 21:42:37.556  3960  3960 D wpa_supplicant: nl80211: Register frame type=0x40 (WLAN_FC_STYPE_PROBE_REQ) nl_handle=0xa951aa48 match=
12-31 21:42:37.559  3960  3960 D wpa_supplicant: nl80211: Remain-on-channel cookie 0x15 for freq=2412 MHz duration=307
12-31 21:42:37.559  3960  3960 D wpa_supplicant: nl80211: Ignored event (cmd=55) for foreign interface (ifindex 9 wdev 0x0)
12-31 21:42:37.559  3960  3960 D wpa_supplicant: nl80211: Drv Event 55 (NL80211_CMD_REMAIN_ON_CHANNEL) received for p2p0
12-31 21:42:37.559  3960  3960 D wpa_supplicant: nl80211: Remain-on-channel event (cancel=0 freq=2412 channel_type=0 duration=307 cookie=0x15 (match))
12-31 21:42:37.559  3960  3960 D wpa_supplicant: p2p0: Event REMAIN_ON_CHANNEL (19) received
12-31 21:42:37.559  3960  3960 D wpa_supplicant: Off-channel: Send Action callback (without_roc=0 pending_action_tx=0x0 pending_action_tx_done=0)
12-31 21:42:37.559  3960  3960 D wpa_supplicant: P2P: remain-on-channel callback (off_channel_freq=2412 pending_listen_freq=2412 roc_waiting_drv_freq=0 freq=2412 duration=307)
12-31 21:42:37.559  3960  3960 D wpa_supplicant: P2P: Starting Listen timeout(0,307200) on freq=2412 based on callback
12-31 21:42:37.559  3960  3960 D wpa_supplicant: P2P: Set timeout (state=SEARCH): 0.327200 sec
12-31 21:42:37.887  3960  3960 D wpa_supplicant: P2P: Timeout (state=SEARCH)
12-31 21:42:37.887  3960  3960 D wpa_supplicant: P2P: Driver is still in listen state - stop it
12-31 21:42:37.887  3960  3960 D wpa_supplicant: nl80211: Cancel remain-on-channel with cookie 0x15
12-31 21:42:37.889  3960  3960 D wpa_supplicant: wpa_driver_set_ap_wps_p2p_ie: Entry
12-31 21:42:37.889  3960  3960 D wpa_supplicant: nl80211: Disable Probe Request reporting nl_preq=0x21d922c1
12-31 21:42:37.889  3960  3960 D wpa_supplicant: p2p0: Radio work 'p2p-listen'@0xa950d660 done in 0.333264 seconds
12-31 21:42:37.889  3960  3960 D wpa_supplicant: p2p0: radio_work_free('p2p-listen'@0xa950d660: num_active_works --> 0
12-31 21:42:37.889  3960  3960 D wpa_supplicant: P2P: Driver is still in Listen state - wait for it to end before continuing
12-31 21:42:37.890  3960  3960 D wpa_supplicant: nl80211: Ignored event (cmd=56) for foreign interface (ifindex 9 wdev 0x0)
12-31 21:42:37.890  3960  3960 D wpa_supplicant: nl80211: Drv Event 56 (NL80211_CMD_CANCEL_REMAIN_ON_CHANNEL) received for p2p0
12-31 21:42:37.890  3960  3960 D wpa_supplicant: nl80211: Remain-on-channel event (cancel=1 freq=2412 channel_type=0 duration=0 cookie=0x15 (match))
12-31 21:42:37.890  3960  3960 D wpa_supplicant: p2p0: Event CANCEL_REMAIN_ON_CHANNEL (20) received
12-31 21:42:37.890  3960  3960 D wpa_supplicant: P2P: Cancel remain-on-channel callback (p2p_long_listen=0 ms pending_action_tx=0x0)
12-31 21:42:37.890  3960  3960 D wpa_supplicant: P2P: Driver ended Listen state (freq=2412)
12-31 21:42:37.890  3960  3960 D wpa_supplicant: wpa_driver_set_ap_wps_p2p_ie: Entry
12-31 21:42:37.890  3960  3960 D wpa_supplicant: P2P: Starting search
12-31 21:42:37.890  3960  3960 D wpa_supplicant: WPS: Building WPS IE for Probe Request
12-31 21:42:37.890  3960  3960 D wpa_supplicant: WPS:  * Version (hardcoded 0x10)
12-31 21:42:37.890  3960  3960 D wpa_supplicant: WPS:  * Request Type
12-31 21:42:37.890  3960  3960 D wpa_supplicant: WPS:  * Config Methods (4388)
12-31 21:42:37.890  3960  3960 D wpa_supplicant: WPS:  * UUID-E
12-31 21:42:37.891  3960  3960 D wpa_supplicant: WPS:  * Primary Device Type
12-31 21:42:37.891  3960  3960 D wpa_supplicant: WPS:  * RF Bands (1)
12-31 21:42:37.891  3960  3960 D wpa_supplicant: WPS:  * Association State
12-31 21:42:37.891  3960  3960 D wpa_supplicant: WPS:  * Configuration Error (0)
12-31 21:42:37.891  3960  3960 D wpa_supplicant: WPS:  * Device Password ID (0)
12-31 21:42:37.891  3960  3960 D wpa_supplicant: WPS:  * Manufacturer
12-31 21:42:37.891  3960  3960 D wpa_supplicant: WPS:  * Model Name
12-31 21:42:37.891  3960  3960 D wpa_supplicant: WPS:  * Model Number
12-31 21:42:37.891  3960  3960 D wpa_supplicant: WPS:  * Device Name
12-31 21:42:37.891  3960  3960 D wpa_supplicant: WPS:  * Version2 (0x20)
12-31 21:42:37.891  3960  3960 D wpa_supplicant: WPS:  * Request to Enroll (1)
12-31 21:42:37.891  3960  3960 D wpa_supplicant: P2P: * P2P IE header
12-31 21:42:37.891  3960  3960 D wpa_supplicant: P2P: * Capability dev=21 group=00
12-31 21:42:37.891  3960  3960 D wpa_supplicant: P2P: * Listen Channel: Regulatory Class 81 Channel 1
12-31 21:42:37.891  3960  3960 D wpa_supplicant: p2p0: Add radio work 'p2p-scan'@0xa950d660
12-31 21:42:37.891  3960  3960 D wpa_supplicant: p2p0: First radio work item in the queue - schedule start immediately
12-31 21:42:37.892  3960  3960 D wpa_supplicant: p2p0: Starting radio work 'p2p-scan'@0xa950d660 after 0.000288 second wait
12-31 21:42:37.892  3960  3960 D wpa_supplicant: p2p0: nl80211: scan request
12-31 21:42:37.893  3960  3960 D wpa_supplicant: nl80211: P2P probe - mask SuppRates
12-31 21:42:37.895  3960  3960 D wpa_supplicant: Scan requested (ret=0) - scan timeout 30 seconds
12-31 21:42:37.895  3960  3960 D wpa_supplicant: P2P: Running p2p_scan
12-31 21:42:37.895  3960  3960 D wpa_supplicant: nl80211: Ignored event (cmd=33) for foreign interface (ifindex 9 wdev 0x0)
12-31 21:42:37.895  3960  3960 D wpa_supplicant: nl80211: Drv Event 33 (NL80211_CMD_TRIGGER_SCAN) received for p2p0
12-31 21:42:37.895  3960  3960 D wpa_supplicant: p2p0: nl80211: Scan trigger
12-31 21:42:37.896  3960  3960 D wpa_supplicant: p2p0: Event SCAN_STARTED (46) received
12-31 21:42:37.896  3960  3960 D wpa_supplicant: p2p0: Own scan request started a scan in 0.000569 seconds
12-31 21:42:38.086  3960  3960 D wpa_supplicant: nl80211: Ignored event (cmd=34) for foreign interface (ifindex 9 wdev 0x0)
12-31 21:42:38.086  3960  3960 D wpa_supplicant: nl80211: Drv Event 34 (NL80211_CMD_NEW_SCAN_RESULTS) received for p2p0
12-31 21:42:38.086  3960  3960 D wpa_supplicant: p2p0: nl80211: New scan results available
12-31 21:42:38.086  3960  3960 D wpa_supplicant: nl80211: Scan probed for SSID 'DIRECT-'
12-31 21:42:38.086  3960  3960 D wpa_supplicant: nl80211: Scan included frequencies: 2412 2437 2462
12-31 21:42:38.086  3960  3960 D wpa_supplicant: p2p0: Event SCAN_RESULTS (3) received
12-31 21:42:38.086  3960  3960 D wpa_supplicant: p2p0: Scan completed in 0.190502 seconds
12-31 21:42:38.088  3960  3960 D wpa_supplicant: nl80211: Received scan results (36 BSSes)
12-31 21:42:38.088  3960  3960 D wpa_supplicant: p2p0: BSS: Start scan result update 270
12-31 21:42:38.088  3960  3960 D wpa_supplicant: BSS: last_scan_res_used=34/64
12-31 21:42:38.089  3960  3960 D wpa_supplicant: p2p0: Radio work 'p2p-scan'@0xa950d660 done in 0.196747 seconds
12-31 21:42:38.089  3960  3960 D wpa_supplicant: p2p0: radio_work_free('p2p-scan'@0xa950d660: num_active_works --> 0
12-31 21:42:38.089  3960  3960 D wpa_supplicant: P2P: Scan results received (36 BSS)
12-31 21:42:38.089  3960  3960 D wpa_supplicant: P2P: Ignore scan data without P2P Device Info or P2P Device Id
12-31 21:42:38.089  3960  3960 I chatty  : uid=1010(wifi) /vendor/bin/hw/wpa_supplicant identical 10 lines
12-31 21:42:38.089  3960  3960 D wpa_supplicant: P2P: Ignore scan data without P2P Device Info or P2P Device Id
12-31 21:42:38.089  3960  3960 D wpa_supplicant: P2P: Parsing WPS IE
12-31 21:42:38.089  3960  3960 D wpa_supplicant: P2P: Config Methods (WPS): 0x0
12-31 21:42:38.089  3960  3960 D wpa_supplicant: P2P: Primary Device Type (WPS): 7-0050F200-0
12-31 21:42:38.089  3960  3960 D wpa_supplicant: P2P: Parsing P2P IE
12-31 21:42:38.089  3960  3960 D wpa_supplicant: P2P: Attribute 2 length 2
12-31 21:42:38.090  3960  3960 D wpa_supplicant: P2P: * Device Capability 25 Group Capability 8b
12-31 21:42:38.090  3960  3960 D wpa_supplicant: P2P: Attribute 13 length 35
12-31 21:42:38.090  3960  3960 D wpa_supplicant: P2P: * Device Info: addr 34:f6:4b:6b:90:0f primary device type 7-0050F200-0 device name 'SY-ITPC-000356' config methods 0x80
12-31 21:42:38.090  3960  3960 D wpa_supplicant: P2P: Ignore scan data without P2P Device Info or P2P Device Id
12-31 21:42:38.090  3960  3960 D wpa_supplicant: P2P: Ignore scan data without P2P Device Info or P2P Device Id
12-31 21:42:38.090  3960  3960 D wpa_supplicant: P2P: Parsing WPS IE
12-31 21:42:38.090  3960  3960 D wpa_supplicant: P2P: Config Methods (WPS): 0x680
12-31 21:42:38.090  3960  3960 D wpa_supplicant: P2P: Ignore scan data without P2P Device Info or P2P Device Id
12-31 21:42:38.090  3960  3960 D wpa_supplicant: P2P: Ignore old scan result for 9c:a6:15:b1:b2:8e (rx_time=763.853799 find_start=764.100517)
12-31 21:42:38.090  3960  3960 D wpa_supplicant: P2P: Ignore scan data without P2P Device Info or P2P Device Id
12-31 21:42:38.090  3960  3960 I chatty  : uid=1010(wifi) /vendor/bin/hw/wpa_supplicant identical 2 lines
12-31 21:42:38.091  3960  3960 D wpa_supplicant: P2P: Ignore scan data without P2P Device Info or P2P Device Id
12-31 21:42:38.091  3960  3960 D wpa_supplicant: P2P: Ignore old scan result for b0:95:8e:c7:a4:5f (rx_time=762.025799 find_start=764.100517)
12-31 21:42:38.091  3960  3960 D wpa_supplicant: P2P: Ignore scan data without P2P Device Info or P2P Device Id
12-31 21:42:38.091  3960  3960 D wpa_supplicant: P2P: Parsing WPS IE
12-31 21:42:38.091  3960  3960 D wpa_supplicant: P2P: Primary Device Type (WPS): 1-0050F200-0
12-31 21:42:38.091  3960  3960 D wpa_supplicant: P2P: Parsing P2P IE
12-31 21:42:38.091  3960  3960 D wpa_supplicant: P2P: Attribute 12 length 28
12-31 21:42:38.091  3960  3960 D wpa_supplicant: P2P: * Notice of Absence
12-31 21:42:38.091  3960  3960 D wpa_supplicant: P2P: Ignore scan data without P2P Device Info or P2P Device Id
12-31 21:42:38.091  3960  3960 I chatty  : uid=1010(wifi) /vendor/bin/hw/wpa_supplicant identical 2 lines
12-31 21:42:38.091  3960  3960 D wpa_supplicant: P2P: Ignore scan data without P2P Device Info or P2P Device Id
12-31 21:42:38.091  3960  3960 D wpa_supplicant: P2P: Ignore old scan result for c0:ff:d4:97:66:6c (rx_time=761.605799 find_start=764.100517)
12-31 21:42:38.091  3960  3960 D wpa_supplicant: P2P: Parsing WPS IE
12-31 21:42:38.091  3960  3960 D wpa_supplicant: P2P: Config Methods (WPS): 0x4108
12-31 21:42:38.091  3960  3960 D wpa_supplicant: P2P: Primary Device Type (WPS): 10-0050F204-5
12-31 21:42:38.091  3960  3960 D wpa_supplicant: P2P: Parsing P2P IE
12-31 21:42:38.091  3960  3960 D wpa_supplicant: P2P: Attribute 2 length 2
12-31 21:42:38.091  3960  3960 D wpa_supplicant: P2P: * Device Capability 25 Group Capability 2b
12-31 21:42:38.091  3960  3960 D wpa_supplicant: P2P: Attribute 13 length 26
12-31 21:42:38.091  3960  3960 D wpa_supplicant: P2P: * Device Info: addr 46:59:e3:ed:64:30 primary device type 10-0050F204-5 device name 'MIDTe' config methods 0x188
12-31 21:42:38.091  3960  3960 D wpa_supplicant: P2P: Attribute 14 length 41
12-31 21:42:38.092  3960  3960 D wpa_supplicant: P2P: * Group Info
12-31 21:42:38.092  3960  3960 D wpa_supplicant: P2P: Ignore scan data without P2P Device Info or P2P Device Id
12-31 21:42:38.092  3960  3960 D wpa_supplicant: P2P: Parsing WPS IE
12-31 21:42:38.092  3960  3960 D wpa_supplicant: P2P: Config Methods (WPS): 0x4388
12-31 21:42:38.092  3960  3960 D wpa_supplicant: P2P: Primary Device Type (WPS): 7-0050F204-1
12-31 21:42:38.092  3960  3960 D wpa_supplicant: P2P: Parsing P2P IE
12-31 21:42:38.092  3960  3960 D wpa_supplicant: P2P: Attribute 2 length 2
12-31 21:42:38.092  3960  3960 D wpa_supplicant: P2P: * Device Capability 25 Group Capability 00
12-31 21:42:38.092  3960  3960 D wpa_supplicant: P2P: Attribute 13 length 50
12-31 21:42:38.092  3960  3960 D wpa_supplicant: P2P: * Device Info: addr da:e0:e1:1a:8a:3c primary device type 7-0050F204-1 device name '[BD] Samsung Ultra HD Blu-ray' config methods 0x188
12-31 21:42:38.092  3960  3960 D wpa_supplicant: P2P: Parsing WPS IE
12-31 21:42:38.092  3960  3960 D wpa_supplicant: P2P: Config Methods (WPS): 0x188
12-31 21:42:38.092  3960  3960 D wpa_supplicant: P2P: Primary Device Type (WPS): 10-0050F204-5
12-31 21:42:38.092  3960  3960 D wpa_supplicant: P2P: Parsing P2P IE
12-31 21:42:38.092  3960  3960 D wpa_supplicant: P2P: Attribute 2 length 2
12-31 21:42:38.092  3960  3960 D wpa_supplicant: P2P: * Device Capability 21 Group Capability 00
12-31 21:42:38.092  3960  3960 D wpa_supplicant: P2P: Attribute 13 length 46
12-31 21:42:38.092  3960  3960 D wpa_supplicant: P2P: * Device Info: addr b6:ad:a3:45:7e:c5 primary device type 10-0050F204-5 device name 'i-Cast(b6:ad:a3:45:7e:c5)' config methods 0x188
12-31 21:42:38.092  3960  3960 D wpa_supplicant: P2P: Do not update peer entry based on old frame (rx_time=765.717799 last_seen=766.629983 flags=0x8002)
12-31 21:42:38.092  3960  3960 D wpa_supplicant: P2P: Ignore scan data without P2P Device Info or P2P Device Id
12-31 21:42:38.092  3960  3960 D wpa_supplicant: P2P: Ignore scan data without P2P Device Info or P2P Device Id
12-31 21:42:38.092  3960  3960 D wpa_supplicant: P2P: Ignore old scan result for 74:05:a5:65:ca:10 (rx_time=760.661799 find_start=764.100517)
12-31 21:42:38.092  3960  3960 D wpa_supplicant: P2P: Ignore scan data without P2P Device Info or P2P Device Id
12-31 21:42:38.093  3960  3960 D wpa_supplicant: P2P: State SEARCH -> SEARCH
12-31 21:42:38.093  3960  3960 D wpa_supplicant: P2P: Starting short listen state (state=SEARCH)
12-31 21:42:38.093  3960  3960 D wpa_supplicant: WPS:  * Version (hardcoded 0x10)
12-31 21:42:38.093  3960  3960 D wpa_supplicant: WPS:  * UUID-E
12-31 21:42:38.093  3960  3960 D wpa_supplicant: WPS:  * Version2 (0x20)
12-31 21:42:38.093  3960  3960 D wpa_supplicant: P2P: * P2P IE header
12-31 21:42:38.093  3960  3960 D wpa_supplicant: P2P: * Capability dev=21 group=00
12-31 21:42:38.093  3960  3960 D wpa_supplicant: P2P: * Device Info
12-31 21:42:38.093  3960  3960 D wpa_supplicant: p2p0: Add radio work 'p2p-listen'@0xa950d660
12-31 21:42:38.093  3960  3960 D wpa_supplicant: p2p0: First radio work item in the queue - schedule start immediately
12-31 21:42:38.094  3960  3960 D wpa_supplicant: wlan0: Updating scan results from sibling
12-31 21:42:38.095  3960  3960 D wpa_supplicant: nl80211: Received scan results (36 BSSes)
12-31 21:42:38.096  3960  3960 D wpa_supplicant: wlan0: BSS: Start scan result update 270
12-31 21:42:38.096  3960  3960 D wpa_supplicant: BSS: last_scan_res_used=34/64
12-31 21:42:38.096  3960  3960 D wpa_supplicant: p2p0: Starting radio work 'p2p-listen'@0xa950d660 after 0.002682 second wait
12-31 21:42:38.096  3960  3960 D wpa_supplicant: wpa_driver_set_ap_wps_p2p_ie: Entry
12-31 21:42:38.096  3960  3960 D wpa_supplicant: wpa_driver_nl80211_driver_cmd SET_AP_WPS_P2P_IE 2 len = 0, 19
12-31 21:42:38.096  3960  3960 D wpa_supplicant: nl80211: Enable Probe Request reporting nl_preq=0xa951aa48
12-31 21:42:38.096  3960  3960 D wpa_supplicant: nl80211: Register frame type=0x40 (WLAN_FC_STYPE_PROBE_REQ) nl_handle=0xa951aa48 match=
12-31 21:42:38.098  3469  3503 V WifiNative: Received iface link up/down notification on an invalid iface=p2p0
12-31 21:42:38.098  3469  3503 I EthernetTracker: interfaceLinkStateChanged, iface: p2p0, up: false
12-31 21:42:38.101  3960  3960 D wpa_supplicant: nl80211: Remain-on-channel cookie 0x16 for freq=2412 MHz duration=307
12-31 21:42:38.101  3960  3960 D wpa_supplicant: RTM_NEWLINK: ifi_index=9 ifname=p2p0 wext ifi_family=0 ifi_flags=0x1003 ([UP])
12-31 21:42:38.102  3960  3960 D wpa_supplicant: nl80211: Ignored event (cmd=55) for foreign interface (ifindex 9 wdev 0x0)
12-31 21:42:38.102  3960  3960 D wpa_supplicant: nl80211: Drv Event 55 (NL80211_CMD_REMAIN_ON_CHANNEL) received for p2p0
12-31 21:42:38.102  3960  3960 D wpa_supplicant: nl80211: Remain-on-channel event (cancel=0 freq=2412 channel_type=0 duration=307 cookie=0x16 (match))
12-31 21:42:38.102  3960  3960 D wpa_supplicant: p2p0: Event REMAIN_ON_CHANNEL (19) received
12-31 21:42:38.102  3960  3960 D wpa_supplicant: Off-channel: Send Action callback (without_roc=0 pending_action_tx=0x0 pending_action_tx_done=0)
12-31 21:42:38.102  3960  3960 D wpa_supplicant: P2P: remain-on-channel callback (off_channel_freq=2412 pending_listen_freq=2412 roc_waiting_drv_freq=0 freq=2412 duration=307)
12-31 21:42:38.102  3960  3960 D wpa_supplicant: P2P: Starting Listen timeout(0,307200) on freq=2412 based on callback
12-31 21:42:38.102  3960  3960 D wpa_supplicant: P2P: Set timeout (state=SEARCH): 0.327200 sec
12-31 21:42:38.430  3960  3960 D wpa_supplicant: P2P: Timeout (state=SEARCH)
12-31 21:42:38.430  3960  3960 D wpa_supplicant: P2P: Driver is still in listen state - stop it
12-31 21:42:38.430  3960  3960 D wpa_supplicant: nl80211: Cancel remain-on-channel with cookie 0x16
12-31 21:42:38.431  3960  3960 D wpa_supplicant: wpa_driver_set_ap_wps_p2p_ie: Entry
12-31 21:42:38.431  3960  3960 D wpa_supplicant: nl80211: Disable Probe Request reporting nl_preq=0x21d922c1
12-31 21:42:38.432  3960  3960 D wpa_supplicant: p2p0: Radio work 'p2p-listen'@0xa950d660 done in 0.335397 seconds
12-31 21:42:38.432  3960  3960 D wpa_supplicant: p2p0: radio_work_free('p2p-listen'@0xa950d660: num_active_works --> 0
12-31 21:42:38.432  3960  3960 D wpa_supplicant: P2P: Driver is still in Listen state - wait for it to end before continuing
12-31 21:42:38.432  3960  3960 D wpa_supplicant: nl80211: Ignored event (cmd=56) for foreign interface (ifindex 9 wdev 0x0)
12-31 21:42:38.432  3960  3960 D wpa_supplicant: nl80211: Drv Event 56 (NL80211_CMD_CANCEL_REMAIN_ON_CHANNEL) received for p2p0
12-31 21:42:38.432  3960  3960 D wpa_supplicant: nl80211: Remain-on-channel event (cancel=1 freq=2412 channel_type=0 duration=0 cookie=0x16 (match))
12-31 21:42:38.432  3960  3960 D wpa_supplicant: p2p0: Event CANCEL_REMAIN_ON_CHANNEL (20) received
12-31 21:42:38.432  3960  3960 D wpa_supplicant: P2P: Cancel remain-on-channel callback (p2p_long_listen=0 ms pending_action_tx=0x0)
12-31 21:42:38.432  3960  3960 D wpa_supplicant: P2P: Driver ended Listen state (freq=2412)
