12-31 21:42:19.164  3960  3960 D wpa_supplicant: wlan0: BSS: Add new id 360 BSSID e4:46:da:e9:ef:30 SSID 'John~shi' freq 2472
12-31 21:42:19.165  3960  3960 D wpa_supplicant: wlan0: BSS: Do not update scan IEs for 36:f6:4b:6b:90:0e since that would remove P2P IE information
12-31 21:42:19.165  3960  3960 D wpa_supplicant: wlan0: BSS: Add new id 361 BSSID 70:af:6a:28:ac:a7 SSID 'Terry_FHJ' freq 2412
12-31 21:42:19.165  3960  3960 D wpa_supplicant: BSS: last_scan_res_used=35/64
12-31 21:42:19.165  3960  3960 D wpa_supplicant: wlan0: New scan results available (own=0 ext=1)
12-31 21:42:19.166  3960  3960 D wpa_supplicant: wlan0: Do not use results from externally requested scan operation for network selection
12-31 21:42:19.166  3960  3960 D wpa_supplicant: p2p0: Updating scan results from sibling
12-31 21:42:19.170  3960  3960 D wpa_supplicant: nl80211: Received scan results (35 BSSes)
12-31 21:42:19.171  3960  3960 D wpa_supplicant: p2p0: BSS: Start scan result update 250
12-31 21:42:19.171  3960  3960 D wpa_supplicant: p2p0: BSS: Add new id 360 BSSID d0:ef:c1:cc:fb:41 SSID '\x00' freq 2427
12-31 21:42:19.171  3960  3960 D wpa_supplicant: p2p0: BSS: Add new id 361 BSSID e4:46:da:e9:ef:30 SSID 'John~shi' freq 2472
12-31 21:42:19.171  3960  3960 D wpa_supplicant: p2p0: BSS: Do not update scan IEs for 36:f6:4b:6b:90:0e since that would remove P2P IE information
12-31 21:42:19.171  3960  3960 D wpa_supplicant: p2p0: BSS: Add new id 362 BSSID 70:af:6a:28:ac:a7 SSID 'Terry_FHJ' freq 2412
12-31 21:42:19.172  3960  3960 D wpa_supplicant: BSS: last_scan_res_used=35/64
12-31 21:42:19.172  3960  3960 D wpa_supplicant: p2p0: New scan results available (own=0 ext=1)
12-31 21:42:19.172  3960  3960 D wpa_supplicant: p2p0: Do not use results from externally requested scan operation for network selection
12-31 21:42:19.177  3469  3575 D WificondControl: get 35 scan results from wificond
12-31 21:42:19.178  3469  3575 D WifiAsyncChannel.WifiScanningService: sendMessage sendMessage message=159764
12-31 21:42:19.196  3469  3575 I chatty  : uid=1000(system) WifiScanningSer identical 68 lines
12-31 21:42:19.196  3469  3575 D WifiAsyncChannel.WifiScanningService: sendMessage sendMessage message=159764
12-31 21:42:19.197  3469  3575 D WifiAsyncChannel.WifiScanningService: sendMessage sendMessage message=159749
12-31 21:42:19.197  3469  3575 D WifiAsyncChannel.WifiScanningService: sendMessage sendMessage message=159767
12-31 21:42:19.197  3469  3575 D WifiAsyncChannel.WifiScanningService: sendMessage sendMessage message=159749
12-31 21:42:19.198  3469  3574 D WifiStateMachine: Supplicant is under steady state: INACTIVE
12-31 21:42:19.198  3469  3574 V WifiConfigManager: Clear network candidate scan result for 0
12-31 21:42:19.199  3469  3574 V WifiLastResortWatchdog: updateAvailableNetworks: size = 0
12-31 21:42:19.199  3469  3574 V WifiLastResortWatchdog: mWatchdogAllowedToTrigger: true
12-31 21:42:19.199  3469  3574 V WifiLastResortWatchdog: mWifiIsConnected: false
12-31 21:42:19.199  3469  3574 V WifiLastResortWatchdog: mRecentAvailableNetworks: 0
12-31 21:42:19.199  3469  3574 V WifiLastResortWatchdog: mSsidFailureCount:
12-31 21:42:21.117  3469  3575 D WifiHandler.WifiScanningService: handleMessage Received message=159765d sendingUid=1000
12-31 21:42:21.118  3469  3575 D WifiScanningService: replySucceeded replySucceeded recvdMessage=159765
12-31 21:42:21.132  3960  3960 D wpa_supplicant: nl80211: Drv Event 33 (NL80211_CMD_TRIGGER_SCAN) received for wlan0
12-31 21:42:21.132  3960  3960 D wpa_supplicant: wlan0: nl80211: Scan trigger
12-31 21:42:21.132  3960  3960 D wpa_supplicant: wlan0: Event SCAN_STARTED (46) received
12-31 21:42:21.132  3960  3960 D wpa_supplicant: wlan0: External program started a scan
12-31 21:42:22.125  3960  3960 D wpa_supplicant: RTM_NEWLINK: ifi_index=8 ifname=wlan0 wext ifi_family=0 ifi_flags=0x1003 ([UP])
12-31 21:42:22.126  3469  3480 D WificondControl: Scan result ready event
12-31 21:42:22.126  3960  3960 D wpa_supplicant: nl80211: Drv Event 34 (NL80211_CMD_NEW_SCAN_RESULTS) received for wlan0
12-31 21:42:22.126  3960  3960 D wpa_supplicant: wlan0: nl80211: New scan results available
12-31 21:42:22.126  3960  3960 D wpa_supplicant: nl80211: Scan probed for SSID ''
12-31 21:42:22.126  3960  3960 D wpa_supplicant: nl80211: Scan included frequencies: 2412 2417 2422 2427 2432 2437 2442 2447 2452 2457 2462 2467 2472 2484
12-31 21:42:22.126  3960  3960 D wpa_supplicant: wlan0: Event SCAN_RESULTS (3) received
12-31 21:42:22.128  3960  3960 D wpa_supplicant: nl80211: Received scan results (35 BSSes)
12-31 21:42:22.128  3960  3960 D wpa_supplicant: wlan0: BSS: Start scan result update 251
12-31 21:42:22.128  3960  3960 D wpa_supplicant: wlan0: BSS: Do not update scan IEs for 36:f6:4b:6b:90:0e since that would remove P2P IE information
12-31 21:42:22.128  3960  3960 D wpa_supplicant: wlan0: BSS: Add new id 362 BSSID 78:44:fd:08:56:b8 SSID 'uk' freq 2437
12-31 21:42:22.128  3960  3960 D wpa_supplicant: wlan0: BSS: Add new id 363 BSSID 1c:5f:2b:71:3a:2d SSID '\x00\x00\x00\x00\x00\x00\x00\x00\x00' freq 2462
12-31 21:42:22.128  3960  3960 D wpa_supplicant: wlan0: BSS: Add new id 364 BSSID d0:ef:c1:cc:fb:40 SSID 'CVTE' freq 2427
12-31 21:42:22.128  3960  3960 D wpa_supplicant: wlan0: BSS: Remove id 313 BSSID 20:6b:e7:59:5c:d2 SSID '977' due to no match in scan
12-31 21:42:22.128  3960  3960 D wpa_supplicant: BSS: last_scan_res_used=35/64
12-31 21:42:22.128  3960  3960 D wpa_supplicant: wlan0: New scan results available (own=0 ext=1)
12-31 21:42:22.128  3960  3960 D wpa_supplicant: wlan0: Do not use results from externally requested scan operation for network selection
12-31 21:42:22.128  3960  3960 D wpa_supplicant: p2p0: Updating scan results from sibling
12-31 21:42:22.129  3960  3960 D wpa_supplicant: nl80211: Received scan results (35 BSSes)
12-31 21:42:22.129  3960  3960 D wpa_supplicant: p2p0: BSS: Start scan result update 251
12-31 21:42:22.129  3960  3960 D wpa_supplicant: p2p0: BSS: Do not update scan IEs for 36:f6:4b:6b:90:0e since that would remove P2P IE information
12-31 21:42:22.129  3960  3960 D wpa_supplicant: p2p0: BSS: Add new id 363 BSSID 78:44:fd:08:56:b8 SSID 'uk' freq 2437
12-31 21:42:22.129  3960  3960 D wpa_supplicant: p2p0: BSS: Add new id 364 BSSID 1c:5f:2b:71:3a:2d SSID '\x00\x00\x00\x00\x00\x00\x00\x00\x00' freq 2462
12-31 21:42:22.129  3960  3960 D wpa_supplicant: p2p0: BSS: Add new id 365 BSSID d0:ef:c1:cc:fb:40 SSID 'CVTE' freq 2427
12-31 21:42:22.129  3960  3960 D wpa_supplicant: p2p0: BSS: Remove id 314 BSSID 20:6b:e7:59:5c:d2 SSID '977' due to no match in scan
12-31 21:42:22.129  3960  3960 D wpa_supplicant: BSS: last_scan_res_used=35/64
12-31 21:42:22.129  3960  3960 D wpa_supplicant: p2p0: New scan results available (own=0 ext=1)
12-31 21:42:22.129  3960  3960 D wpa_supplicant: p2p0: Do not use results from externally requested scan operation for network selection
12-31 21:42:22.130  3469  3503 V WifiNative: Interface status unchanged on Iface:{Name=wlan0,Id=0,Type=STA} from true, Ignoring...
12-31 21:42:22.130  3469  3503 I EthernetTracker: interfaceLinkStateChanged, iface: wlan0, up: false
12-31 21:42:22.133  3469  3575 D WificondControl: get 35 scan results from wificond
12-31 21:42:22.134  3469  3575 D WifiAsyncChannel.WifiScanningService: sendMessage sendMessage message=159764
12-31 21:42:22.146  3469  3575 I chatty  : uid=1000(system) WifiScanningSer identical 68 lines
12-31 21:42:22.146  3469  3575 D WifiAsyncChannel.WifiScanningService: sendMessage sendMessage message=159764
12-31 21:42:22.146  3469  3575 D WifiAsyncChannel.WifiScanningService: sendMessage sendMessage message=159749
12-31 21:42:22.146  3469  3575 D WifiAsyncChannel.WifiScanningService: sendMessage sendMessage message=159767
12-31 21:42:22.147  3469  3575 D WifiAsyncChannel.WifiScanningService: sendMessage sendMessage message=159749
12-31 21:42:22.147  3469  3574 D WifiStateMachine: Supplicant is under steady state: INACTIVE
12-31 21:42:22.147  3469  3574 V WifiConfigManager: Clear network candidate scan result for 0
12-31 21:42:22.148  3469  3574 V WifiLastResortWatchdog: updateAvailableNetworks: size = 0
12-31 21:42:22.148  3469  3574 V WifiLastResortWatchdog: mWatchdogAllowedToTrigger: true
12-31 21:42:22.148  3469  3574 V WifiLastResortWatchdog: mWifiIsConnected: false
12-31 21:42:22.148  3469  3574 V WifiLastResortWatchdog: mRecentAvailableNetworks: 0
12-31 21:42:22.148  3469  3574 V WifiLastResortWatchdog: mSsidFailureCount:
12-31 21:42:24.118  3469  3575 D WifiHandler.WifiScanningService: handleMessage Received message=159765d sendingUid=1000
12-31 21:42:24.120  3469  3575 D WifiScanningService: replySucceeded replySucceeded recvdMessage=159765
12-31 21:42:24.142  3960  3960 D wpa_supplicant: nl80211: Drv Event 33 (NL80211_CMD_TRIGGER_SCAN) received for wlan0
12-31 21:42:24.142  3960  3960 D wpa_supplicant: wlan0: nl80211: Scan trigger
12-31 21:42:24.142  3960  3960 D wpa_supplicant: wlan0: Event SCAN_STARTED (46) received
12-31 21:42:24.142  3960  3960 D wpa_supplicant: wlan0: External program started a scan
12-31 21:42:25.136  3960  3960 D wpa_supplicant: RTM_NEWLINK: ifi_index=8 ifname=wlan0 wext ifi_family=0 ifi_flags=0x1003 ([UP])
12-31 21:42:25.136  3469  3480 D WificondControl: Scan result ready event
12-31 21:42:25.137  3960  3960 D wpa_supplicant: nl80211: Drv Event 34 (NL80211_CMD_NEW_SCAN_RESULTS) received for wlan0
12-31 21:42:25.137  3960  3960 D wpa_supplicant: wlan0: nl80211: New scan results available
12-31 21:42:25.137  3960  3960 D wpa_supplicant: nl80211: Scan probed for SSID ''
12-31 21:42:25.137  3960  3960 D wpa_supplicant: nl80211: Scan included frequencies: 2412 2417 2422 2427 2432 2437 2442 2447 2452 2457 2462 2467 2472 2484
12-31 21:42:25.137  3960  3960 D wpa_supplicant: wlan0: Event SCAN_RESULTS (3) received
12-31 21:42:25.138  3960  3960 D wpa_supplicant: nl80211: Received scan results (36 BSSes)
12-31 21:42:25.139  3960  3960 D wpa_supplicant: wlan0: BSS: Start scan result update 252
12-31 21:42:25.139  3960  3960 D wpa_supplicant: wlan0: BSS: Add new id 365 BSSID 20:6b:e7:59:5c:d2 SSID '977' freq 2437
12-31 21:42:25.139  3960  3960 D wpa_supplicant: wlan0: BSS: Do not update scan IEs for 36:f6:4b:6b:90:0e since that would remove P2P IE information
12-31 21:42:25.139  3960  3960 D wpa_supplicant: wlan0: BSS: Remove id 327 BSSID 04:02:1f:55:52:c0 SSID 'INDIA_VPN' due to no match in scan
12-31 21:42:25.139  3960  3960 D wpa_supplicant: BSS: last_scan_res_used=36/64
12-31 21:42:25.139  3960  3960 D wpa_supplicant: wlan0: New scan results available (own=0 ext=1)
12-31 21:42:25.139  3960  3960 D wpa_supplicant: wlan0: Do not use results from externally requested scan operation for network selection
12-31 21:42:25.139  3960  3960 D wpa_supplicant: p2p0: Updating scan results from sibling
12-31 21:42:25.139  3960  3960 D wpa_supplicant: nl80211: Received scan results (36 BSSes)
12-31 21:42:25.140  3960  3960 D wpa_supplicant: p2p0: BSS: Start scan result update 252
12-31 21:42:25.140  3960  3960 D wpa_supplicant: p2p0: BSS: Add new id 366 BSSID 20:6b:e7:59:5c:d2 SSID '977' freq 2437
12-31 21:42:25.140  3960  3960 D wpa_supplicant: p2p0: BSS: Do not update scan IEs for 36:f6:4b:6b:90:0e since that would remove P2P IE information
12-31 21:42:25.140  3960  3960 D wpa_supplicant: p2p0: BSS: Remove id 328 BSSID 04:02:1f:55:52:c0 SSID 'INDIA_VPN' due to no match in scan
12-31 21:42:25.140  3960  3960 D wpa_supplicant: BSS: last_scan_res_used=36/64
12-31 21:42:25.140  3960  3960 D wpa_supplicant: p2p0: New scan results available (own=0 ext=1)
12-31 21:42:25.140  3960  3960 D wpa_supplicant: p2p0: Do not use results from externally requested scan operation for network selection
12-31 21:42:25.141  3469  3503 V WifiNative: Interface status unchanged on Iface:{Name=wlan0,Id=0,Type=STA} from true, Ignoring...
12-31 21:42:25.141  3469  3503 I EthernetTracker: interfaceLinkStateChanged, iface: wlan0, up: false
12-31 21:42:25.147  3469  3575 D WificondControl: get 36 scan results from wificond
12-31 21:42:25.147  3469  3575 D WifiAsyncChannel.WifiScanningService: sendMessage sendMessage message=159764
12-31 21:42:25.160  3469  3575 I chatty  : uid=1000(system) WifiScanningSer identical 70 lines
12-31 21:42:25.160  3469  3575 D WifiAsyncChannel.WifiScanningService: sendMessage sendMessage message=159764
12-31 21:42:25.160  3469  3575 D WifiAsyncChannel.WifiScanningService: sendMessage sendMessage message=159749
12-31 21:42:25.160  3469  3575 D WifiAsyncChannel.WifiScanningService: sendMessage sendMessage message=159767
12-31 21:42:25.161  3469  3575 D WifiAsyncChannel.WifiScanningService: sendMessage sendMessage message=159749
12-31 21:42:25.161  3469  3574 D WifiStateMachine: Supplicant is under steady state: INACTIVE
12-31 21:42:25.161  3469  3574 V WifiConfigManager: Clear network candidate scan result for 0
12-31 21:42:25.162  3469  3574 V WifiLastResortWatchdog: updateAvailableNetworks: size = 0
12-31 21:42:25.163  3469  3574 V WifiLastResortWatchdog: mWatchdogAllowedToTrigger: true
12-31 21:42:25.163  3469  3574 V WifiLastResortWatchdog: mWifiIsConnected: false
12-31 21:42:25.163  3469  3574 V WifiLastResortWatchdog: mRecentAvailableNetworks: 0
12-31 21:42:25.163  3469  3574 V WifiLastResortWatchdog: mSsidFailureCount:
12-31 21:42:27.119  3469  3575 D WifiHandler.WifiScanningService: handleMessage Received message=159765d sendingUid=1000
12-31 21:42:27.121  3469  3575 D WifiScanningService: replySucceeded replySucceeded recvdMessage=159765
12-31 21:42:27.143  3960  3960 D wpa_supplicant: nl80211: Drv Event 33 (NL80211_CMD_TRIGGER_SCAN) received for wlan0
12-31 21:42:27.143  3960  3960 D wpa_supplicant: wlan0: nl80211: Scan trigger
12-31 21:42:27.143  3960  3960 D wpa_supplicant: wlan0: Event SCAN_STARTED (46) received
12-31 21:42:27.143  3960  3960 D wpa_supplicant: wlan0: External program started a scan
12-31 21:42:28.141  3960  3960 D wpa_supplicant: RTM_NEWLINK: ifi_index=8 ifname=wlan0 wext ifi_family=0 ifi_flags=0x1003 ([UP])
12-31 21:42:28.141  3469  3480 D WificondControl: Scan result ready event
12-31 21:42:28.141  3960  3960 D wpa_supplicant: nl80211: Drv Event 34 (NL80211_CMD_NEW_SCAN_RESULTS) received for wlan0
12-31 21:42:28.141  3960  3960 D wpa_supplicant: wlan0: nl80211: New scan results available
12-31 21:42:28.141  3960  3960 D wpa_supplicant: nl80211: Scan probed for SSID ''
12-31 21:42:28.142  3960  3960 D wpa_supplicant: nl80211: Scan included frequencies: 2412 2417 2422 2427 2432 2437 2442 2447 2452 2457 2462 2467 2472 2484
12-31 21:42:28.142  3960  3960 D wpa_supplicant: wlan0: Event SCAN_RESULTS (3) received
12-31 21:42:28.146  3960  3960 D wpa_supplicant: nl80211: Received scan results (32 BSSes)
12-31 21:42:28.148  3469  3503 V WifiNative: Interface status unchanged on Iface:{Name=wlan0,Id=0,Type=STA} from true, Ignoring...
12-31 21:42:28.148  3469  3503 I EthernetTracker: interfaceLinkStateChanged, iface: wlan0, up: false
12-31 21:42:28.148  3960  3960 D wpa_supplicant: wlan0: BSS: Start scan result update 253
12-31 21:42:28.149  3960  3960 D wpa_supplicant: wlan0: BSS: Do not update scan IEs for 36:f6:4b:6b:90:0e since that would remove P2P IE information
12-31 21:42:28.149  3960  3960 D wpa_supplicant: wlan0: BSS: Add new id 366 BSSID 04:02:1f:55:52:c0 SSID 'INDIA_VPN' freq 2432
12-31 21:42:28.149  3960  3960 D wpa_supplicant: wlan0: BSS: Remove id 357 BSSID 9c:a6:15:56:5a:23 SSID '' due to no match in scan
12-31 21:42:28.149  3960  3960 D wpa_supplicant: wlan0: BSS: Remove id 330 BSSID 20:6b:e7:59:5c:a4 SSID 'czh' due to no match in scan
12-31 21:42:28.149  3960  3960 D wpa_supplicant: BSS: last_scan_res_used=32/64
12-31 21:42:28.149  3960  3960 D wpa_supplicant: wlan0: New scan results available (own=0 ext=1)
12-31 21:42:28.149  3960  3960 D wpa_supplicant: wlan0: Do not use results from externally requested scan operation for network selection
12-31 21:42:28.149  3960  3960 D wpa_supplicant: p2p0: Updating scan results from sibling
12-31 21:42:28.150  3960  3960 D wpa_supplicant: nl80211: Received scan results (32 BSSes)
12-31 21:42:28.150  3960  3960 D wpa_supplicant: p2p0: BSS: Start scan result update 253
12-31 21:42:28.150  3960  3960 D wpa_supplicant: p2p0: BSS: Do not update scan IEs for 36:f6:4b:6b:90:0e since that would remove P2P IE information
12-31 21:42:28.150  3960  3960 D wpa_supplicant: p2p0: BSS: Add new id 367 BSSID 04:02:1f:55:52:c0 SSID 'INDIA_VPN' freq 2432
12-31 21:42:28.150  3960  3960 D wpa_supplicant: p2p0: BSS: Remove id 358 BSSID 9c:a6:15:56:5a:23 SSID '' due to no match in scan
12-31 21:42:28.151  3960  3960 D wpa_supplicant: p2p0: BSS: Remove id 331 BSSID 20:6b:e7:59:5c:a4 SSID 'czh' due to no match in scan
12-31 21:42:28.151  3960  3960 D wpa_supplicant: BSS: last_scan_res_used=32/64
12-31 21:42:28.151  3960  3960 D wpa_supplicant: p2p0: New scan results available (own=0 ext=1)
12-31 21:42:28.151  3960  3960 D wpa_supplicant: p2p0: Do not use results from externally requested scan operation for network selection
12-31 21:42:28.155  3469  3575 D WificondControl: get 32 scan results from wificond
12-31 21:42:28.156  3469  3575 D WifiAsyncChannel.WifiScanningService: sendMessage sendMessage message=159764
12-31 21:42:28.172  3469  3575 I chatty  : uid=1000(system) WifiScanningSer identical 62 lines
12-31 21:42:28.173  3469  3575 D WifiAsyncChannel.WifiScanningService: sendMessage sendMessage message=159764
12-31 21:42:28.173  3469  3575 D WifiAsyncChannel.WifiScanningService: sendMessage sendMessage message=159749
12-31 21:42:28.173  3469  3575 D WifiAsyncChannel.WifiScanningService: sendMessage sendMessage message=159767
12-31 21:42:28.174  3469  3575 D WifiAsyncChannel.WifiScanningService: sendMessage sendMessage message=159749
12-31 21:42:28.174  3469  3574 D WifiStateMachine: Supplicant is under steady state: INACTIVE
12-31 21:42:28.175  3469  3574 V WifiConfigManager: Clear network candidate scan result for 0
12-31 21:42:28.176  3469  3574 V WifiLastResortWatchdog: updateAvailableNetworks: size = 0
12-31 21:42:28.176  3469  3574 V WifiLastResortWatchdog: mWatchdogAllowedToTrigger: true
12-31 21:42:28.176  3469  3574 V WifiLastResortWatchdog: mWifiIsConnected: false
12-31 21:42:28.176  3469  3574 V WifiLastResortWatchdog: mRecentAvailableNetworks: 0
12-31 21:42:28.176  3469  3574 V WifiLastResortWatchdog: mSsidFailureCount:
12-31 21:42:28.343  4132  4162 I tvapi   : [AT][null::rl:36]: mapivice == null
12-31 21:42:28.346  3469  3563 D WindowManager: enter interceptKeyBeforeDispatching 1
12-31 21:42:28.346  3469  3563 I WindowManager: cvteInterceptKeyBeforeDispatching Go in event =23
12-31 21:42:28.346  3469  3563 D WindowManager: enter cvteInterceptKeyBeforeDispatching onGlobalKeyEvent
12-31 21:42:28.346  4132  4162 D Evan    : onGlobalKeyEvent keycode=23
12-31 21:42:28.347  4132  4162 D tvapi   : [null::yn:45]: flashLed
12-31 21:42:28.347  4132  4162 I tvapi   : [AT][null::rl:36]: mapivice == null
12-31 21:42:28.349  4132  4162 W ContextImpl: Calling a method in the system process without a qualified user: android.app.ContextImpl.sendBroadcast:1005 android.content.ContextWrapper.sendBroadcast:444 com.cvte.tv.api.customers.b.vg:63 com.cvte.tv.api.TvApiService.apiHandleGlobalKeyEvent:56 com.cvte.tv.api.TvApiManagerService$1.onGlobalKeyEvent:214 
12-31 21:42:28.350  3168  3408 I SystemControlHal: systemCmd mode:echo 3 >/sys/class/panel_led/led_ctrl
12-31 21:42:28.350  3168  3408 I SystemControl: systemCmd: echo 3 >/sys/class/panel_led/led_ctrl
12-31 21:42:28.350  3469  3563 E ActivityManager: Sending non-protected broadcast tv.cloudwalker.ir.REMOTE from system 4132:com.cvte.tv.api.impl/1000 pkg com.cvte.tv.api.impl
12-31 21:42:28.350  3469  3563 E ActivityManager: java.lang.Throwable
12-31 21:42:28.350  3469  3563 E ActivityManager: 	at com.android.server.am.ActivityManagerService.checkBroadcastFromSystem(ActivityManagerService.java:21318)
12-31 21:42:28.350  3469  3563 E ActivityManager: 	at com.android.server.am.ActivityManagerService.broadcastIntentLocked(ActivityManagerService.java:21829)
12-31 21:42:28.350  3469  3563 E ActivityManager: 	at com.android.server.am.ActivityManagerService.broadcastIntent(ActivityManagerService.java:22094)
12-31 21:42:28.350  3469  3563 E ActivityManager: 	at android.app.IActivityManager$Stub.onTransact$broadcastIntent$(IActivityManager.java:10171)
12-31 21:42:28.350  3469  3563 E ActivityManager: 	at android.app.IActivityManager$Stub.onTransact(IActivityManager.java:167)
12-31 21:42:28.350  3469  3563 E ActivityManager: 	at com.android.server.am.ActivityManagerService.onTransact(ActivityManagerService.java:3363)
12-31 21:42:28.350  3469  3563 E ActivityManager: 	at android.os.Binder.execTransact(Binder.java:731)
12-31 21:42:28.350  3469  3563 E ActivityManager: 	at android.os.BinderProxy.transactNative(Native Method)
12-31 21:42:28.350  3469  3563 E ActivityManager: 	at android.os.BinderProxy.transact(Binder.java:1127)
12-31 21:42:28.350  3469  3563 E ActivityManager: 	at com.cvte.tv.hotkey.IHotkeyService$Stub$Proxy.handleKeyEvents(IHotkeyService.java:135)
12-31 21:42:28.350  3469  3563 E ActivityManager: 	at com.android.server.policy.PhoneWindowManager.cvteInterceptKeyBeforeDispatching(PhoneWindowManager.java:9287)
12-31 21:42:28.350  3469  3563 E ActivityManager: 	at com.android.server.policy.PhoneWindowManager.interceptKeyBeforeDispatching(PhoneWindowManager.java:3670)
12-31 21:42:28.350  3469  3563 E ActivityManager: 	at com.android.server.wm.InputMonitor.interceptKeyBeforeDispatching(InputMonitor.java:477)
12-31 21:42:28.350  3469  3563 E ActivityManager: 	at com.android.server.input.InputManagerService.interceptKeyBeforeDispatching(InputManagerService.java:1854)
12-31 21:42:28.356  3469  3563 E ActivityManager: Sending non-protected broadcast tv.cloudwalker.ir.REMOTE from system 4132:com.cvte.tv.api.impl/1000 pkg com.cvte.tv.api.impl
12-31 21:42:28.356  3469  3563 E ActivityManager: java.lang.Throwable
12-31 21:42:28.356  3469  3563 E ActivityManager: 	at com.android.server.am.ActivityManagerService.checkBroadcastFromSystem(ActivityManagerService.java:21318)
12-31 21:42:28.356  3469  3563 E ActivityManager: 	at com.android.server.am.ActivityManagerService.broadcastIntentLocked(ActivityManagerService.java:21952)
12-31 21:42:28.356  3469  3563 E ActivityManager: 	at com.android.server.am.ActivityManagerService.broadcastIntent(ActivityManagerService.java:22094)
12-31 21:42:28.356  3469  3563 E ActivityManager: 	at android.app.IActivityManager$Stub.onTransact$broadcastIntent$(IActivityManager.java:10171)
12-31 21:42:28.356  3469  3563 E ActivityManager: 	at android.app.IActivityManager$Stub.onTransact(IActivityManager.java:167)
12-31 21:42:28.356  3469  3563 E ActivityManager: 	at com.android.server.am.ActivityManagerService.onTransact(ActivityManagerService.java:3363)
12-31 21:42:28.356  3469  3563 E ActivityManager: 	at android.os.Binder.execTransact(Binder.java:731)
12-31 21:42:28.356  3469  3563 E ActivityManager: 	at android.os.BinderProxy.transactNative(Native Method)
12-31 21:42:28.356  3469  3563 E ActivityManager: 	at android.os.BinderProxy.transact(Binder.java:1127)
12-31 21:42:28.356  3469  3563 E ActivityManager: 	at com.cvte.tv.hotkey.IHotkeyService$Stub$Proxy.handleKeyEvents(IHotkeyService.java:135)
12-31 21:42:28.356  3469  3563 E ActivityManager: 	at com.android.server.policy.PhoneWindowManager.cvteInterceptKeyBeforeDispatching(PhoneWindowManager.java:9287)
12-31 21:42:28.356  3469  3563 E ActivityManager: 	at com.android.server.policy.PhoneWindowManager.interceptKeyBeforeDispatching(PhoneWindowManager.java:3670)
12-31 21:42:28.356  3469  3563 E ActivityManager: 	at com.android.server.wm.InputMonitor.interceptKeyBeforeDispatching(InputMonitor.java:477)
12-31 21:42:28.356  3469  3563 E ActivityManager: 	at com.android.server.input.InputManagerService.interceptKeyBeforeDispatching(InputManagerService.java:1854)
12-31 21:42:28.363  4132  4162 I tvapi   : [AT][null::vg:69]: sendBroadcast to Cloudwalker
12-31 21:42:28.364  4132  4162 D tvapi   : [null::eventTvScanAtvIsScanning:22]: isScanning:false
12-31 21:42:28.364  4132  4162 D tvapi   : [null::eventTvScanDtmbIsScanning:22]: eventTvScanDtmbIsScanning bScanning=false
12-31 21:42:28.365  4132  4162 D hotkey  : [null::handleMapKeyEvent:17]: KeyEvent { action=ACTION_DOWN, keyCode=KEYCODE_DPAD_CENTER, scanCode=28, metaState=0, flags=0x8, repeatCount=0, eventTime=757655, downTime=757655, deviceId=3, source=0x301 }
12-31 21:42:28.365  4132  4162 D tvapi   : [null::handle:14]: Send Reset Key
12-31 21:42:28.367  3469  3497 W BroadcastQueue: Background execution not allowed: receiving Intent { act=tv.cloudwalker.ir.REMOTE flg=0x10 (has extras) } to tv.cloudwalker.cwnxt.launcher.com/utils.RemoteIRBdReceiver
12-31 21:42:28.368  4304  4322 D CLog    : [null:4::onTvNotify]: notifySystemSleepTimeTimeRemaining
12-31 21:42:28.368  4304  4322 D CLog    : [null:26::a]: time = -1
12-31 21:42:28.368  4304  4322 D CLog    : [null:0::onTvNotify]: notifySystemSleepTimeTimeRemaining
12-31 21:42:28.369  4132  4162 D tvapi   : [null::eventSystemSleepTimeSetSleepTime:21]:  eventSystemSleepTimeSetSleepTime0
12-31 21:42:28.371  4304  4322 D CLog    : [null:4::onTvNotify]: notifySystemSleepTimeTimeRemaining
12-31 21:42:28.371  4304  4322 D CLog    : [null:26::a]: time = -1
12-31 21:42:28.371  4304  4322 D CLog    : [null:0::onTvNotify]: notifySystemSleepTimeTimeRemaining
12-31 21:42:28.372  4132  4162 D tvapi   : [null::eventSystemSignalLostPowerOffIsEnabled:37]: eventSystemSignalLostPowerOffIsEnabled:true
12-31 21:42:28.372  4132  4162 D tvapi   : [null::handle:21]: keyevent SIGNAL_LOST resetTimer
12-31 21:42:28.372  4132  4162 D tvapi   : [null::cg:30]: enter resetTimer noSignalTimecount = 60
12-31 21:42:28.374  4304  4322 D CLog    : [null:4::onTvNotify]: notifySystemSignalLostPowerOffTimeRemaining
12-31 21:42:28.375  4304  4322 D CLog    : [null:26::a]: time = -1
12-31 21:42:28.375  4304  4322 D CLog    : [null:0::onTvNotify]: notifySystemSignalLostPowerOffTimeRemaining
12-31 21:42:28.375  4132  4162 D tvapi   : [null::cg:80]: reset TimerTask
12-31 21:42:28.376  4132  4162 D tvapi   : [null::cg:137]: Set No Timer Divider === 
12-31 21:42:28.378  4304  4322 D Evan    : handleKeyEvent:23
12-31 21:42:28.378  4304  4322 D CLog    : [null:35::a]: dispatchKeyEvent: 
12-31 21:42:28.378  4304  4322 D CLog    : 	mVolumeView=com.cvte.tv.globalui.view.DbxTvVolumeControllerView{b08f6b9 V.E...... ......I. 0,0-0,0}
12-31 21:42:28.378  4304  4322 D CLog    : 	mVolumeView.isShowing=false
12-31 21:42:28.378  3469  3563 D WindowManager: onGlobalKeyEvent ret = false
12-31 21:42:28.378  3469  3563 D WindowManager: enter interceptKeyBeforeDispatching 3
12-31 21:42:28.470  3168  3408 I SystemControlHal: systemCmd mode:echo 4 >/sys/class/panel_led/led_ctrl
12-31 21:42:28.470  3168  3408 I SystemControl: systemCmd: echo 4 >/sys/class/panel_led/led_ctrl
12-31 21:42:28.556  4132  4162 I tvapi   : [AT][null::rl:36]: mapivice == null
12-31 21:42:28.558  3469  3563 D WindowManager: enter interceptKeyBeforeDispatching 1
12-31 21:42:28.558  3469  3563 I WindowManager: cvteInterceptKeyBeforeDispatching Go in event =23
12-31 21:42:28.558  3469  3563 D WindowManager: enter cvteInterceptKeyBeforeDispatching onGlobalKeyEvent
12-31 21:42:28.559  4132  4163 D Evan    : onGlobalKeyEvent keycode=23
12-31 21:42:28.559  4132  4163 I tvapi   : [AT][null::rl:36]: mapivice == null
12-31 21:42:28.560  4132  4163 W ContextImpl: Calling a method in the system process without a qualified user: android.app.ContextImpl.sendBroadcast:1005 android.content.ContextWrapper.sendBroadcast:444 com.cvte.tv.api.customers.b.vg:63 com.cvte.tv.api.TvApiService.apiHandleGlobalKeyEvent:56 com.cvte.tv.api.TvApiManagerService$1.onGlobalKeyEvent:214 
12-31 21:42:28.562  3469  3563 E ActivityManager: Sending non-protected broadcast tv.cloudwalker.ir.REMOTE from system 4132:com.cvte.tv.api.impl/1000 pkg com.cvte.tv.api.impl
12-31 21:42:28.562  3469  3563 E ActivityManager: java.lang.Throwable
12-31 21:42:28.562  3469  3563 E ActivityManager: 	at com.android.server.am.ActivityManagerService.checkBroadcastFromSystem(ActivityManagerService.java:21318)
12-31 21:42:28.562  3469  3563 E ActivityManager: 	at com.android.server.am.ActivityManagerService.broadcastIntentLocked(ActivityManagerService.java:21829)
12-31 21:42:28.562  3469  3563 E ActivityManager: 	at com.android.server.am.ActivityManagerService.broadcastIntent(ActivityManagerService.java:22094)
12-31 21:42:28.562  3469  3563 E ActivityManager: 	at android.app.IActivityManager$Stub.onTransact$broadcastIntent$(IActivityManager.java:10171)
12-31 21:42:28.562  3469  3563 E ActivityManager: 	at android.app.IActivityManager$Stub.onTransact(IActivityManager.java:167)
12-31 21:42:28.562  3469  3563 E ActivityManager: 	at com.android.server.am.ActivityManagerService.onTransact(ActivityManagerService.java:3363)
12-31 21:42:28.562  3469  3563 E ActivityManager: 	at android.os.Binder.execTransact(Binder.java:731)
12-31 21:42:28.562  3469  3563 E ActivityManager: 	at android.os.BinderProxy.transactNative(Native Method)
12-31 21:42:28.562  3469  3563 E ActivityManager: 	at android.os.BinderProxy.transact(Binder.java:1127)
12-31 21:42:28.562  3469  3563 E ActivityManager: 	at com.cvte.tv.hotkey.IHotkeyService$Stub$Proxy.handleKeyEvents(IHotkeyService.java:135)
12-31 21:42:28.562  3469  3563 E ActivityManager: 	at com.android.server.policy.PhoneWindowManager.cvteInterceptKeyBeforeDispatching(PhoneWindowManager.java:9287)
12-31 21:42:28.562  3469  3563 E ActivityManager: 	at com.android.server.policy.PhoneWindowManager.interceptKeyBeforeDispatching(PhoneWindowManager.java:3670)
12-31 21:42:28.562  3469  3563 E ActivityManager: 	at com.android.server.wm.InputMonitor.interceptKeyBeforeDispatching(InputMonitor.java:477)
12-31 21:42:28.562  3469  3563 E ActivityManager: 	at com.android.server.input.InputManagerService.interceptKeyBeforeDispatching(InputManagerService.java:1854)
12-31 21:42:28.569  3469  3563 E ActivityManager: Sending non-protected broadcast tv.cloudwalker.ir.REMOTE from system 4132:com.cvte.tv.api.impl/1000 pkg com.cvte.tv.api.impl
12-31 21:42:28.569  3469  3563 E ActivityManager: java.lang.Throwable
12-31 21:42:28.569  3469  3563 E ActivityManager: 	at com.android.server.am.ActivityManagerService.checkBroadcastFromSystem(ActivityManagerService.java:21318)
12-31 21:42:28.569  3469  3563 E ActivityManager: 	at com.android.server.am.ActivityManagerService.broadcastIntentLocked(ActivityManagerService.java:21952)
12-31 21:42:28.569  3469  3563 E ActivityManager: 	at com.android.server.am.ActivityManagerService.broadcastIntent(ActivityManagerService.java:22094)
12-31 21:42:28.569  3469  3563 E ActivityManager: 	at android.app.IActivityManager$Stub.onTransact$broadcastIntent$(IActivityManager.java:10171)
12-31 21:42:28.569  3469  3563 E ActivityManager: 	at android.app.IActivityManager$Stub.onTransact(IActivityManager.java:167)
12-31 21:42:28.569  3469  3563 E ActivityManager: 	at com.android.server.am.ActivityManagerService.onTransact(ActivityManagerService.java:3363)
12-31 21:42:28.569  3469  3563 E ActivityManager: 	at android.os.Binder.execTransact(Binder.java:731)
12-31 21:42:28.569  3469  3563 E ActivityManager: 	at android.os.BinderProxy.transactNative(Native Method)
12-31 21:42:28.569  3469  3563 E ActivityManager: 	at android.os.BinderProxy.transact(Binder.java:1127)
12-31 21:42:28.569  3469  3563 E ActivityManager: 	at com.cvte.tv.hotkey.IHotkeyService$Stub$Proxy.handleKeyEvents(IHotkeyService.java:135)
12-31 21:42:28.569  3469  3563 E ActivityManager: 	at com.android.server.policy.PhoneWindowManager.cvteInterceptKeyBeforeDispatching(PhoneWindowManager.java:9287)
12-31 21:42:28.569  3469  3563 E ActivityManager: 	at com.android.server.policy.PhoneWindowManager.interceptKeyBeforeDispatching(PhoneWindowManager.java:3670)
12-31 21:42:28.569  3469  3563 E ActivityManager: 	at com.android.server.wm.InputMonitor.interceptKeyBeforeDispatching(InputMonitor.java:477)
12-31 21:42:28.569  3469  3563 E ActivityManager: 	at com.android.server.input.InputManagerService.interceptKeyBeforeDispatching(InputManagerService.java:1854)
12-31 21:42:28.575  4132  4163 I tvapi   : [AT][null::vg:69]: sendBroadcast to Cloudwalker
12-31 21:42:28.575  4132  4163 D tvapi   : [null::eventTvScanAtvIsScanning:22]: isScanning:false
12-31 21:42:28.575  4132  4163 D tvapi   : [null::eventTvScanDtmbIsScanning:22]: eventTvScanDtmbIsScanning bScanning=false
12-31 21:42:28.577  4132  4163 D hotkey  : [null::handleMapKeyEvent:17]: KeyEvent { action=ACTION_UP, keyCode=KEYCODE_DPAD_CENTER, scanCode=28, metaState=0, flags=0x8, repeatCount=0, eventTime=757868, downTime=757655, deviceId=3, source=0x301 }
12-31 21:42:28.578  4132  4163 D tvapi   : [null::handle:14]: Send Reset Key
12-31 21:42:28.578  3469  3497 W BroadcastQueue: Background execution not allowed: receiving Intent { act=tv.cloudwalker.ir.REMOTE flg=0x10 (has extras) } to tv.cloudwalker.cwnxt.launcher.com/utils.RemoteIRBdReceiver
12-31 21:42:28.580  4304  4322 D CLog    : [null:4::onTvNotify]: notifySystemSleepTimeTimeRemaining
12-31 21:42:28.580  4304  4322 D CLog    : [null:26::a]: time = -1
12-31 21:42:28.581  4304  4322 D CLog    : [null:0::onTvNotify]: notifySystemSleepTimeTimeRemaining
12-31 21:42:28.581  4132  4163 D tvapi   : [null::eventSystemSleepTimeSetSleepTime:21]:  eventSystemSleepTimeSetSleepTime0
12-31 21:42:28.583  4304  4322 D CLog    : [null:4::onTvNotify]: notifySystemSleepTimeTimeRemaining
12-31 21:42:28.584  4304  4322 D CLog    : [null:26::a]: time = -1
12-31 21:42:28.584  4304  4322 D CLog    : [null:0::onTvNotify]: notifySystemSleepTimeTimeRemaining
12-31 21:42:28.584  4132  4163 D tvapi   : [null::eventSystemSignalLostPowerOffIsEnabled:37]: eventSystemSignalLostPowerOffIsEnabled:true
12-31 21:42:28.584  4132  4163 D tvapi   : [null::handle:21]: keyevent SIGNAL_LOST resetTimer
12-31 21:42:28.585  4132  4163 D tvapi   : [null::cg:30]: enter resetTimer noSignalTimecount = 60
12-31 21:42:28.587  4304  4322 D CLog    : [null:4::onTvNotify]: notifySystemSignalLostPowerOffTimeRemaining
12-31 21:42:28.587  4304  4322 D CLog    : [null:26::a]: time = -1
12-31 21:42:28.587  4304  4322 D CLog    : [null:0::onTvNotify]: notifySystemSignalLostPowerOffTimeRemaining
12-31 21:42:28.588  4132  4163 D tvapi   : [null::cg:80]: reset TimerTask
12-31 21:42:28.588  4132  4163 D tvapi   : [null::cg:137]: Set No Timer Divider === 
12-31 21:42:28.590  4304  4322 D Evan    : handleKeyEvent:23
12-31 21:42:28.590  4304  4322 D CLog    : [null:35::a]: dispatchKeyEvent: 
12-31 21:42:28.590  4304  4322 D CLog    : 	mVolumeView=com.cvte.tv.globalui.view.DbxTvVolumeControllerView{b08f6b9 V.E...... ......I. 0,0-0,0}
12-31 21:42:28.590  4304  4322 D CLog    : 	mVolumeView.isShowing=false
12-31 21:42:28.591  3469  3563 D WindowManager: onGlobalKeyEvent ret = false
12-31 21:42:28.591  3469  3563 D WindowManager: enter interceptKeyBeforeDispatching 3
12-31 21:42:28.593  4111  4111 W FlurryAgent: Event count started: open_app
12-31 21:42:28.599  3469  3480 I ActivityManager: START u0 {act=android.intent.action.MAIN cat=[android.intent.category.LAUNCHER] flg=0x10000000 pkg=com.droidlogic.miracast cmp=com.droidlogic.miracast/.WiFiDirectMainActivity} from uid 1000
12-31 21:42:28.617  3469  3480 W ActivityManager: Failed trying to unstop package com.droidlogic.miracast: java.lang.IllegalArgumentException: Unknown package: com.google.android.gms
12-31 21:42:28.653  5120  5120 W ActivityThread: handleWindowVisibility: no activity for token android.os.BinderProxy@206925f
12-31 21:42:28.657  3179  3420 I [Gralloc]: framebuffer hal alread move to hwcomposer
12-31 21:42:28.685  3179  3420 I chatty  : uid=1000(system) HwBinder:3179_2 identical 1 line
12-31 21:42:28.704  3179  3420 I [Gralloc]: framebuffer hal alread move to hwcomposer
12-31 21:42:28.750  5120  5120 D amlWifiDirect: onResume====>
12-31 21:42:28.750  5120  5120 D amlWifiDirect: removeGroup...
12-31 21:42:28.751  3469  3576 D WifiHandler.WifiP2pService: handleMessage Received message=139280d sendingUid=1000
12-31 21:42:28.752  3469  3576 D WifiAsyncChannel.WifiP2pService: replyToMessage replyToMessage recvdMessage=139280 sendingUid=1000 sentMessage=139281
12-31 21:42:28.753  3469  3480 I WifiService: getWifiEnabledState uid=1000
12-31 21:42:28.753  5120  5120 D amlWifiDirect: WIFI enabled
12-31 21:42:28.769  3469  3481 I WifiService: getWifiEnabledState uid=1000
12-31 21:42:28.770  5120  5120 D amlWifiDirect: WIFI enabled
12-31 21:42:28.772  3469  3480 I WifiService: getWifiEnabledState uid=1000
12-31 21:42:28.772  3469  3576 D WifiHandler.WifiP2pService: handleMessage Received message=139323d sendingUid=1000
12-31 21:42:28.772  5120  5120 D amlWifiDirect: WIFI enabled
12-31 21:42:28.772  3469  3576 D SupplicantP2pIfaceHal: entering enableWfd(true)
12-31 21:42:28.774  3960  3960 D wpa_supplicant: WFD: Wi-Fi Display enabled
12-31 21:42:28.774  3960  3960 D wpa_supplicant: WFD: Update WFD IE
12-31 21:42:28.774  3960  3960 D wpa_supplicant: WFD: WFD IE for Beacon - hexdump(len=15): dd 0d 50 6f 9a 0a 00 00 06 00 11 1c 44 00 32
12-31 21:42:28.774  3960  3960 D wpa_supplicant: WFD: WFD IE for (Re)Association Request - hexdump(len=15): dd 0d 50 6f 9a 0a 00 00 06 00 11 1c 44 00 32
12-31 21:42:28.774  3960  3960 D wpa_supplicant: WFD: WFD IE for GO Negotiation - hexdump(len=15): dd 0d 50 6f 9a 0a 00 00 06 00 11 1c 44 00 32
12-31 21:42:28.774  3960  3960 D wpa_supplicant: WFD: WFD IE for Provision Discovery Request - hexdump(len=15): dd 0d 50 6f 9a 0a 00 00 06 00 11 1c 44 00 32
12-31 21:42:28.774  3960  3960 D wpa_supplicant: WFD: WFD IE for Probe Request - hexdump(len=15): dd 0d 50 6f 9a 0a 00 00 06 00 11 1c 44 00 32
12-31 21:42:28.775  3960  3960 D wpa_supplicant: WFD: WFD IE for Probe Response - hexdump(len=15): dd 0d 50 6f 9a 0a 00 00 06 00 11 1c 44 00 32
12-31 21:42:28.775  3960  3960 D wpa_supplicant: WFD: WFD IE for P2P Invitation - hexdump(len=15): dd 0d 50 6f 9a 0a 00 00 06 00 11 1c 44 00 32
12-31 21:42:28.775  3960  3960 D wpa_supplicant: WFD: WFD IE for Provision Discovery Response - hexdump(len=15): dd 0d 50 6f 9a 0a 00 00 06 00 11 1c 44 00 32
12-31 21:42:28.775  3469  3576 D SupplicantP2pIfaceHal: enableWfd(true) completed successfully.
12-31 21:42:28.775  3469  3576 D SupplicantP2pIfaceHal: leaving enableWfd(true)
12-31 21:42:28.775  3469  3576 D SupplicantP2pIfaceHal: entering setWfdDeviceInfo(00111c440032)
12-31 21:42:28.776  3960  3960 D wpa_supplicant: WFD: Set subelement 0
12-31 21:42:28.776  3960  3960 D wpa_supplicant: WFD: Update WFD IE
12-31 21:42:28.776  3960  3960 D wpa_supplicant: WFD: WFD IE for Beacon - hexdump(len=15): dd 0d 50 6f 9a 0a 00 00 06 00 11 1c 44 00 32
12-31 21:42:28.776  3960  3960 D wpa_supplicant: WFD: WFD IE for (Re)Association Request - hexdump(len=15): dd 0d 50 6f 9a 0a 00 00 06 00 11 1c 44 00 32
12-31 21:42:28.776  3960  3960 D wpa_supplicant: WFD: WFD IE for GO Negotiation - hexdump(len=15): dd 0d 50 6f 9a 0a 00 00 06 00 11 1c 44 00 32
12-31 21:42:28.776  3960  3960 D wpa_supplicant: WFD: WFD IE for Provision Discovery Request - hexdump(len=15): dd 0d 50 6f 9a 0a 00 00 06 00 11 1c 44 00 32
12-31 21:42:28.776  3960  3960 D wpa_supplicant: WFD: WFD IE for Probe Request - hexdump(len=15): dd 0d 50 6f 9a 0a 00 00 06 00 11 1c 44 00 32
12-31 21:42:28.776  3960  3960 D wpa_supplicant: WFD: WFD IE for Probe Response - hexdump(len=15): dd 0d 50 6f 9a 0a 00 00 06 00 11 1c 44 00 32
12-31 21:42:28.776  3960  3960 D wpa_supplicant: WFD: WFD IE for P2P Invitation - hexdump(len=15): dd 0d 50 6f 9a 0a 00 00 06 00 11 1c 44 00 32
12-31 21:42:28.776  3960  3960 D wpa_supplicant: WFD: WFD IE for Provision Discovery Response - hexdump(len=15): dd 0d 50 6f 9a 0a 00 00 06 00 11 1c 44 00 32
12-31 21:42:28.777  3469  3576 D SupplicantP2pIfaceHal: setWfdDeviceInfo(00111c440032) completed successfully.
12-31 21:42:28.777  3469  3576 D SupplicantP2pIfaceHal: leaving setWfdDeviceInfo(00111c440032)
12-31 21:42:28.779  3469  3576 D WifiAsyncChannel.WifiP2pService: replyToMessage replyToMessage recvdMessage=139323 sendingUid=1000 sentMessage=139325
12-31 21:42:28.781  5120  5120 D amlWifiDirect: removeGroup Failure
12-31 21:42:28.781  5120  5120 D amlWifiDirect: onReceive action:android.net.wifi.p2p.STATE_CHANGED
12-31 21:42:28.781  5120  5120 D amlWifiDirect: setIsWifiP2pEnabled isWifiP2pEnabled = true
12-31 21:42:28.781  5120  5120 D amlWifiDirect: P2P state changed - 2
12-31 21:42:28.782  5120  5120 D amlWifiDirect: onReceive action:android.net.wifi.p2p.CONNECTION_STATE_CHANGE
12-31 21:42:28.782  5120  5120 D amlWifiDirect: ===================
12-31 21:42:28.782  5120  5120 D amlWifiDirect: Received WIFI_P2P_CONNECTION_CHANGED_ACTION, isConnected:false
12-31 21:42:28.782  5120  5120 D amlWifiDirect: networkInfo=[type: WIFI_P2P[], state: UNKNOWN/IDLE, reason: (unspecified), extra: (none), failover: false, available: true, roaming: false]
12-31 21:42:28.782  5120  5120 D amlWifiDirect: p2pInfo=groupFormed: false isGroupOwner: false groupOwnerAddress: null
12-31 21:42:28.782  5120  5120 D amlWifiDirect: p2pGroup=network: null
12-31 21:42:28.782  5120  5120 D amlWifiDirect:  isGO: false
12-31 21:42:28.782  5120  5120 D amlWifiDirect:  GO: null
12-31 21:42:28.782  5120  5120 D amlWifiDirect:  interface: null
12-31 21:42:28.782  5120  5120 D amlWifiDirect:  networkId: 0
12-31 21:42:28.782  5120  5120 D amlWifiDirect: ===================
12-31 21:42:28.783  5120  5120 D amlWifiDirect: ForceStopScan=false
12-31 21:42:28.783  5120  5120 D amlWifiDirect: startSearch wifiP2pEnabled:true
12-31 21:42:28.783  5120  5120 D amlWifiDirect:  cancelSearchTimer
12-31 21:42:28.783  5120  5120 D amlWifiDirect:  cancel searchAgainRunnable
12-31 21:42:28.783  5120  5120 D amlWifiDirect: WPM.discoverPeers
12-31 21:42:28.783  5120  5120 D amlWifiDirect: java.lang.Throwable
12-31 21:42:28.783  5120  5120 D amlWifiDirect: 	at com.droidlogic.miracast.WiFiDirectMainActivity.startSearch(WiFiDirectMainActivity.java:775)
12-31 21:42:28.783  5120  5120 D amlWifiDirect: 	at com.droidlogic.miracast.WiFiDirectBroadcastReceiver.onReceive(WiFiDirectBroadcastReceiver.java:176)
12-31 21:42:28.783  5120  5120 D amlWifiDirect: 	at android.app.LoadedApk$ReceiverDispatcher$Args.lambda$getRunnable$0(LoadedApk.java:1391)
12-31 21:42:28.783  5120  5120 D amlWifiDirect: 	at android.app.-$$Lambda$LoadedApk$ReceiverDispatcher$Args$_BumDX2UKsnxLVrE6UJsJZkotuA.run(Unknown Source:2)
12-31 21:42:28.783  5120  5120 D amlWifiDirect: 	at android.os.Handler.handleCallback(Handler.java:873)
12-31 21:42:28.783  5120  5120 D amlWifiDirect: 	at android.os.Handler.dispatchMessage(Handler.java:99)
12-31 21:42:28.783  5120  5120 D amlWifiDirect: 	at android.os.Looper.loop(Looper.java:193)
12-31 21:42:28.783  5120  5120 D amlWifiDirect: 	at android.app.ActivityThread.main(ActivityThread.java:6669)
12-31 21:42:28.783  5120  5120 D amlWifiDirect: 	at java.lang.reflect.Method.invoke(Native Method)
12-31 21:42:28.783  5120  5120 D amlWifiDirect: 	at com.android.internal.os.RuntimeInit$MethodAndArgsCaller.run(RuntimeInit.java:493)
12-31 21:42:28.783  5120  5120 D amlWifiDirect: 	at com.android.internal.os.ZygoteInit.main(ZygoteInit.java:858)
12-31 21:42:28.783  5120  5120 D amlWifiDirect: onReceive action:android.net.wifi.p2p.THIS_DEVICE_CHANGED
12-31 21:42:28.783  5120  5120 D amlWifiDirect: WifiP2pManager.WIFI_P2P_THIS_DEVICE_CHANGED_ACTION
12-31 21:42:28.784  3469  3576 D WifiHandler.WifiP2pService: handleMessage Received message=139265d sendingUid=1000
12-31 21:42:28.784  3469  3576 D SupplicantP2pIfaceHal: entering find(120)
12-31 21:42:28.784  5120  5120 E amlWifiDirect: ====setDevice.mDevice.status: 3
12-31 21:42:28.784  5120  5120 D amlWifiDirect: localDevice name:Android_156b, status:3 (0-CONNECTED,3-AVAILABLE)
12-31 21:42:28.784  3960  3960 D wpa_supplicant: P2P: Starting find (type=0)
12-31 21:42:28.784  3960  3960 D wpa_supplicant: P2P: Clear timeout (state=IDLE)
12-31 21:42:28.784  5120  5120 D amlWifiDirect: onReceive action:android.net.wifi.p2p.DISCOVERY_STATE_CHANGE
12-31 21:42:28.784  3960  3960 D wpa_supplicant: wpa_driver_set_ap_wps_p2p_ie: Entry
12-31 21:42:28.784  3960  3960 D wpa_supplicant: P2P: State IDLE -> SEARCH
12-31 21:42:28.784  3960  3960 D wpa_supplicant: WPS: Building WPS IE for Probe Request
12-31 21:42:28.784  3960  3960 D wpa_supplicant: WPS:  * Version (hardcoded 0x10)
12-31 21:42:28.784  3960  3960 D wpa_supplicant: WPS:  * Request Type
12-31 21:42:28.784  3960  3960 D wpa_supplicant: WPS:  * Config Methods (4388)
12-31 21:42:28.784  3960  3960 D wpa_supplicant: WPS:  * UUID-E
12-31 21:42:28.784  3960  3960 D wpa_supplicant: WPS:  * Primary Device Type
12-31 21:42:28.784  5120  5120 D amlWifiDirect:  startSearchTimer 6s
12-31 21:42:28.784  3960  3960 D wpa_supplicant: WPS:  * RF Bands (1)
12-31 21:42:28.784  3960  3960 D wpa_supplicant: WPS:  * Association State
12-31 21:42:28.784  3960  3960 D wpa_supplicant: WPS:  * Configuration Error (0)
12-31 21:42:28.784  3960  3960 D wpa_supplicant: WPS:  * Device Password ID (0)
12-31 21:42:28.784  3960  3960 D wpa_supplicant: WPS:  * Manufacturer
12-31 21:42:28.784  3960  3960 D wpa_supplicant: WPS:  * Model Name
12-31 21:42:28.784  5120  5120 D amlWifiDirect: Discovery state changed: 1 ->1:stop, 2:start
12-31 21:42:28.784  3960  3960 D wpa_supplicant: WPS:  * Model Number
12-31 21:42:28.784  3960  3960 D wpa_supplicant: WPS:  * Device Name
12-31 21:42:28.784  3960  3960 D wpa_supplicant: WPS:  * Version2 (0x20)
12-31 21:42:28.784  3960  3960 D wpa_supplicant: WPS:  * Request to Enroll (1)
12-31 21:42:28.784  3960  3960 D wpa_supplicant: P2P: * P2P IE header
12-31 21:42:28.784  3960  3960 D wpa_supplicant: P2P: * Capability dev=21 group=00
12-31 21:42:28.784  3960  3960 D wpa_supplicant: P2P: * Listen Channel: Regulatory Class 81 Channel 1
12-31 21:42:28.784  3960  3960 D wpa_supplicant: p2p0: Add radio work 'p2p-scan'@0xa950d540
12-31 21:42:28.784  3960  3960 D wpa_supplicant: p2p0: First radio work item in the queue - schedule start immediately
12-31 21:42:28.784  3960  3960 D wpa_supplicant: p2p0: Starting radio work 'p2p-scan'@0xa950d540 after 0.000146 second wait
12-31 21:42:28.784  3960  3960 D wpa_supplicant: p2p0: nl80211: scan request
12-31 21:42:28.784  3960  3960 D wpa_supplicant: nl80211: P2P probe - mask SuppRates
12-31 21:42:28.785  3469  3576 D SupplicantP2pIfaceHal: find(120) completed successfully.
12-31 21:42:28.785  3469  3576 D SupplicantP2pIfaceHal: leaving find(120)
12-31 21:42:28.785  3469  3576 D WifiAsyncChannel.WifiP2pService: replyToMessage replyToMessage recvdMessage=139265 sendingUid=1000 sentMessage=139267
12-31 21:42:28.786  3960  3960 D wpa_supplicant: Scan requested (ret=0) - scan timeout 30 seconds
12-31 21:42:28.786  3960  3960 D wpa_supplicant: P2P: Running p2p_scan
12-31 21:42:28.786  3960  3960 D wpa_supplicant: nl80211: Ignored event (cmd=33) for foreign interface (ifindex 9 wdev 0x0)
12-31 21:42:28.786  3960  3960 D wpa_supplicant: nl80211: Drv Event 33 (NL80211_CMD_TRIGGER_SCAN) received for p2p0
12-31 21:42:28.786  3960  3960 D wpa_supplicant: p2p0: nl80211: Scan trigger
12-31 21:42:28.786  3960  3960 D wpa_supplicant: p2p0: Event SCAN_STARTED (46) received
12-31 21:42:28.786  3960  3960 D wpa_supplicant: p2p0: Own scan request started a scan in 0.000140 seconds
12-31 21:42:28.801  3179  3420 I [Gralloc]: framebuffer hal alread move to hwcomposer
12-31 21:42:28.801  5120  5140 I ConfigStore: android::hardware::configstore::V1_0::ISurfaceFlingerConfigs::hasWideColorDisplay retrieved: 0
12-31 21:42:28.801  5120  5140 I ConfigStore: android::hardware::configstore::V1_0::ISurfaceFlingerConfigs::hasHDRDisplay retrieved: 0
12-31 21:42:28.801  5120  5140 I OpenGLRenderer: Initialized EGL, version 1.4
12-31 21:42:28.801  5120  5140 D OpenGLRenderer: Swap behavior 2
12-31 21:42:28.806  3179  3420 I [Gralloc]: framebuffer hal alread move to hwcomposer
12-31 21:42:28.809  3179  3420 I [Gralloc]: framebuffer hal alread move to hwcomposer
12-31 21:42:28.817  5120  5120 D amlWifiDirect: onReceive action:android.net.wifi.p2p.THIS_DEVICE_CHANGED
12-31 21:42:28.817  5120  5120 D amlWifiDirect: WifiP2pManager.WIFI_P2P_THIS_DEVICE_CHANGED_ACTION
12-31 21:42:28.817  5120  5120 E amlWifiDirect: ====setDevice.mDevice.status: 3
12-31 21:42:28.817  5120  5120 D amlWifiDirect: localDevice name:Android_156b, status:3 (0-CONNECTED,3-AVAILABLE)
12-31 21:42:28.817  5120  5120 D amlWifiDirect: Successfully set WFD info.
12-31 21:42:28.817  5120  5120 D amlWifiDirect: discoverPeers init success
12-31 21:42:28.817  5120  5120 D amlWifiDirect: onReceive action:android.net.wifi.p2p.DISCOVERY_STATE_CHANGE
12-31 21:42:28.817  5120  5120 D amlWifiDirect: Discovery state changed: 2 ->1:stop, 2:start
12-31 21:42:28.817  5120  5140 D mali_winsys: EGLint new_window_surface(egl_winsys_display *, void *, EGLSurface, EGLConfig, egl_winsys_surface **, EGLBoolean) returns 0x3000
12-31 21:42:28.823  3179  3420 I [Gralloc]: framebuffer hal alread move to hwcomposer
12-31 21:42:28.866  3469  3505 I ActivityManager: Displayed com.droidlogic.miracast/.WiFiDirectMainActivity: +211ms
12-31 21:42:28.889  3179  3420 I [Gralloc]: framebuffer hal alread move to hwcomposer
12-31 21:42:29.027  3194  3240 W SurfaceFlinger: Attempting to set client state on removed layer: Splash Screen com.droidlogic.miracast#0
12-31 21:42:29.027  3194  3240 W SurfaceFlinger: Attempting to destroy on removed layer: Splash Screen com.droidlogic.miracast#0
12-31 21:42:29.030  3194  5101 W SurfaceFlinger: Attempting to set client state on removed layer: Surface(name=e5d80db Splash Screen com.droidlogic.miracast)/@0x5c99966 - animation-leash#0
12-31 21:42:29.030  3194  5101 W SurfaceFlinger: Attempting to destroy on removed layer: Surface(name=e5d80db Splash Screen com.droidlogic.miracast)/@0x5c99966 - animation-leash#0
