--------- beginning of main
12-31 21:41:28.125  3960  3960 D wpa_supplicant: RTM_NEWLINK: ifi_index=8 ifname=wlan0 wext ifi_family=0 ifi_flags=0x1003 ([UP])
12-31 21:41:28.125  3469  4299 D WificondControl: Scan result ready event
12-31 21:41:28.125  3960  3960 D wpa_supplicant: nl80211: Drv Event 34 (NL80211_CMD_NEW_SCAN_RESULTS) received for wlan0
12-31 21:41:28.125  3960  3960 D wpa_supplicant: wlan0: nl80211: New scan results available
12-31 21:41:28.125  3960  3960 D wpa_supplicant: nl80211: Scan probed for SSID ''
12-31 21:41:28.126  3960  3960 D wpa_supplicant: nl80211: Scan included frequencies: 2412 2417 2422 2427 2432 2437 2442 2447 2452 2457 2462 2467 2472 2484
12-31 21:41:28.126  3960  3960 D wpa_supplicant: wlan0: Event SCAN_RESULTS (3) received
12-31 21:41:28.129  3960  3960 D wpa_supplicant: nl80211: Received scan results (38 BSSes)
12-31 21:41:28.129  3469  3503 V WifiNative: Interface status unchanged on Iface:{Name=wlan0,Id=0,Type=STA} from true, Ignoring...
12-31 21:41:28.130  3960  3960 D wpa_supplicant: wlan0: BSS: Start scan result update 232
12-31 21:41:28.130  3469  3503 I EthernetTracker: interfaceLinkStateChanged, iface: wlan0, up: false
12-31 21:41:28.130  3960  3960 D wpa_supplicant: wlan0: BSS: Add new id 338 BSSID d0:ef:c1:cc:fb:41 SSID '\x00' freq 2427
12-31 21:41:28.130  3960  3960 D wpa_supplicant: wlan0: BSS: Do not update scan IEs for 36:f6:4b:6b:90:0e since that would remove P2P IE information
12-31 21:41:28.130  3960  3960 D wpa_supplicant: wlan0: BSS: Add new id 339 BSSID b8:f8:83:6a:84:9d SSID 'TP-LINK_849D' freq 2412
12-31 21:41:28.130  3960  3960 D wpa_supplicant: wlan0: BSS: Add new id 340 BSSID 54:a7:03:ad:01:39 SSID 'static' freq 2462
12-31 21:41:28.131  3960  3960 D wpa_supplicant: wlan0: BSS: Add new id 341 BSSID 78:44:fd:08:56:b8 SSID 'uk' freq 2437
12-31 21:41:28.131  3960  3960 D wpa_supplicant: wlan0: BSS: Remove id 333 BSSID f8:98:ef:10:ac:21 SSID '\x00' due to no match in scan
12-31 21:41:28.131  3960  3960 D wpa_supplicant: wlan0: BSS: Remove id 323 BSSID 02:e1:8c:dd:e4:bf SSID 'Alan's T470P' due to no match in scan
12-31 21:41:28.131  3960  3960 D wpa_supplicant: wlan0: BSS: Remove id 334 BSSID c0:8a:cd:ed:68:5c SSID 'LED-AIO-7E7E-2.4G' due to no match in scan
12-31 21:41:28.131  3960  3960 D wpa_supplicant: BSS: last_scan_res_used=38/64
12-31 21:41:28.131  3960  3960 D wpa_supplicant: wlan0: New scan results available (own=0 ext=1)
12-31 21:41:28.131  3960  3960 D wpa_supplicant: wlan0: Do not use results from externally requested scan operation for network selection
12-31 21:41:28.131  3960  3960 D wpa_supplicant: p2p0: Updating scan results from sibling
12-31 21:41:28.133  3960  3960 D wpa_supplicant: nl80211: Received scan results (38 BSSes)
12-31 21:41:28.133  3960  3960 D wpa_supplicant: p2p0: BSS: Start scan result update 232
12-31 21:41:28.134  3960  3960 D wpa_supplicant: p2p0: BSS: Add new id 339 BSSID d0:ef:c1:cc:fb:41 SSID '\x00' freq 2427
12-31 21:41:28.134  3960  3960 D wpa_supplicant: p2p0: BSS: Do not update scan IEs for 36:f6:4b:6b:90:0e since that would remove P2P IE information
12-31 21:41:28.134  3960  3960 D wpa_supplicant: p2p0: BSS: Add new id 340 BSSID b8:f8:83:6a:84:9d SSID 'TP-LINK_849D' freq 2412
12-31 21:41:28.134  3960  3960 D wpa_supplicant: p2p0: BSS: Add new id 341 BSSID 54:a7:03:ad:01:39 SSID 'static' freq 2462
12-31 21:41:28.134  3960  3960 D wpa_supplicant: p2p0: BSS: Add new id 342 BSSID 78:44:fd:08:56:b8 SSID 'uk' freq 2437
12-31 21:41:28.134  3960  3960 D wpa_supplicant: p2p0: BSS: Remove id 334 BSSID f8:98:ef:10:ac:21 SSID '\x00' due to no match in scan
12-31 21:41:28.134  3960  3960 D wpa_supplicant: p2p0: BSS: Remove id 324 BSSID 02:e1:8c:dd:e4:bf SSID 'Alan's T470P' due to no match in scan
12-31 21:41:28.134  3960  3960 D wpa_supplicant: p2p0: BSS: Remove id 335 BSSID c0:8a:cd:ed:68:5c SSID 'LED-AIO-7E7E-2.4G' due to no match in scan
12-31 21:41:28.135  3960  3960 D wpa_supplicant: BSS: last_scan_res_used=38/64
12-31 21:41:28.135  3960  3960 D wpa_supplicant: p2p0: New scan results available (own=0 ext=1)
12-31 21:41:28.135  3960  3960 D wpa_supplicant: p2p0: Do not use results from externally requested scan operation for network selection
12-31 21:41:28.146  3469  3575 D WificondControl: get 38 scan results from wificond
12-31 21:41:28.147  3469  3575 D WifiAsyncChannel.WifiScanningService: sendMessage sendMessage message=159764
12-31 21:41:28.175  3469  3575 I chatty  : uid=1000(system) WifiScanningSer identical 74 lines
12-31 21:41:28.175  3469  3575 D WifiAsyncChannel.WifiScanningService: sendMessage sendMessage message=159764
12-31 21:41:28.175  3469  3575 D WifiAsyncChannel.WifiScanningService: sendMessage sendMessage message=159749
12-31 21:41:28.175  3469  3575 D WifiAsyncChannel.WifiScanningService: sendMessage sendMessage message=159767
12-31 21:41:28.176  3469  3575 D WifiAsyncChannel.WifiScanningService: sendMessage sendMessage message=159749
12-31 21:41:28.176  3469  3574 D WifiStateMachine: Supplicant is under steady state: DISCONNECTED
12-31 21:41:28.177  3469  3574 V WifiConfigManager: Clear network candidate scan result for 0
12-31 21:41:28.178  3469  3574 V WifiLastResortWatchdog: updateAvailableNetworks: size = 0
12-31 21:41:28.178  3469  3574 V WifiLastResortWatchdog: mWatchdogAllowedToTrigger: true
12-31 21:41:28.178  3469  3574 V WifiLastResortWatchdog: mWifiIsConnected: false
12-31 21:41:28.178  3469  3574 V WifiLastResortWatchdog: mRecentAvailableNetworks: 0
12-31 21:41:28.178  3469  3574 V WifiLastResortWatchdog: mSsidFailureCount:
12-31 21:41:30.097  3469  3575 D WifiHandler.WifiScanningService: handleMessage Received message=159765d sendingUid=1000
12-31 21:41:30.098  3469  3575 D WifiScanningService: replySucceeded replySucceeded recvdMessage=159765
12-31 21:41:30.112  3960  3960 D wpa_supplicant: nl80211: Drv Event 33 (NL80211_CMD_TRIGGER_SCAN) received for wlan0
12-31 21:41:30.112  3960  3960 D wpa_supplicant: wlan0: nl80211: Scan trigger
12-31 21:41:30.113  3960  3960 D wpa_supplicant: wlan0: Event SCAN_STARTED (46) received
12-31 21:41:30.113  3960  3960 D wpa_supplicant: wlan0: External program started a scan
12-31 21:41:31.119  3960  3960 D wpa_supplicant: RTM_NEWLINK: ifi_index=8 ifname=wlan0 wext ifi_family=0 ifi_flags=0x1003 ([UP])
12-31 21:41:31.120  3469  4299 D WificondControl: Scan result ready event
12-31 21:41:31.120  3960  3960 D wpa_supplicant: nl80211: Drv Event 34 (NL80211_CMD_NEW_SCAN_RESULTS) received for wlan0
12-31 21:41:31.120  3960  3960 D wpa_supplicant: wlan0: nl80211: New scan results available
12-31 21:41:31.120  3960  3960 D wpa_supplicant: nl80211: Scan probed for SSID ''
12-31 21:41:31.120  3960  3960 D wpa_supplicant: nl80211: Scan included frequencies: 2412 2417 2422 2427 2432 2437 2442 2447 2452 2457 2462 2467 2472 2484
12-31 21:41:31.120  3960  3960 D wpa_supplicant: wlan0: Event SCAN_RESULTS (3) received
12-31 21:41:31.128  3960  3960 D wpa_supplicant: nl80211: Received scan results (41 BSSes)
12-31 21:41:31.129  3960  3960 D wpa_supplicant: wlan0: BSS: Start scan result update 233
12-31 21:41:31.130  3960  3960 D wpa_supplicant: wlan0: BSS: Do not update scan IEs for 36:f6:4b:6b:90:0e since that would remove P2P IE information
12-31 21:41:31.130  3960  3960 D wpa_supplicant: wlan0: BSS: Add new id 342 BSSID 70:af:6a:28:ac:a7 SSID 'Terry_FHJ' freq 2412
12-31 21:41:31.130  3960  3960 D wpa_supplicant: wlan0: BSS: Add new id 343 BSSID 1c:5f:2b:71:3a:2d SSID '\x00\x00\x00\x00\x00\x00\x00\x00\x00' freq 2462
12-31 21:41:31.132  3469  3503 V WifiNative: Interface status unchanged on Iface:{Name=wlan0,Id=0,Type=STA} from true, Ignoring...
12-31 21:41:31.133  3469  3503 I EthernetTracker: interfaceLinkStateChanged, iface: wlan0, up: false
12-31 21:41:31.136  3960  3960 D wpa_supplicant: wlan0: BSS: Add new id 344 BSSID 02:e1:8c:dd:e4:bf SSID 'Alan's T470P' freq 2412
12-31 21:41:31.137  3960  3960 D wpa_supplicant: BSS: last_scan_res_used=41/64
12-31 21:41:31.137  3960  3960 D wpa_supplicant: wlan0: New scan results available (own=0 ext=1)
12-31 21:41:31.137  3960  3960 D wpa_supplicant: wlan0: Do not use results from externally requested scan operation for network selection
12-31 21:41:31.138  3960  3960 D wpa_supplicant: p2p0: Updating scan results from sibling
12-31 21:41:31.141  3960  3960 D wpa_supplicant: nl80211: Received scan results (41 BSSes)
12-31 21:41:31.144  3960  3960 D wpa_supplicant: p2p0: BSS: Start scan result update 233
12-31 21:41:31.144  3960  3960 D wpa_supplicant: p2p0: BSS: Do not update scan IEs for 36:f6:4b:6b:90:0e since that would remove P2P IE information
12-31 21:41:31.144  3960  3960 D wpa_supplicant: p2p0: BSS: Add new id 343 BSSID 70:af:6a:28:ac:a7 SSID 'Terry_FHJ' freq 2412
12-31 21:41:31.144  3960  3960 D wpa_supplicant: p2p0: BSS: Add new id 344 BSSID 1c:5f:2b:71:3a:2d SSID '\x00\x00\x00\x00\x00\x00\x00\x00\x00' freq 2462
12-31 21:41:31.144  3960  3960 D wpa_supplicant: p2p0: BSS: Add new id 345 BSSID 02:e1:8c:dd:e4:bf SSID 'Alan's T470P' freq 2412
12-31 21:41:31.144  3960  3960 D wpa_supplicant: BSS: last_scan_res_used=41/64
12-31 21:41:31.144  3960  3960 D wpa_supplicant: p2p0: New scan results available (own=0 ext=1)
12-31 21:41:31.144  3960  3960 D wpa_supplicant: p2p0: Do not use results from externally requested scan operation for network selection
12-31 21:41:31.149  3469  3575 D WificondControl: get 41 scan results from wificond
12-31 21:41:31.149  3469  3575 D WifiAsyncChannel.WifiScanningService: sendMessage sendMessage message=159764
12-31 21:41:31.170  3469  3575 I chatty  : uid=1000(system) WifiScanningSer identical 80 lines
12-31 21:41:31.170  3469  3575 D WifiAsyncChannel.WifiScanningService: sendMessage sendMessage message=159764
12-31 21:41:31.171  3469  3575 D WifiAsyncChannel.WifiScanningService: sendMessage sendMessage message=159749
12-31 21:41:31.171  3469  3575 D WifiAsyncChannel.WifiScanningService: sendMessage sendMessage message=159767
12-31 21:41:31.171  3469  3575 D WifiAsyncChannel.WifiScanningService: sendMessage sendMessage message=159749
12-31 21:41:31.172  3469  3574 D WifiStateMachine: Supplicant is under steady state: DISCONNECTED
12-31 21:41:31.172  3469  3574 V WifiConfigManager: Clear network candidate scan result for 0
12-31 21:41:31.173  3469  3574 V WifiLastResortWatchdog: updateAvailableNetworks: size = 0
12-31 21:41:31.173  3469  3574 V WifiLastResortWatchdog: mWatchdogAllowedToTrigger: true
12-31 21:41:31.173  3469  3574 V WifiLastResortWatchdog: mWifiIsConnected: false
12-31 21:41:31.173  3469  3574 V WifiLastResortWatchdog: mRecentAvailableNetworks: 0
12-31 21:41:31.173  3469  3574 V WifiLastResortWatchdog: mSsidFailureCount:
12-31 21:41:33.098  3469  3575 D WifiHandler.WifiScanningService: handleMessage Received message=159765d sendingUid=1000
12-31 21:41:33.100  3469  3575 D WifiScanningService: replySucceeded replySucceeded recvdMessage=159765
12-31 21:41:33.124  3960  3960 D wpa_supplicant: nl80211: Drv Event 33 (NL80211_CMD_TRIGGER_SCAN) received for wlan0
12-31 21:41:33.124  3960  3960 D wpa_supplicant: wlan0: nl80211: Scan trigger
12-31 21:41:33.124  3960  3960 D wpa_supplicant: wlan0: Event SCAN_STARTED (46) received
12-31 21:41:33.124  3960  3960 D wpa_supplicant: wlan0: External program started a scan
12-31 21:41:34.144  3960  3960 D wpa_supplicant: RTM_NEWLINK: ifi_index=8 ifname=wlan0 wext ifi_family=0 ifi_flags=0x1003 ([UP])
12-31 21:41:34.144  3960  3960 D wpa_supplicant: nl80211: Drv Event 34 (NL80211_CMD_NEW_SCAN_RESULTS) received for wlan0
12-31 21:41:34.145  3960  3960 D wpa_supplicant: wlan0: nl80211: New scan results available
12-31 21:41:34.145  3960  3960 D wpa_supplicant: nl80211: Scan probed for SSID ''
12-31 21:41:34.145  3960  3960 D wpa_supplicant: nl80211: Scan included frequencies: 2412 2417 2422 2427 2432 2437 2442 2447 2452 2457 2462 2467 2472 2484
12-31 21:41:34.145  3960  3960 D wpa_supplicant: wlan0: Event SCAN_RESULTS (3) received
12-31 21:41:34.148  3469  3503 V WifiNative: Interface status unchanged on Iface:{Name=wlan0,Id=0,Type=STA} from true, Ignoring...
12-31 21:41:34.149  3469  3503 I EthernetTracker: interfaceLinkStateChanged, iface: wlan0, up: false
12-31 21:41:34.149  3960  3960 D wpa_supplicant: nl80211: Received scan results (39 BSSes)
12-31 21:41:34.151  3469  4299 D WificondControl: Scan result ready event
12-31 21:41:34.158  3960  3960 D wpa_supplicant: wlan0: BSS: Start scan result update 234
12-31 21:41:34.159  3960  3960 D wpa_supplicant: wlan0: BSS: Do not update scan IEs for 36:f6:4b:6b:90:0e since that would remove P2P IE information
12-31 21:41:34.159  3960  3960 D wpa_supplicant: wlan0: BSS: Add new id 345 BSSID 06:05:a5:65:ca:10 SSID 'TP-LINK_2.4Hz_F3-TEST' freq 2437
12-31 21:41:34.159  3960  3960 D wpa_supplicant: wlan0: BSS: Remove id 335 BSSID c0:ff:d4:97:66:6c SSID 'ExpressVPN' due to no match in scan
12-31 21:41:34.160  3960  3960 D wpa_supplicant: BSS: last_scan_res_used=39/64
12-31 21:41:34.160  3960  3960 D wpa_supplicant: wlan0: New scan results available (own=0 ext=1)
12-31 21:41:34.160  3960  3960 D wpa_supplicant: wlan0: Do not use results from externally requested scan operation for network selection
12-31 21:41:34.160  3960  3960 D wpa_supplicant: p2p0: Updating scan results from sibling
12-31 21:41:34.163  3960  3960 D wpa_supplicant: nl80211: Received scan results (39 BSSes)
12-31 21:41:34.163  3960  3960 D wpa_supplicant: p2p0: BSS: Start scan result update 234
12-31 21:41:34.163  3960  3960 D wpa_supplicant: p2p0: BSS: Do not update scan IEs for 36:f6:4b:6b:90:0e since that would remove P2P IE information
12-31 21:41:34.164  3960  3960 D wpa_supplicant: p2p0: BSS: Add new id 346 BSSID 06:05:a5:65:ca:10 SSID 'TP-LINK_2.4Hz_F3-TEST' freq 2437
12-31 21:41:34.164  3960  3960 D wpa_supplicant: p2p0: BSS: Remove id 336 BSSID c0:ff:d4:97:66:6c SSID 'ExpressVPN' due to no match in scan
12-31 21:41:34.164  3960  3960 D wpa_supplicant: BSS: last_scan_res_used=39/64
12-31 21:41:34.164  3960  3960 D wpa_supplicant: p2p0: New scan results available (own=0 ext=1)
12-31 21:41:34.164  3960  3960 D wpa_supplicant: p2p0: Do not use results from externally requested scan operation for network selection
12-31 21:41:34.174  3469  3575 D WificondControl: get 39 scan results from wificond
12-31 21:41:34.175  3469  3575 D WifiAsyncChannel.WifiScanningService: sendMessage sendMessage message=159764
12-31 21:41:34.195  3469  3575 I chatty  : uid=1000(system) WifiScanningSer identical 76 lines
12-31 21:41:34.195  3469  3575 D WifiAsyncChannel.WifiScanningService: sendMessage sendMessage message=159764
12-31 21:41:34.195  3469  3575 D WifiAsyncChannel.WifiScanningService: sendMessage sendMessage message=159749
12-31 21:41:34.195  3469  3575 D WifiAsyncChannel.WifiScanningService: sendMessage sendMessage message=159767
12-31 21:41:34.196  3469  3575 D WifiAsyncChannel.WifiScanningService: sendMessage sendMessage message=159749
12-31 21:41:34.197  3469  3574 D WifiStateMachine: Supplicant is under steady state: DISCONNECTED
12-31 21:41:34.197  3469  3574 V WifiConfigManager: Clear network candidate scan result for 0
12-31 21:41:34.198  3469  3574 V WifiLastResortWatchdog: updateAvailableNetworks: size = 0
12-31 21:41:34.198  3469  3574 V WifiLastResortWatchdog: mWatchdogAllowedToTrigger: true
12-31 21:41:34.198  3469  3574 V WifiLastResortWatchdog: mWifiIsConnected: false
12-31 21:41:34.198  3469  3574 V WifiLastResortWatchdog: mRecentAvailableNetworks: 0
12-31 21:41:34.198  3469  3574 V WifiLastResortWatchdog: mSsidFailureCount:
12-31 21:41:36.100  3469  3575 D WifiHandler.WifiScanningService: handleMessage Received message=159765d sendingUid=1000
12-31 21:41:36.100  3469  3575 D WifiScanningService: replySucceeded replySucceeded recvdMessage=159765
12-31 21:41:36.115  3960  3960 D wpa_supplicant: nl80211: Drv Event 33 (NL80211_CMD_TRIGGER_SCAN) received for wlan0
12-31 21:41:36.115  3960  3960 D wpa_supplicant: wlan0: nl80211: Scan trigger
12-31 21:41:36.115  3960  3960 D wpa_supplicant: wlan0: Event SCAN_STARTED (46) received
12-31 21:41:36.115  3960  3960 D wpa_supplicant: wlan0: External program started a scan
12-31 21:41:36.147  3960  3960 D wpa_supplicant: wlan0: Control interface command 'SCAN'
12-31 21:41:36.147  3960  3960 D wpa_supplicant: wlan0: Setting scan request: 0.000000 sec
12-31 21:41:36.147  3960  3960 D wpa_supplicant: wlan0: State: DISCONNECTED -> SCANNING
12-31 21:41:36.147  3960  3960 D wpa_supplicant: Notifying state change event to hidl control: 3
12-31 21:41:36.148  3960  3960 D wpa_supplicant: wlan0: Determining shared radio frequencies (max len 1)
12-31 21:41:36.148  3960  3960 D wpa_supplicant: wlan0: Shared frequencies (len=0): completed iteration
12-31 21:41:36.148  3960  3960 D wpa_supplicant: P2P: Add operating class 81
12-31 21:41:36.148  3960  3960 D wpa_supplicant: P2P: Channels - hexdump(len=13): 01 02 03 04 05 06 07 08 09 0a 0b 0c 0d
12-31 21:41:36.148  3960  3960 D wpa_supplicant: P2P: Update channel list
12-31 21:41:36.148  3960  3960 D wpa_supplicant: P2P: channels: 81:1,2,3,4,5,6,7,8,9,10,11,12,13
12-31 21:41:36.148  3960  3960 D wpa_supplicant: P2P: cli_channels:
12-31 21:41:36.148  3960  3960 D wpa_supplicant: wlan0: Starting AP scan for wildcard SSID
12-31 21:41:36.148  3960  3960 D wpa_supplicant: wlan0: Add radio work 'scan'@0xa950d540
12-31 21:41:36.148  3960  3960 D wpa_supplicant: wlan0: First radio work item in the queue - schedule start immediately
12-31 21:41:36.148  3960  3960 D wpa_supplicant: Delay radio work start until externally triggered scan completes
12-31 21:41:36.153  3469  3589 D SupplicantStaIfaceHal: ISupplicantStaIfaceCallback.onStateChanged received
12-31 21:41:36.158  3469  3574 D WifiStateMachine:  DisconnectedState !SUPPLICANT_STATE_CHANGE_EVENT rt=705471/705471 0 0 SSID:  BSSID: 00:00:00:00:00:00 nid: -1 state: SCANNING
12-31 21:41:36.159  3469  3574 D WifiStateMachine: SUPPLICANT_STATE_CHANGE_EVENT state=SCANNING -> state= SCANNING
12-31 21:41:36.159  3469  3574 D WifiStateMachine: setDetailed state, old =DISCONNECTED and new state=SCANNING hidden=false
--------- beginning of system
12-31 21:41:36.160  3469  3497 W BroadcastQueue: Background execution not allowed: receiving Intent { act=android.net.wifi.STATE_CHANGE flg=0x4000010 (has extras) } to com.cvte.tv.ucservice/.receiver.NetworkReceiver
12-31 21:41:36.160  3469  3574 D WifiStateMachine:  ConnectModeState !SUPPLICANT_STATE_CHANGE_EVENT rt=705473/705473 0 0 SSID:  BSSID: 00:00:00:00:00:00 nid: -1 state: SCANNING
12-31 21:41:36.164  3469  3574 D SupplicantStateTracker: DefaultState{ when=-2ms what=147462 obj= SSID:  BSSID: 00:00:00:00:00:00 nid: -1 state: SCANNING target=com.android.internal.util.StateMachine$SmHandler }
12-31 21:41:36.165  3469  3574 D SupplicantStateTracker: Supplicant state: SCANNING
12-31 21:41:36.166  3469  3574 D SupplicantStateTracker: ScanState
12-31 21:41:37.153  3960  3960 D wpa_supplicant: RTM_NEWLINK: ifi_index=8 ifname=wlan0 wext ifi_family=0 ifi_flags=0x1003 ([UP])
12-31 21:41:37.154  3960  3960 D wpa_supplicant: nl80211: Drv Event 34 (NL80211_CMD_NEW_SCAN_RESULTS) received for wlan0
12-31 21:41:37.154  3960  3960 D wpa_supplicant: wlan0: nl80211: New scan results available
12-31 21:41:37.154  3960  3960 D wpa_supplicant: nl80211: Scan probed for SSID ''
12-31 21:41:37.154  3960  3960 D wpa_supplicant: nl80211: Scan included frequencies: 2412 2417 2422 2427 2432 2437 2442 2447 2452 2457 2462 2467 2472 2484
12-31 21:41:37.154  3960  3960 D wpa_supplicant: wlan0: Event SCAN_RESULTS (3) received
12-31 21:41:37.156  3469  4299 D WificondControl: Scan result ready event
12-31 21:41:37.162  3960  3960 D wpa_supplicant: nl80211: Received scan results (33 BSSes)
12-31 21:41:37.163  3960  3960 D wpa_supplicant: wlan0: BSS: Start scan result update 235
12-31 21:41:37.163  3960  3960 D wpa_supplicant: wlan0: BSS: Do not update scan IEs for 36:f6:4b:6b:90:0e since that would remove P2P IE information
12-31 21:41:37.164  3960  3960 D wpa_supplicant: wlan0: BSS: Add new id 346 BSSID b0:95:8e:c7:a4:5f SSID 'TP-LINK_A45F' freq 2412
12-31 21:41:37.164  3960  3960 D wpa_supplicant: wlan0: BSS: Remove id 312 BSSID 54:a7:03:df:56:b3 SSID 'TP-LINK_56B3' due to no match in scan
12-31 21:41:37.164  3960  3960 D wpa_supplicant: wlan0: BSS: Remove id 336 BSSID f8:98:ef:10:ae:41 SSID '\x00' due to no match in scan
12-31 21:41:37.164  3960  3960 D wpa_supplicant: wlan0: BSS: Remove id 337 BSSID 64:6e:97:36:14:e4 SSID 'TP-LINK_lz' due to no match in scan
12-31 21:41:37.164  3960  3960 D wpa_supplicant: BSS: last_scan_res_used=33/64
12-31 21:41:37.164  3960  3960 D wpa_supplicant: wlan0: New scan results available (own=0 ext=1)
12-31 21:41:37.165  3960  3960 D wpa_supplicant: wlan0: Do not use results from externally requested scan operation for network selection
12-31 21:41:37.165  3960  3960 D wpa_supplicant: p2p0: Updating scan results from sibling
12-31 21:41:37.168  3469  3503 V WifiNative: Interface status unchanged on Iface:{Name=wlan0,Id=0,Type=STA} from true, Ignoring...
12-31 21:41:37.168  3469  3503 I EthernetTracker: interfaceLinkStateChanged, iface: wlan0, up: false
12-31 21:41:37.171  3960  3960 D wpa_supplicant: nl80211: Received scan results (33 BSSes)
12-31 21:41:37.171  3960  3960 D wpa_supplicant: p2p0: BSS: Start scan result update 235
12-31 21:41:37.171  3960  3960 D wpa_supplicant: p2p0: BSS: Do not update scan IEs for 36:f6:4b:6b:90:0e since that would remove P2P IE information
12-31 21:41:37.171  3960  3960 D wpa_supplicant: p2p0: BSS: Add new id 347 BSSID b0:95:8e:c7:a4:5f SSID 'TP-LINK_A45F' freq 2412
12-31 21:41:37.172  3960  3960 D wpa_supplicant: p2p0: BSS: Remove id 313 BSSID 54:a7:03:df:56:b3 SSID 'TP-LINK_56B3' due to no match in scan
12-31 21:41:37.172  3960  3960 D wpa_supplicant: p2p0: BSS: Remove id 337 BSSID f8:98:ef:10:ae:41 SSID '\x00' due to no match in scan
12-31 21:41:37.172  3960  3960 D wpa_supplicant: p2p0: BSS: Remove id 338 BSSID 64:6e:97:36:14:e4 SSID 'TP-LINK_lz' due to no match in scan
12-31 21:41:37.172  3960  3960 D wpa_supplicant: BSS: last_scan_res_used=33/64
12-31 21:41:37.172  3960  3960 D wpa_supplicant: p2p0: New scan results available (own=0 ext=1)
12-31 21:41:37.172  3960  3960 D wpa_supplicant: p2p0: Do not use results from externally requested scan operation for network selection
12-31 21:41:37.172  3960  3960 D wpa_supplicant: wlan0: Starting radio work 'scan'@0xa950d540 after 1.024542 second wait
12-31 21:41:37.172  3960  3960 D wpa_supplicant: wlan0: nl80211: scan request
12-31 21:41:37.173  3960  3960 D wpa_supplicant: Scan requested (ret=0) - scan timeout 30 seconds
12-31 21:41:37.173  3960  3960 D wpa_supplicant: nl80211: Drv Event 33 (NL80211_CMD_TRIGGER_SCAN) received for wlan0
12-31 21:41:37.174  3960  3960 D wpa_supplicant: wlan0: nl80211: Scan trigger
12-31 21:41:37.174  3960  3960 D wpa_supplicant: wlan0: Event SCAN_STARTED (46) received
12-31 21:41:37.174  3960  3960 D wpa_supplicant: wlan0: Own scan request started a scan in 0.000326 seconds
12-31 21:41:37.182  3469  3575 D WificondControl: get 33 scan results from wificond
12-31 21:41:37.183  3469  3575 D WifiAsyncChannel.WifiScanningService: sendMessage sendMessage message=159764
12-31 21:41:37.199  3469  3575 I chatty  : uid=1000(system) WifiScanningSer identical 64 lines
12-31 21:41:37.200  3469  3575 D WifiAsyncChannel.WifiScanningService: sendMessage sendMessage message=159764
12-31 21:41:37.200  3469  3575 D WifiAsyncChannel.WifiScanningService: sendMessage sendMessage message=159749
12-31 21:41:37.200  3469  3575 D WifiAsyncChannel.WifiScanningService: sendMessage sendMessage message=159767
12-31 21:41:37.201  3469  3575 D WifiAsyncChannel.WifiScanningService: sendMessage sendMessage message=159749
12-31 21:41:37.201  3469  3574 D WifiStateMachine: Supplicant is under steady state: SCANNING
12-31 21:41:37.201  3469  3574 V WifiConfigManager: Clear network candidate scan result for 0
12-31 21:41:37.202  3469  3574 V WifiLastResortWatchdog: updateAvailableNetworks: size = 0
12-31 21:41:37.203  3469  3574 V WifiLastResortWatchdog: mWatchdogAllowedToTrigger: true
12-31 21:41:37.203  3469  3574 V WifiLastResortWatchdog: mWifiIsConnected: false
12-31 21:41:37.203  3469  3574 V WifiLastResortWatchdog: mRecentAvailableNetworks: 0
12-31 21:41:37.203  3469  3574 V WifiLastResortWatchdog: mSsidFailureCount:
12-31 21:41:38.225  3960  3960 D wpa_supplicant: RTM_NEWLINK: ifi_index=8 ifname=wlan0 wext ifi_family=0 ifi_flags=0x1003 ([UP])
12-31 21:41:38.225  3960  3960 D wpa_supplicant: nl80211: Drv Event 34 (NL80211_CMD_NEW_SCAN_RESULTS) received for wlan0
12-31 21:41:38.225  3960  3960 D wpa_supplicant: wlan0: nl80211: New scan results available
12-31 21:41:38.225  3960  3960 D wpa_supplicant: nl80211: Scan probed for SSID ''
12-31 21:41:38.226  3960  3960 D wpa_supplicant: nl80211: Scan included frequencies: 2412 2417 2422 2427 2432 2437 2442 2447 2452 2457 2462 2467 2472 2484
12-31 21:41:38.226  3960  3960 D wpa_supplicant: wlan0: Event SCAN_RESULTS (3) received
12-31 21:41:38.226  3960  3960 D wpa_supplicant: wlan0: Scan completed in 1.052125 seconds
12-31 21:41:38.227  3264  3264 I wificond: Received external scan result notification from kernel.
12-31 21:41:38.228  3469  4299 D WificondControl: Scan result ready event
12-31 21:41:38.233  3960  3960 D wpa_supplicant: nl80211: Received scan results (38 BSSes)
12-31 21:41:38.236  3469  3503 V WifiNative: Interface status unchanged on Iface:{Name=wlan0,Id=0,Type=STA} from true, Ignoring...
12-31 21:41:38.237  3469  3503 I EthernetTracker: interfaceLinkStateChanged, iface: wlan0, up: false
12-31 21:41:38.239  3960  3960 D wpa_supplicant: wlan0: BSS: Start scan result update 236
12-31 21:41:38.239  3960  3960 D wpa_supplicant: wlan0: BSS: Add new id 347 BSSID 54:a7:03:df:56:b3 SSID 'TP-LINK_56B3' freq 2462
12-31 21:41:38.240  3960  3960 D wpa_supplicant: wlan0: BSS: Do not update scan IEs for 36:f6:4b:6b:90:0e since that would remove P2P IE information
12-31 21:41:38.240  3960  3960 D wpa_supplicant: wlan0: BSS: Remove id 338 BSSID d0:ef:c1:cc:fb:41 SSID '\x00' due to no match in scan
12-31 21:41:38.240  3960  3960 D wpa_supplicant: wlan0: BSS: Remove id 255 BSSID d4:5d:64:cc:62:a2 SSID 'TSC_OVERSEA_VPN' due to no match in scan
12-31 21:41:38.240  3960  3960 D wpa_supplicant: wlan0: BSS: Remove id 341 BSSID 78:44:fd:08:56:b8 SSID 'uk' due to no match in scan
12-31 21:41:38.241  3960  3960 D wpa_supplicant: BSS: last_scan_res_used=38/64
12-31 21:41:38.241  3960  3960 D wpa_supplicant: wlan0: New scan results available (own=1 ext=0)
12-31 21:41:38.241  3960  3960 D wpa_supplicant: WPS: AP 04:02:1f:55:52:c0 type 0 added
12-31 21:41:38.241  3960  3960 D wpa_supplicant: WPS: AP f2:b4:29:6e:24:d7 type 0 added
12-31 21:41:38.241  3960  3960 D wpa_supplicant: WPS: AP f0:b4:29:5e:24:d7 type 0 added
12-31 21:41:38.241  3960  3960 D wpa_supplicant: WPS: AP 36:f6:4b:6b:90:0e type 0 added
12-31 21:41:38.242  3960  3960 D wpa_supplicant: WPS: AP 3c:37:86:b3:eb:70 type 0 added
12-31 21:41:38.242  3960  3960 D wpa_supplicant: WPS: AP 02:e1:8c:dd:e4:bf type 0 added
12-31 21:41:38.242  3960  3960 D wpa_supplicant: WPS: AP[0] 04:02:1f:55:52:c0 type=0 tries=0 last_attempt=-1 sec ago blacklist=0
12-31 21:41:38.242  3960  3960 D wpa_supplicant: WPS: AP[1] f2:b4:29:6e:24:d7 type=0 tries=0 last_attempt=-1 sec ago blacklist=0
12-31 21:41:38.242  3960  3960 D wpa_supplicant: WPS: AP[2] f0:b4:29:5e:24:d7 type=0 tries=0 last_attempt=-1 sec ago blacklist=0
12-31 21:41:38.242  3960  3960 D wpa_supplicant: WPS: AP[3] 36:f6:4b:6b:90:0e type=0 tries=0 last_attempt=-1 sec ago blacklist=0
12-31 21:41:38.242  3960  3960 D wpa_supplicant: WPS: AP[4] 3c:37:86:b3:eb:70 type=0 tries=0 last_attempt=-1 sec ago blacklist=0
12-31 21:41:38.242  3960  3960 D wpa_supplicant: WPS: AP[5] 02:e1:8c:dd:e4:bf type=0 tries=0 last_attempt=-1 sec ago blacklist=0
12-31 21:41:38.243  3960  3960 D wpa_supplicant: wlan0: Radio work 'scan'@0xa950d540 done in 1.070116 seconds
12-31 21:41:38.243  3960  3960 D wpa_supplicant: wlan0: radio_work_free('scan'@0xa950d540: num_active_works --> 0
12-31 21:41:38.243  3960  3960 D wpa_supplicant: wlan0: No suitable network found
12-31 21:41:38.243  3960  3960 D wpa_supplicant: wlan0: Short-circuit new scan request since there are no enabled networks
12-31 21:41:38.243  3960  3960 D wpa_supplicant: wlan0: State: SCANNING -> INACTIVE
12-31 21:41:38.243  3960  3960 D wpa_supplicant: Notifying state change event to hidl control: 2
12-31 21:41:38.244  3469  3589 D SupplicantStaIfaceHal: ISupplicantStaIfaceCallback.onStateChanged received
12-31 21:41:38.245  3469  3574 D WifiStateMachine:  DisconnectedState !SUPPLICANT_STATE_CHANGE_EVENT rt=707558/707558 0 0 SSID:  BSSID: 00:00:00:00:00:00 nid: -1 state: INACTIVE
12-31 21:41:38.245  3469  3574 D WifiStateMachine: SUPPLICANT_STATE_CHANGE_EVENT state=INACTIVE -> state= IDLE
12-31 21:41:38.245  3469  3574 D WifiStateMachine: setDetailed state, old =SCANNING and new state=IDLE hidden=false
12-31 21:41:38.245  3960  3960 D wpa_supplicant: wlan0: Determining shared radio frequencies (max len 1)
12-31 21:41:38.245  3960  3960 D wpa_supplicant: wlan0: Shared frequencies (len=0): completed iteration
12-31 21:41:38.245  3960  3960 D wpa_supplicant: P2P: Add operating class 81
12-31 21:41:38.245  3960  3960 D wpa_supplicant: P2P: Channels - hexdump(len=13): 01 02 03 04 05 06 07 08 09 0a 0b 0c 0d
12-31 21:41:38.245  3960  3960 D wpa_supplicant: P2P: Update channel list
12-31 21:41:38.245  3960  3960 D wpa_supplicant: P2P: channels: 81:1,2,3,4,5,6,7,8,9,10,11,12,13
12-31 21:41:38.245  3960  3960 D wpa_supplicant: P2P: cli_channels:
12-31 21:41:38.245  3960  3960 D wpa_supplicant: p2p0: Updating scan results from sibling
12-31 21:41:38.246  3469  3497 W BroadcastQueue: Background execution not allowed: receiving Intent { act=android.net.wifi.STATE_CHANGE flg=0x4000010 (has extras) } to com.cvte.tv.ucservice/.receiver.NetworkReceiver
12-31 21:41:38.246  3469  3574 D WifiStateMachine:  ConnectModeState !SUPPLICANT_STATE_CHANGE_EVENT rt=707559/707559 0 0 SSID:  BSSID: 00:00:00:00:00:00 nid: -1 state: INACTIVE
12-31 21:41:38.247  3469  3574 D SupplicantStateTracker: DefaultState{ when=0 what=147462 obj= SSID:  BSSID: 00:00:00:00:00:00 nid: -1 state: INACTIVE target=com.android.internal.util.StateMachine$SmHandler }
12-31 21:41:38.247  3960  3960 D wpa_supplicant: nl80211: Received scan results (38 BSSes)
12-31 21:41:38.247  3960  3960 D wpa_supplicant: p2p0: BSS: Start scan result update 236
12-31 21:41:38.247  3469  3574 D SupplicantStateTracker: Supplicant state: INACTIVE
12-31 21:41:38.247  3960  3960 D wpa_supplicant: p2p0: BSS: Add new id 348 BSSID 54:a7:03:df:56:b3 SSID 'TP-LINK_56B3' freq 2462
12-31 21:41:38.247  3469  3574 D SupplicantStateTracker: InactiveState
12-31 21:41:38.247  3960  3960 D wpa_supplicant: p2p0: BSS: Do not update scan IEs for 36:f6:4b:6b:90:0e since that would remove P2P IE information
12-31 21:41:38.247  3960  3960 D wpa_supplicant: p2p0: BSS: Remove id 339 BSSID d0:ef:c1:cc:fb:41 SSID '\x00' due to no match in scan
12-31 21:41:38.247  3960  3960 D wpa_supplicant: p2p0: BSS: Remove id 256 BSSID d4:5d:64:cc:62:a2 SSID 'TSC_OVERSEA_VPN' due to no match in scan
12-31 21:41:38.247  3960  3960 D wpa_supplicant: p2p0: BSS: Remove id 342 BSSID 78:44:fd:08:56:b8 SSID 'uk' due to no match in scan
12-31 21:41:38.247  3960  3960 D wpa_supplicant: BSS: last_scan_res_used=38/64
12-31 21:41:38.247  3960  3960 D wpa_supplicant: p2p0: New scan results available (own=0 ext=0)
12-31 21:41:38.248  3960  3960 D wpa_supplicant: WPS: AP 04:02:1f:55:52:c0 type 0 added
12-31 21:41:38.248  3960  3960 D wpa_supplicant: WPS: AP f2:b4:29:6e:24:d7 type 0 added
12-31 21:41:38.248  3960  3960 D wpa_supplicant: WPS: AP f0:b4:29:5e:24:d7 type 0 added
12-31 21:41:38.248  3960  3960 D wpa_supplicant: WPS: AP 36:f6:4b:6b:90:0e type 0 added
12-31 21:41:38.248  3960  3960 D wpa_supplicant: WPS: AP 3c:37:86:b3:eb:70 type 0 added
12-31 21:41:38.248  3960  3960 D wpa_supplicant: WPS: AP 02:e1:8c:dd:e4:bf type 0 added
12-31 21:41:38.248  3960  3960 D wpa_supplicant: WPS: AP[0] 04:02:1f:55:52:c0 type=0 tries=0 last_attempt=-1 sec ago blacklist=0
12-31 21:41:38.248  3960  3960 D wpa_supplicant: WPS: AP[1] f2:b4:29:6e:24:d7 type=0 tries=0 last_attempt=-1 sec ago blacklist=0
12-31 21:41:38.248  3960  3960 D wpa_supplicant: WPS: AP[2] f0:b4:29:5e:24:d7 type=0 tries=0 last_attempt=-1 sec ago blacklist=0
12-31 21:41:38.248  3960  3960 D wpa_supplicant: WPS: AP[3] 36:f6:4b:6b:90:0e type=0 tries=0 last_attempt=-1 sec ago blacklist=0
12-31 21:41:38.248  3960  3960 D wpa_supplicant: WPS: AP[4] 3c:37:86:b3:eb:70 type=0 tries=0 last_attempt=-1 sec ago blacklist=0
12-31 21:41:38.248  3960  3960 D wpa_supplicant: WPS: AP[5] 02:e1:8c:dd:e4:bf type=0 tries=0 last_attempt=-1 sec ago blacklist=0
12-31 21:41:38.248  3960  3960 D wpa_supplicant: p2p0: No suitable network found
12-31 21:41:39.101  3469  3575 D WifiHandler.WifiScanningService: handleMessage Received message=159765d sendingUid=1000
12-31 21:41:39.103  3469  3575 D WifiScanningService: replySucceeded replySucceeded recvdMessage=159765
12-31 21:41:39.117  3960  3960 D wpa_supplicant: nl80211: Drv Event 33 (NL80211_CMD_TRIGGER_SCAN) received for wlan0
12-31 21:41:39.117  3960  3960 D wpa_supplicant: wlan0: nl80211: Scan trigger
12-31 21:41:39.117  3960  3960 D wpa_supplicant: wlan0: Event SCAN_STARTED (46) received
12-31 21:41:39.117  3960  3960 D wpa_supplicant: wlan0: External program started a scan
12-31 21:41:40.105  3469  4299 D WificondControl: Scan result ready event
12-31 21:41:40.106  3960  3960 D wpa_supplicant: RTM_NEWLINK: ifi_index=8 ifname=wlan0 wext ifi_family=0 ifi_flags=0x1003 ([UP])
12-31 21:41:40.107  3960  3960 D wpa_supplicant: nl80211: Drv Event 34 (NL80211_CMD_NEW_SCAN_RESULTS) received for wlan0
12-31 21:41:40.107  3960  3960 D wpa_supplicant: wlan0: nl80211: New scan results available
12-31 21:41:40.107  3960  3960 D wpa_supplicant: nl80211: Scan probed for SSID ''
12-31 21:41:40.107  3960  3960 D wpa_supplicant: nl80211: Scan included frequencies: 2412 2417 2422 2427 2432 2437 2442 2447 2452 2457 2462 2467 2472 2484
12-31 21:41:40.107  3960  3960 D wpa_supplicant: wlan0: Event SCAN_RESULTS (3) received
12-31 21:41:40.109  3469  3503 V WifiNative: Interface status unchanged on Iface:{Name=wlan0,Id=0,Type=STA} from true, Ignoring...
12-31 21:41:40.110  3469  3503 I EthernetTracker: interfaceLinkStateChanged, iface: wlan0, up: false
12-31 21:41:40.110  3960  3960 D wpa_supplicant: nl80211: Received scan results (40 BSSes)
12-31 21:41:40.114  3960  3960 D wpa_supplicant: wlan0: BSS: Start scan result update 237
12-31 21:41:40.114  3960  3960 D wpa_supplicant: wlan0: BSS: Add new id 348 BSSID d0:ef:c1:cc:fb:41 SSID '\x00' freq 2427
12-31 21:41:40.115  3960  3960 D wpa_supplicant: wlan0: BSS: Add new id 349 BSSID d4:5d:64:cc:62:a2 SSID 'TSC_OVERSEA_VPN' freq 2462
12-31 21:41:40.115  3960  3960 D wpa_supplicant: wlan0: BSS: Do not update scan IEs for 36:f6:4b:6b:90:0e since that would remove P2P IE information
12-31 21:41:40.115  3960  3960 D wpa_supplicant: BSS: last_scan_res_used=40/64
12-31 21:41:40.115  3960  3960 D wpa_supplicant: wlan0: New scan results available (own=0 ext=1)
12-31 21:41:40.115  3960  3960 D wpa_supplicant: wlan0: Do not use results from externally requested scan operation for network selection
12-31 21:41:40.115  3960  3960 D wpa_supplicant: p2p0: Updating scan results from sibling
12-31 21:41:40.117  3960  3960 D wpa_supplicant: nl80211: Received scan results (40 BSSes)
12-31 21:41:40.117  3960  3960 D wpa_supplicant: p2p0: BSS: Start scan result update 237
12-31 21:41:40.117  3960  3960 D wpa_supplicant: p2p0: BSS: Add new id 349 BSSID d0:ef:c1:cc:fb:41 SSID '\x00' freq 2427
12-31 21:41:40.118  3960  3960 D wpa_supplicant: p2p0: BSS: Add new id 350 BSSID d4:5d:64:cc:62:a2 SSID 'TSC_OVERSEA_VPN' freq 2462
12-31 21:41:40.118  3960  3960 D wpa_supplicant: p2p0: BSS: Do not update scan IEs for 36:f6:4b:6b:90:0e since that would remove P2P IE information
12-31 21:41:40.118  3960  3960 D wpa_supplicant: BSS: last_scan_res_used=40/64
12-31 21:41:40.118  3960  3960 D wpa_supplicant: p2p0: New scan results available (own=0 ext=1)
12-31 21:41:40.118  3960  3960 D wpa_supplicant: p2p0: Do not use results from externally requested scan operation for network selection
12-31 21:41:40.130  3469  3575 D WificondControl: get 40 scan results from wificond
12-31 21:41:40.131  3469  3575 D WifiAsyncChannel.WifiScanningService: sendMessage sendMessage message=159764
12-31 21:41:40.153  3469  3575 I chatty  : uid=1000(system) WifiScanningSer identical 78 lines
12-31 21:41:40.153  3469  3575 D WifiAsyncChannel.WifiScanningService: sendMessage sendMessage message=159764
12-31 21:41:40.154  3469  3575 D WifiAsyncChannel.WifiScanningService: sendMessage sendMessage message=159749
12-31 21:41:40.154  3469  3575 D WifiAsyncChannel.WifiScanningService: sendMessage sendMessage message=159767
12-31 21:41:40.154  3469  3575 D WifiAsyncChannel.WifiScanningService: sendMessage sendMessage message=159749
12-31 21:41:40.155  3469  3574 D WifiStateMachine: Supplicant is under steady state: INACTIVE
12-31 21:41:40.155  3469  3574 V WifiConfigManager: Clear network candidate scan result for 0
12-31 21:41:40.157  3469  3574 V WifiLastResortWatchdog: updateAvailableNetworks: size = 0
12-31 21:41:40.157  3469  3574 V WifiLastResortWatchdog: mWatchdogAllowedToTrigger: true
12-31 21:41:40.157  3469  3574 V WifiLastResortWatchdog: mWifiIsConnected: false
12-31 21:41:40.157  3469  3574 V WifiLastResortWatchdog: mRecentAvailableNetworks: 0
12-31 21:41:40.157  3469  3574 V WifiLastResortWatchdog: mSsidFailureCount:
12-31 21:41:42.102  3469  3575 D WifiHandler.WifiScanningService: handleMessage Received message=159765d sendingUid=1000
12-31 21:41:42.104  3469  3575 D WifiScanningService: replySucceeded replySucceeded recvdMessage=159765
12-31 21:41:42.126  3960  3960 D wpa_supplicant: nl80211: Drv Event 33 (NL80211_CMD_TRIGGER_SCAN) received for wlan0
12-31 21:41:42.126  3960  3960 D wpa_supplicant: wlan0: nl80211: Scan trigger
12-31 21:41:42.126  3960  3960 D wpa_supplicant: wlan0: Event SCAN_STARTED (46) received
12-31 21:41:42.126  3960  3960 D wpa_supplicant: wlan0: External program started a scan
12-31 21:41:43.145  3960  3960 D wpa_supplicant: RTM_NEWLINK: ifi_index=8 ifname=wlan0 wext ifi_family=0 ifi_flags=0x1003 ([UP])
12-31 21:41:43.145  3960  3960 D wpa_supplicant: nl80211: Drv Event 34 (NL80211_CMD_NEW_SCAN_RESULTS) received for wlan0
12-31 21:41:43.145  3960  3960 D wpa_supplicant: wlan0: nl80211: New scan results available
12-31 21:41:43.145  3960  3960 D wpa_supplicant: nl80211: Scan probed for SSID ''
12-31 21:41:43.146  3960  3960 D wpa_supplicant: nl80211: Scan included frequencies: 2412 2417 2422 2427 2432 2437 2442 2447 2452 2457 2462 2467 2472 2484
12-31 21:41:43.146  3960  3960 D wpa_supplicant: wlan0: Event SCAN_RESULTS (3) received
12-31 21:41:43.148  3469  3503 V WifiNative: Interface status unchanged on Iface:{Name=wlan0,Id=0,Type=STA} from true, Ignoring...
12-31 21:41:43.149  3469  3503 I EthernetTracker: interfaceLinkStateChanged, iface: wlan0, up: false
12-31 21:41:43.153  3960  3960 D wpa_supplicant: nl80211: Received scan results (37 BSSes)
12-31 21:41:43.154  3960  3960 D wpa_supplicant: wlan0: BSS: Start scan result update 238
12-31 21:41:43.154  3960  3960 D wpa_supplicant: wlan0: BSS: Do not update scan IEs for 36:f6:4b:6b:90:0e since that would remove P2P IE information
12-31 21:41:43.154  3960  3960 D wpa_supplicant: BSS: last_scan_res_used=37/64
12-31 21:41:43.154  3960  3960 D wpa_supplicant: wlan0: New scan results available (own=0 ext=1)
12-31 21:41:43.155  3960  3960 D wpa_supplicant: wlan0: Do not use results from externally requested scan operation for network selection
12-31 21:41:43.155  3960  3960 D wpa_supplicant: p2p0: Updating scan results from sibling
12-31 21:41:43.158  3960  3960 D wpa_supplicant: nl80211: Received scan results (37 BSSes)
12-31 21:41:43.161  3469  4299 D WificondControl: Scan result ready event
12-31 21:41:43.173  3469  3575 D WificondControl: get 37 scan results from wificond
12-31 21:41:43.174  3469  3575 D WifiAsyncChannel.WifiScanningService: sendMessage sendMessage message=159764
12-31 21:41:43.178  3469  3575 I chatty  : uid=1000(system) WifiScanningSer identical 16 lines
12-31 21:41:43.178  3469  3575 D WifiAsyncChannel.WifiScanningService: sendMessage sendMessage message=159764
12-31 21:41:43.178  3960  3960 D wpa_supplicant: p2p0: BSS: Start scan result update 238
12-31 21:41:43.179  3960  3960 D wpa_supplicant: p2p0: BSS: Do not update scan IEs for 36:f6:4b:6b:90:0e since that would remove P2P IE information
12-31 21:41:43.179  3960  3960 D wpa_supplicant: BSS: last_scan_res_used=37/64
12-31 21:41:43.179  3960  3960 D wpa_supplicant: p2p0: New scan results available (own=0 ext=1)
12-31 21:41:43.179  3960  3960 D wpa_supplicant: p2p0: Do not use results from externally requested scan operation for network selection
12-31 21:41:43.180  3469  3575 D WifiAsyncChannel.WifiScanningService: sendMessage sendMessage message=159764
12-31 21:41:43.192  3469  3575 I chatty  : uid=1000(system) WifiScanningSer identical 54 lines
12-31 21:41:43.192  3469  3575 D WifiAsyncChannel.WifiScanningService: sendMessage sendMessage message=159764
12-31 21:41:43.192  3469  3575 D WifiAsyncChannel.WifiScanningService: sendMessage sendMessage message=159749
12-31 21:41:43.193  3469  3575 D WifiAsyncChannel.WifiScanningService: sendMessage sendMessage message=159767
12-31 21:41:43.193  3469  3575 D WifiAsyncChannel.WifiScanningService: sendMessage sendMessage message=159749
12-31 21:41:43.193  3469  3574 D WifiStateMachine: Supplicant is under steady state: INACTIVE
12-31 21:41:43.194  3469  3574 V WifiConfigManager: Clear network candidate scan result for 0
12-31 21:41:43.195  3469  3574 V WifiLastResortWatchdog: updateAvailableNetworks: size = 0
12-31 21:41:43.195  3469  3574 V WifiLastResortWatchdog: mWatchdogAllowedToTrigger: true
12-31 21:41:43.195  3469  3574 V WifiLastResortWatchdog: mWifiIsConnected: false
12-31 21:41:43.195  3469  3574 V WifiLastResortWatchdog: mRecentAvailableNetworks: 0
12-31 21:41:43.195  3469  3574 V WifiLastResortWatchdog: mSsidFailureCount:
12-31 21:41:45.036  3960  3960 D wpa_supplicant: wlan0: Control interface command 'LOG_LEVEL DEBUG'
12-31 21:41:45.102  3469  3575 D WifiHandler.WifiScanningService: handleMessage Received message=159765d sendingUid=1000
12-31 21:41:45.102  3469  3575 D WifiScanningService: replySucceeded replySucceeded recvdMessage=159765
12-31 21:41:45.108  3960  3960 D wpa_supplicant: nl80211: Drv Event 33 (NL80211_CMD_TRIGGER_SCAN) received for wlan0
12-31 21:41:45.108  3960  3960 D wpa_supplicant: wlan0: nl80211: Scan trigger
12-31 21:41:45.108  3960  3960 D wpa_supplicant: wlan0: Event SCAN_STARTED (46) received
12-31 21:41:45.108  3960  3960 D wpa_supplicant: wlan0: External program started a scan
12-31 21:41:46.135  3960  3960 D wpa_supplicant: RTM_NEWLINK: ifi_index=8 ifname=wlan0 wext ifi_family=0 ifi_flags=0x1003 ([UP])
12-31 21:41:46.135  3469  4299 D WificondControl: Scan result ready event
12-31 21:41:46.136  3960  3960 D wpa_supplicant: nl80211: Drv Event 34 (NL80211_CMD_NEW_SCAN_RESULTS) received for wlan0
12-31 21:41:46.136  3960  3960 D wpa_supplicant: wlan0: nl80211: New scan results available
12-31 21:41:46.136  3960  3960 D wpa_supplicant: nl80211: Scan probed for SSID ''
12-31 21:41:46.136  3960  3960 D wpa_supplicant: nl80211: Scan included frequencies: 2412 2417 2422 2427 2432 2437 2442 2447 2452 2457 2462 2467 2472 2484
12-31 21:41:46.136  3960  3960 D wpa_supplicant: wlan0: Event SCAN_RESULTS (3) received
12-31 21:41:46.142  3469  3503 V WifiNative: Interface status unchanged on Iface:{Name=wlan0,Id=0,Type=STA} from true, Ignoring...
12-31 21:41:46.142  3960  3960 D wpa_supplicant: nl80211: Received scan results (36 BSSes)
12-31 21:41:46.143  3469  3503 I EthernetTracker: interfaceLinkStateChanged, iface: wlan0, up: false
12-31 21:41:46.143  3960  3960 D wpa_supplicant: wlan0: BSS: Start scan result update 239
12-31 21:41:46.144  3960  3960 D wpa_supplicant: wlan0: BSS: Do not update scan IEs for 36:f6:4b:6b:90:0e since that would remove P2P IE information
12-31 21:41:46.144  3960  3960 D wpa_supplicant: wlan0: BSS: Remove id 346 BSSID b0:95:8e:c7:a4:5f SSID 'TP-LINK_A45F' due to no match in scan
12-31 21:41:46.144  3960  3960 D wpa_supplicant: wlan0: BSS: Remove id 345 BSSID 06:05:a5:65:ca:10 SSID 'TP-LINK_2.4Hz_F3-TEST' due to no match in scan
12-31 21:41:46.144  3960  3960 D wpa_supplicant: BSS: last_scan_res_used=36/64
12-31 21:41:46.144  3960  3960 D wpa_supplicant: wlan0: New scan results available (own=0 ext=1)
12-31 21:41:46.145  3960  3960 D wpa_supplicant: wlan0: Do not use results from externally requested scan operation for network selection
12-31 21:41:46.145  3960  3960 D wpa_supplicant: p2p0: Updating scan results from sibling
12-31 21:41:46.148  3960  3960 D wpa_supplicant: nl80211: Received scan results (36 BSSes)
12-31 21:41:46.149  3960  3960 D wpa_supplicant: p2p0: BSS: Start scan result update 239
12-31 21:41:46.149  3960  3960 D wpa_supplicant: p2p0: BSS: Do not update scan IEs for 36:f6:4b:6b:90:0e since that would remove P2P IE information
12-31 21:41:46.150  3960  3960 D wpa_supplicant: p2p0: BSS: Remove id 347 BSSID b0:95:8e:c7:a4:5f SSID 'TP-LINK_A45F' due to no match in scan
12-31 21:41:46.150  3960  3960 D wpa_supplicant: p2p0: BSS: Remove id 346 BSSID 06:05:a5:65:ca:10 SSID 'TP-LINK_2.4Hz_F3-TEST' due to no match in scan
12-31 21:41:46.150  3960  3960 D wpa_supplicant: BSS: last_scan_res_used=36/64
12-31 21:41:46.150  3960  3960 D wpa_supplicant: p2p0: New scan results available (own=0 ext=1)
12-31 21:41:46.151  3960  3960 D wpa_supplicant: p2p0: Do not use results from externally requested scan operation for network selection
12-31 21:41:46.170  3469  3575 D WificondControl: get 36 scan results from wificond
12-31 21:41:46.171  3469  3575 D WifiAsyncChannel.WifiScanningService: sendMessage sendMessage message=159764
12-31 21:41:46.194  3469  3575 I chatty  : uid=1000(system) WifiScanningSer identical 70 lines
12-31 21:41:46.194  3469  3575 D WifiAsyncChannel.WifiScanningService: sendMessage sendMessage message=159764
12-31 21:41:46.195  3469  3575 D WifiAsyncChannel.WifiScanningService: sendMessage sendMessage message=159749
12-31 21:41:46.195  3469  3575 D WifiAsyncChannel.WifiScanningService: sendMessage sendMessage message=159767
12-31 21:41:46.195  3469  3575 D WifiAsyncChannel.WifiScanningService: sendMessage sendMessage message=159749
12-31 21:41:46.196  3469  3574 D WifiStateMachine: Supplicant is under steady state: INACTIVE
12-31 21:41:46.196  3469  3574 V WifiConfigManager: Clear network candidate scan result for 0
12-31 21:41:46.197  3469  3574 V WifiLastResortWatchdog: updateAvailableNetworks: size = 0
12-31 21:41:46.198  3469  3574 V WifiLastResortWatchdog: mWatchdogAllowedToTrigger: true
12-31 21:41:46.198  3469  3574 V WifiLastResortWatchdog: mWifiIsConnected: false
12-31 21:41:46.198  3469  3574 V WifiLastResortWatchdog: mRecentAvailableNetworks: 0
12-31 21:41:46.198  3469  3574 V WifiLastResortWatchdog: mSsidFailureCount:
12-31 21:41:48.103  3469  3575 D WifiHandler.WifiScanningService: handleMessage Received message=159765d sendingUid=1000
12-31 21:41:48.104  3469  3575 D WifiScanningService: replySucceeded replySucceeded recvdMessage=159765
12-31 21:41:48.118  3960  3960 D wpa_supplicant: nl80211: Drv Event 33 (NL80211_CMD_TRIGGER_SCAN) received for wlan0
12-31 21:41:48.118  3960  3960 D wpa_supplicant: wlan0: nl80211: Scan trigger
12-31 21:41:48.118  3960  3960 D wpa_supplicant: wlan0: Event SCAN_STARTED (46) received
12-31 21:41:48.119  3960  3960 D wpa_supplicant: wlan0: External program started a scan
12-31 21:41:49.117  3960  3960 D wpa_supplicant: RTM_NEWLINK: ifi_index=8 ifname=wlan0 wext ifi_family=0 ifi_flags=0x1003 ([UP])
12-31 21:41:49.118  3960  3960 D wpa_supplicant: nl80211: Drv Event 34 (NL80211_CMD_NEW_SCAN_RESULTS) received for wlan0
12-31 21:41:49.118  3960  3960 D wpa_supplicant: wlan0: nl80211: New scan results available
12-31 21:41:49.118  3960  3960 D wpa_supplicant: nl80211: Scan probed for SSID ''
12-31 21:41:49.118  3960  3960 D wpa_supplicant: nl80211: Scan included frequencies: 2412 2417 2422 2427 2432 2437 2442 2447 2452 2457 2462 2467 2472 2484
12-31 21:41:49.118  3960  3960 D wpa_supplicant: wlan0: Event SCAN_RESULTS (3) received
12-31 21:41:49.120  3469  3503 V WifiNative: Interface status unchanged on Iface:{Name=wlan0,Id=0,Type=STA} from true, Ignoring...
12-31 21:41:49.120  3469  3503 I EthernetTracker: interfaceLinkStateChanged, iface: wlan0, up: false
12-31 21:41:49.122  3960  3960 D wpa_supplicant: nl80211: Received scan results (34 BSSes)
12-31 21:41:49.122  3960  3960 D wpa_supplicant: wlan0: BSS: Start scan result update 240
12-31 21:41:49.122  3960  3960 D wpa_supplicant: wlan0: BSS: Do not update scan IEs for 36:f6:4b:6b:90:0e since that would remove P2P IE information
12-31 21:41:49.123  3960  3960 D wpa_supplicant: wlan0: BSS: Remove id 332 BSSID 9c:a6:15:56:5a:23 SSID '' due to no match in scan
12-31 21:41:49.123  3960  3960 D wpa_supplicant: wlan0: BSS: Remove id 343 BSSID 1c:5f:2b:71:3a:2d SSID '\x00\x00\x00\x00\x00\x00\x00\x00\x00' due to no match in scan
12-31 21:41:49.123  3960  3960 D wpa_supplicant: BSS: last_scan_res_used=34/64
12-31 21:41:49.123  3960  3960 D wpa_supplicant: wlan0: New scan results available (own=0 ext=1)
12-31 21:41:49.123  3960  3960 D wpa_supplicant: wlan0: Do not use results from externally requested scan operation for network selection
12-31 21:41:49.123  3960  3960 D wpa_supplicant: p2p0: Updating scan results from sibling
12-31 21:41:49.124  3960  3960 D wpa_supplicant: nl80211: Received scan results (34 BSSes)
12-31 21:41:49.125  3960  3960 D wpa_supplicant: p2p0: BSS: Start scan result update 240
